******************************************************************************
                  MSP430 Linker PC v21.6.1                     
******************************************************************************
>> Linked Tue Jul  1 23:11:58 2025

OUTPUT FILE NAME:   <DotMatrixClock.out>
ENTRY POINT SYMBOL: "_c_int00_noargs"  address: 0000e92e


MEMORY CONFIGURATION

         name            origin    length      used     unused   attr    fill
----------------------  --------  ---------  --------  --------  ----  --------
  SFR                   00000000   00000010  00000000  00000010  RWIX
  PERIPHERALS_8BIT      00000010   000000f0  00000000  000000f0  RWIX
  PERIPHERALS_16BIT     00000100   00000100  00000000  00000100  RWIX
  RAM                   00000200   00000200  0000019c  00000064  RWIX
  INFOD                 00001000   00000040  00000000  00000040  RWIX
  INFOC                 00001040   00000040  00000000  00000040  RWIX
  INFOB                 00001080   00000040  00000000  00000040  RWIX
  INFOA                 000010c0   00000040  00000000  00000040  RWIX
  FLASH2                0000b000   000000ff  00000000  000000ff  RWIX
  FLASH                 0000c000   00003fde  00002d76  00001268  RWIX
  BSLSIGNATURE          0000ffde   00000002  00000002  00000000  RWIX  ffff 
  INT00                 0000ffe0   00000002  00000002  00000000  RWIX
  INT01                 0000ffe2   00000002  00000000  00000002  RWIX
  INT02                 0000ffe4   00000002  00000002  00000000  RWIX
  INT03                 0000ffe6   00000002  00000002  00000000  RWIX
  INT04                 0000ffe8   00000002  00000000  00000002  RWIX
  INT05                 0000ffea   00000002  00000002  00000000  RWIX
  INT06                 0000ffec   00000002  00000002  00000000  RWIX
  INT07                 0000ffee   00000002  00000002  00000000  RWIX
  INT08                 0000fff0   00000002  00000002  00000000  RWIX
  INT09                 0000fff2   00000002  00000002  00000000  RWIX
  INT10                 0000fff4   00000002  00000002  00000000  RWIX
  INT11                 0000fff6   00000002  00000002  00000000  RWIX
  INT12                 0000fff8   00000002  00000002  00000000  RWIX
  INT13                 0000fffa   00000002  00000002  00000000  RWIX
  INT14                 0000fffc   00000002  00000002  00000000  RWIX
  RESET                 0000fffe   00000002  00000002  00000000  RWIX


SECTION ALLOCATION MAP

 output                                  attributes/
section   page    origin      length       input sections
--------  ----  ----------  ----------   ----------------
.bss       0    00000200    000000f0     UNINITIALIZED
                  00000200    00000096     (.common:_MdmBuffer)
                  00000296    00000032     (.common:_MdmCbDataParsed)
                  000002c8    00000018     (.common:tempData)
                  000002e0    00000004     TW_MAX7219_DotMatrix.obj (.bss)
                  000002e4    00000004     (.common:gAdcValAverager)
                  000002e8    00000004     (.common:temp_integer)
                  000002ec    00000002     (.common:gAmbientLux)
                  000002ee    00000001     TW_MSP430G2xx_ESP_lite.obj (.bss)
                  000002ef    00000001     (.common:gAdcValAverager_count)

.data      0    000002f0    0000005c     UNINITIALIZED
                  000002f0    00000013     main.obj (.data:ReadData)
                  00000303    00000001     --HOLE--
                  00000304    00000010     main.obj (.data:systemIP)
                  00000314    0000000e     TW_MAX7219_DotMatrix.obj (.data:MatrixSetup)
                  00000322    00000008     TW_ADC10.obj (.data)
                  0000032a    00000008     TW_MAX7219_DotMatrix.obj (.data)
                  00000332    00000008     TW_TimerA_v2.obj (.data)
                  0000033a    00000008     TW_MAX7219_DotMatrix.obj (.data:dispx)
                  00000342    00000006     TW_MSP430G2xx_ESP_lite.obj (.data)
                  00000348    00000004     main.obj (.data)

.stack     0    000003b0    00000050     UNINITIALIZED
                  000003b0    00000002     rts430_eabi.lib : boot.c.obj (.stack)
                  000003b2    0000004e     --HOLE--

.text      0    0000c000    00002a5a     
                  0000c000    00000736     rts430_eabi.lib : addd.c.obj (.text:__mspabi_addd)
                  0000c736    00000372     main.obj (.text:ClockTempDisplay)
                  0000caa8    000002c0     rts430_eabi.lib : mpyd.c.obj (.text:__mspabi_mpyd)
                  0000cd68    00000204     main.obj (.text:main)
                  0000cf6c    000001d0     TW_ADC10.obj (.text:InitADC10_new)
                  0000d13c    00000194     TW_MSP430G2xx_ESP_lite.obj (.text:esp_Control_Init)
                  0000d2d0    0000018a     TW_MAX7219_DotMatrix.obj (.text:loopingDisplay)
                  0000d45a    00000172     rts430_eabi.lib : frcmpyd.c.obj (.text:__TI_frcmpyd)
                  0000d5cc    00000132                     : fs_add.asm.obj (.text)
                  0000d6fe    0000011e     TW_MSP430G2xx_ESP_lite.obj (.text:ConfigureEspUART)
                  0000d81c    00000114     rts430_eabi.lib : mult64.asm.obj (.text:__mpyll)
                  0000d930    00000106     TW_MSP430G2xx_ESP_lite.obj (.text:enable_Esp_TCP_Server)
                  0000da36    000000d6     TW_MAX7219_DotMatrix.obj (.text:dotMatrixSendRowWise)
                  0000db0c    000000ca     TW_TimerA_v2.obj (.text:_ElapseTimeCCR0_A0)
                  0000dbd6    000000c6     TW_I2C.obj (.text:ReadFromDS1307MultiBytes)
                  0000dc9c    000000c4     rts430_eabi.lib : fs_mpy.asm.obj (.text)
                  0000dd60    000000b4                     : cvtdf.c.obj (.text:__mspabi_cvtdf)
                  0000de14    000000ac                     : fltlid.c.obj (.text:__mspabi_fltlid)
                  0000dec0    0000009c                     : fs_div.asm.obj (.text)
                  0000df5c    00000098     TW_MSP430G2xx_ESP_lite.obj (.text:check_ESP_Buff_for_TCP_client_data)
                  0000dff4    0000007c     rts430_eabi.lib : copy_decompress_lzss.c.obj (.text:decompress:lzss:__TI_decompress_lzss)
                  0000e070    00000070                     : cvtfd.c.obj (.text:__mspabi_cvtfd)
                  0000e0e0    0000006e     TW_m430g2553_MiscApps.obj (.text:CalibrateDco)
                  0000e14e    00000068     rts430_eabi.lib : fs_toi.asm.obj (.text)
                  0000e1b6    00000062     TW_MAX7219_DotMatrix.obj (.text:sendData)
                  0000e218    0000005c     rts430_eabi.lib : lsr32.asm.obj (.text:l_lsr_const)
                  0000e274    0000005c     TW_MSP430G2xx_ESP_lite.obj (.text:parseEsp01_TCP_Client_Reply)
                  0000e2d0    0000004c     rts430_eabi.lib : lsr16.asm.obj (.text)
                  0000e31c    0000004a                     : asr64.c.obj (.text:__mspabi_srall)
                  0000e366    0000004a     TW_MSP430G2xx_ESP_lite.obj (.text:find_pattern_in_buff)
                  0000e3b0    00000046     TW_I2C.obj (.text:BasicInitUSCI)
                  0000e3f6    00000046     rts430_eabi.lib : lsr64.c.obj (.text:__mspabi_srlll)
                  0000e43c    00000046     TW_MSP430G2xx_ESP_lite.obj (.text:mdmReplySearch)
                  0000e482    00000046     rts430_eabi.lib : fs_tou.asm.obj (.text)
                  0000e4c8    00000044                     : lsl64.c.obj (.text:__mspabi_sllll)
                  0000e50c    00000042                     : autoinit.c.obj (.text:__TI_auto_init_nobinit_nopinit:__TI_auto_init_nobinit_nopinit)
                  0000e54e    00000042     TW_m430g2553_MiscApps.obj (.text:calculate_light_intensity)
                  0000e590    0000003e     rts430_eabi.lib : asr32.asm.obj (.text:l_asr_const)
                  0000e5ce    0000003e                     : lsl32.asm.obj (.text:l_lsl_const)
                  0000e60c    00000038     TW_ADC10.obj (.text:ADC10_ISR)
                  0000e644    00000036     main.obj (.text:initSend_MAX7219)
                  0000e67a    00000036     rts430_eabi.lib : fs_itof.asm.obj (.text)
                  0000e6b0    00000036                     : strstr.c.obj (.text:strstr)
                  0000e6e6    00000034     TW_TimerA_v2.obj (.text:Timer_A)
                  0000e71a    00000032     rts430_eabi.lib : fs_ultof.asm.obj (.text)
                  0000e74c    0000002c                     : asr16.asm.obj (.text)
                  0000e778    0000002c                     : div16s.asm.obj (.text)
                  0000e7a4    0000002c                     : lsl16.asm.obj (.text)
                  0000e7d0    0000002c                     : strncpy.c.obj (.text:strncpy)
                  0000e7fc    00000026     TW_MSP430G2xx_ESP_lite.obj (.text:ClrEspBuff)
                  0000e822    00000026     rts430_eabi.lib : mult32.asm.obj (.text)
                  0000e848    00000024                     : fs_utof.asm.obj (.text)
                  0000e86c    00000022                     : mult1632.asm.obj (.text:__mpyul)
                  0000e88e    00000022                     : memcmp.c.obj (.text:memcmp)
                  0000e8b0    00000020     TW_MSP430G2xx_ESP_lite.obj (.text:FlushEspBuff)
                  0000e8d0    00000020     TW_MSP430G2xx_ESP_lite.obj (.text:USCI0RX_ISR)
                  0000e8f0    00000020     TW_MAX7219_DotMatrix.obj (.text:interDisplayBlanking)
                  0000e910    0000001e     rts430_eabi.lib : mult3264.asm.obj (.text:__mpyull)
                  0000e92e    0000001c                     : boot.c.obj (.text:_c_int00_noargs)
                  0000e94a    0000001c     TW_ADC10.obj (.text:controlConversion)
                  0000e966    00000018     TW_MSP430G2xx_ESP_lite.obj (.text:SendDataToESP)
                  0000e97e    00000018     TW_m430g2553_MiscApps.obj (.text:TW_CalcDecFrmTwozComp)
                  0000e996    00000018     main.obj (.text:handleParsedESPData)
                  0000e9ae    00000016     rts430_eabi.lib : div16u.asm.obj (.text)
                  0000e9c4    00000014                     : copy_zero_init.c.obj (.text:decompress:ZI:__TI_zero_init_nomemset:__TI_zero_init_nomemset)
                  0000e9d8    00000014                     : mult16.asm.obj (.text)
                  0000e9ec    00000012                     : copy_decompress_none.c.obj (.text:decompress:none:__TI_decompress_none)
                  0000e9fe    00000012                     : memcpy.c.obj (.text:memcpy)
                  0000ea10    00000010                     : epilog.asm.obj (.text)
                  0000ea20    0000000e                     : strlen.c.obj (.text:strlen)
                  0000ea2e    0000000c                     : fltid.c.obj (.text:__mspabi_fltid)
                  0000ea3a    00000008                     : isr_trap.asm.obj (.text:_isr:__TI_ISR_TRAP)
                  0000ea42    00000006                     : exit.c.obj (.text:abort)
                  0000ea48    00000006     TW_ADC10.obj (.text:register_adc10_callback)
                  0000ea4e    00000006     TW_MSP430G2xx_ESP_lite.obj (.text:register_esp01_callback)
                  0000ea54    00000004     rts430_eabi.lib : pre_init.c.obj (.text:_system_pre_init)
                  0000ea58    00000002                     : startup.c.obj (.text:_system_post_cinit)

.const     0    0000ea5a    000002c0     
                  0000ea5a    00000128     TW_MAX7219_DotMatrix.obj (.const:disp1)
                  0000eb82    000000e2     TW_MSP430G2xx_ESP_lite.obj (.const:.string)
                  0000ec64    00000034     main.obj (.const:$P$T1$2)
                  0000ec98    00000024     main.obj (.const:months)
                  0000ecbc    00000020     TW_m430g2553_MiscApps.obj (.const:$P$T0$2)
                  0000ecdc    0000001c     main.obj (.const:.string)
                  0000ecf8    00000015     main.obj (.const:dow)
                  0000ed0d    00000001     --HOLE-- [fill = 0]
                  0000ed0e    0000000c     main.obj (.const:$P$T0$1)

.cinit     0    0000ed1a    0000005c     
                  0000ed1a    00000049     (.cinit..data.load) [load image, compression = lzss]
                  0000ed63    00000001     --HOLE-- [fill = 0]
                  0000ed64    00000006     (__TI_handler_table)
                  0000ed6a    00000004     (.cinit..bss.load) [load image, compression = zero_init]
                  0000ed6e    00000008     (__TI_cinit_table)

.binit     0    0000c000    00000000     

.init_array 
*          0    0000c000    00000000     UNINITIALIZED

TRAPINT    0    0000ffe0    00000002     
                  0000ffe0    00000002     rts430_eabi.lib : int00.asm.obj (.int00)

PORT1      0    0000ffe4    00000002     
                  0000ffe4    00000002     rts430_eabi.lib : int02.asm.obj (.int02)

PORT2      0    0000ffe6    00000002     
                  0000ffe6    00000002     rts430_eabi.lib : int03.asm.obj (.int03)

ADC10      0    0000ffea    00000002     
                  0000ffea    00000002     TW_ADC10.obj (.int05)

USCIAB0TX 
*          0    0000ffec    00000002     
                  0000ffec    00000002     rts430_eabi.lib : int06.asm.obj (.int06)

USCIAB0RX 
*          0    0000ffee    00000002     
                  0000ffee    00000002     TW_MSP430G2xx_ESP_lite.obj (.int07)

TIMER0_A1 
*          0    0000fff0    00000002     
                  0000fff0    00000002     rts430_eabi.lib : int08.asm.obj (.int08)

TIMER0_A0 
*          0    0000fff2    00000002     
                  0000fff2    00000002     TW_TimerA_v2.obj (.int09)

WDT        0    0000fff4    00000002     
                  0000fff4    00000002     rts430_eabi.lib : int10.asm.obj (.int10)

COMPARATORA 
*          0    0000fff6    00000002     
                  0000fff6    00000002     rts430_eabi.lib : int11.asm.obj (.int11)

TIMER1_A1 
*          0    0000fff8    00000002     
                  0000fff8    00000002     rts430_eabi.lib : int12.asm.obj (.int12)

TIMER1_A0 
*          0    0000fffa    00000002     
                  0000fffa    00000002     rts430_eabi.lib : int13.asm.obj (.int13)

NMI        0    0000fffc    00000002     
                  0000fffc    00000002     rts430_eabi.lib : int14.asm.obj (.int14)

.reset     0    0000fffe    00000002     
                  0000fffe    00000002     rts430_eabi.lib : boot.c.obj (.reset)

$fill000   0    0000ffde    00000002     
                  0000ffde    00000002     --HOLE-- [fill = ffff]

MODULE SUMMARY

       Module                       code    ro data   rw data
       ------                       ----    -------   -------
    .\
       TW_MSP430G2xx_ESP_lite.obj   1472    228       207    
       main.obj                     1476    149       72     
       TW_MAX7219_DotMatrix.obj     738     296       34     
       TW_ADC10.obj                 554     2         8      
       TW_I2C.obj                   268     0         0      
       TW_TimerA_v2.obj             254     2         8      
       TW_m430g2553_MiscApps.obj    200     32        2      
    +--+----------------------------+-------+---------+---------+
       Total:                       4962    709       331    
                                                             
    C:\ti\ccs1281\ccs\tools\compiler\ti-cgt-msp430_21.6.1.LTS\lib\rts430_eabi.lib
       addd.c.obj                   1846    0         0      
       mpyd.c.obj                   704     0         0      
       frcmpyd.c.obj                370     0         0      
       fs_add.asm.obj               306     0         0      
       mult64.asm.obj               276     0         0      
       fs_mpy.asm.obj               196     0         0      
       cvtdf.c.obj                  180     0         0      
       fltlid.c.obj                 172     0         0      
       fs_div.asm.obj               156     0         0      
       copy_decompress_lzss.c.obj   124     0         0      
       cvtfd.c.obj                  112     0         0      
       fs_toi.asm.obj               104     0         0      
       lsr32.asm.obj                92      0         0      
       lsr16.asm.obj                76      0         0      
       asr64.c.obj                  74      0         0      
       fs_tou.asm.obj               70      0         0      
       lsr64.c.obj                  70      0         0      
       lsl64.c.obj                  68      0         0      
       autoinit.c.obj               66      0         0      
       asr32.asm.obj                62      0         0      
       lsl32.asm.obj                62      0         0      
       fs_itof.asm.obj              54      0         0      
       strstr.c.obj                 54      0         0      
       fs_ultof.asm.obj             50      0         0      
       asr16.asm.obj                44      0         0      
       div16s.asm.obj               44      0         0      
       lsl16.asm.obj                44      0         0      
       strncpy.c.obj                44      0         0      
       mult32.asm.obj               38      0         0      
       fs_utof.asm.obj              36      0         0      
       memcmp.c.obj                 34      0         0      
       mult1632.asm.obj             34      0         0      
       boot.c.obj                   28      2         0      
       mult3264.asm.obj             30      0         0      
       div16u.asm.obj               22      0         0      
       copy_zero_init.c.obj         20      0         0      
       mult16.asm.obj               20      0         0      
       copy_decompress_none.c.obj   18      0         0      
       memcpy.c.obj                 18      0         0      
       epilog.asm.obj               16      0         0      
       strlen.c.obj                 14      0         0      
       fltid.c.obj                  12      0         0      
       isr_trap.asm.obj             8       0         0      
       exit.c.obj                   6       0         0      
       pre_init.c.obj               4       0         0      
       int00.asm.obj                0       2         0      
       int02.asm.obj                0       2         0      
       int03.asm.obj                0       2         0      
       int06.asm.obj                0       2         0      
       int08.asm.obj                0       2         0      
       int10.asm.obj                0       2         0      
       int11.asm.obj                0       2         0      
       int12.asm.obj                0       2         0      
       int13.asm.obj                0       2         0      
       int14.asm.obj                0       2         0      
       startup.c.obj                2       0         0      
    +--+----------------------------+-------+---------+---------+
       Total:                       5880    22        0      
                                                             
       Stack:                       0       0         80     
       Linker Generated:            0       91        0      
    +--+----------------------------+-------+---------+---------+
       Grand Total:                 10842   822       411    


LINKER GENERATED COPY TABLES

__TI_cinit_table @ 0000ed6e records: 2, size/record: 4, table size: 8
	.data: load addr=0000ed1a, load size=00000049 bytes, run addr=000002f0, run size=0000005c bytes, compression=lzss
	.bss: load addr=0000ed6a, load size=00000004 bytes, run addr=00000200, run size=000000f0 bytes, compression=zero_init


LINKER GENERATED HANDLER TABLE

__TI_handler_table @ 0000ed64 records: 3, size/record: 2, table size: 6
	index: 0, handler: __TI_zero_init
	index: 1, handler: __TI_decompress_lzss
	index: 2, handler: __TI_decompress_none


GLOBAL SYMBOLS: SORTED ALPHABETICALLY BY Name 

address   name                              
-------   ----                              
0000004a  ADC10AE0                          
000001b0  ADC10CTL0                         
000001b2  ADC10CTL1                         
00000048  ADC10DTC0                         
00000049  ADC10DTC1                         
000001b4  ADC10MEM                          
000001bc  ADC10SA                           
0000e60c  ADC10_ISR                         
00000057  BCSCTL1                           
00000058  BCSCTL2                           
00000053  BCSCTL3                           
0000e3b0  BasicInitUSCI                     
0000ea42  C$$EXIT                           
00000059  CACTL1                            
0000005a  CACTL2                            
000010fb  CALBC1_12MHZ                      
000010f9  CALBC1_16MHZ                      
000010ff  CALBC1_1MHZ                       
000010fd  CALBC1_8MHZ                       
000010fa  CALDCO_12MHZ                      
000010f8  CALDCO_16MHZ                      
000010fe  CALDCO_1MHZ                       
000010fc  CALDCO_8MHZ                       
0000005b  CAPD                              
0000e0e0  CalibrateDco                      
0000c736  ClockTempDisplay                  
0000e7fc  ClrEspBuff                        
0000d6fe  ConfigureEspUART                  
00000056  DCOCTL                            
00000128  FCTL1                             
0000012a  FCTL2                             
0000012c  FCTL3                             
0000e8b0  FlushEspBuff                      
00000000  IE1                               
00000001  IE2                               
00000002  IFG1                              
00000003  IFG2                              
0000cf6c  InitADC10_new                     
00000314  MatrixSetup                       
00000334  NoOfOverflowsCCR0                 
00000022  P1DIR                             
00000025  P1IE                              
00000024  P1IES                             
00000023  P1IFG                             
00000020  P1IN                              
00000021  P1OUT                             
00000027  P1REN                             
00000026  P1SEL                             
00000041  P1SEL2                            
0000002a  P2DIR                             
0000002d  P2IE                              
0000002c  P2IES                             
0000002b  P2IFG                             
00000028  P2IN                              
00000029  P2OUT                             
0000002f  P2REN                             
0000002e  P2SEL                             
00000042  P2SEL2                            
0000001a  P3DIR                             
00000018  P3IN                              
00000019  P3OUT                             
00000010  P3REN                             
0000001b  P3SEL                             
00000043  P3SEL2                            
000002f0  ReadData                          
0000dbd6  ReadFromDS1307MultiBytes          
00000332  RefillValue                       
0000e966  SendDataToESP                     
00000172  TA0CCR0                           
00000174  TA0CCR1                           
00000176  TA0CCR2                           
00000162  TA0CCTL0                          
00000164  TA0CCTL1                          
00000166  TA0CCTL2                          
00000160  TA0CTL                            
0000012e  TA0IV                             
00000170  TA0R                              
00000192  TA1CCR0                           
00000194  TA1CCR1                           
00000196  TA1CCR2                           
00000182  TA1CCTL0                          
00000184  TA1CCTL1                          
00000186  TA1CCTL2                          
00000180  TA1CTL                            
0000011e  TA1IV                             
00000190  TA1R                              
000010db  TLV_ADC10_1_LEN                   
000010da  TLV_ADC10_1_TAG                   
000010c0  TLV_CHECKSUM                      
000010f7  TLV_DCO_30_LEN                    
000010f6  TLV_DCO_30_TAG                    
0000e97e  TW_CalcDecFrmTwozComp             
0000e6e6  Timer_A                           
0000005d  UCA0ABCTL                         
00000062  UCA0BR0                           
00000063  UCA0BR1                           
00000060  UCA0CTL0                          
00000061  UCA0CTL1                          
0000005f  UCA0IRRCTL                        
0000005e  UCA0IRTCTL                        
00000064  UCA0MCTL                          
00000066  UCA0RXBUF                         
00000065  UCA0STAT                          
00000067  UCA0TXBUF                         
0000006a  UCB0BR0                           
0000006b  UCB0BR1                           
00000068  UCB0CTL0                          
00000069  UCB0CTL1                          
0000006c  UCB0I2CIE                         
00000118  UCB0I2COA                         
0000011a  UCB0I2CSA                         
0000006e  UCB0RXBUF                         
0000006d  UCB0STAT                          
0000006f  UCB0TXBUF                         
0000e8d0  USCI0RX_ISR                       
00000120  WDTCTL                            
0000db0c  _ElapseTimeCCR0_A0                
00000342  _MdmBuffCnt                       
00000200  _MdmBuffer                        
00000296  _MdmCbDataParsed                  
00000400  __STACK_END                       
00000050  __STACK_SIZE                      
0000ed6e  __TI_CINIT_Base                   
0000ed76  __TI_CINIT_Limit                  
0000ed76  __TI_CINIT_Warm                   
0000ed64  __TI_Handler_Table_Base           
0000ed6a  __TI_Handler_Table_Limit          
0000ea3a  __TI_ISR_TRAP                     
0000e50c  __TI_auto_init_nobinit_nopinit    
0000dff4  __TI_decompress_lzss              
0000e9ec  __TI_decompress_none              
0000d45a  __TI_frcmpyd                      
0000ffe0  __TI_int00                        
0000ffe4  __TI_int02                        
0000ffe6  __TI_int03                        
0000ffea  __TI_int05                        
0000ffec  __TI_int06                        
0000ffee  __TI_int07                        
0000fff0  __TI_int08                        
0000fff2  __TI_int09                        
0000fff4  __TI_int10                        
0000fff6  __TI_int11                        
0000fff8  __TI_int12                        
0000fffa  __TI_int13                        
0000fffc  __TI_int14                        
ffffffff  __TI_pprof_out_hndl               
ffffffff  __TI_prof_data_size               
ffffffff  __TI_prof_data_start              
0000e9c4  __TI_zero_init_nomemset           
ffffffff  __c_args__                        
0000c000  __mspabi_addd                     
0000d5d2  __mspabi_addf                     
0000dd60  __mspabi_cvtdf                    
0000e070  __mspabi_cvtfd                    
0000dec0  __mspabi_divf                     
0000e778  __mspabi_divi                     
0000e9ae  __mspabi_divu                     
0000e14e  __mspabi_fixfi                    
0000e482  __mspabi_fixfu                    
0000ea2e  __mspabi_fltid                    
0000e67a  __mspabi_fltif                    
0000de14  __mspabi_fltlid                   
0000e848  __mspabi_fltuf                    
0000e71a  __mspabi_fltulf                   
0000ea1c  __mspabi_func_epilog_1            
0000ea1a  __mspabi_func_epilog_2            
0000ea18  __mspabi_func_epilog_3            
0000ea16  __mspabi_func_epilog_4            
0000ea14  __mspabi_func_epilog_5            
0000ea12  __mspabi_func_epilog_6            
0000ea10  __mspabi_func_epilog_7            
0000caa8  __mspabi_mpyd                     
0000dc9c  __mspabi_mpyf                     
0000e9d8  __mspabi_mpyi                     
0000e9d8  __mspabi_mpyi_sw                  
0000e822  __mspabi_mpyl                     
0000e822  __mspabi_mpyl_sw                  
0000d81c  __mspabi_mpyll                    
0000d81c  __mspabi_mpyll_sw                 
0000e86c  __mspabi_mpyul                    
0000e86c  __mspabi_mpyul_sw                 
0000e910  __mspabi_mpyull                   
0000e910  __mspabi_mpyull_sw                
0000e778  __mspabi_remi                     
0000e9ae  __mspabi_remu                     
0000e7a4  __mspabi_slli                     
0000e7cc  __mspabi_slli_1                   
0000e7ba  __mspabi_slli_10                  
0000e7b8  __mspabi_slli_11                  
0000e7b6  __mspabi_slli_12                  
0000e7b4  __mspabi_slli_13                  
0000e7b2  __mspabi_slli_14                  
0000e7b0  __mspabi_slli_15                  
0000e7ca  __mspabi_slli_2                   
0000e7c8  __mspabi_slli_3                   
0000e7c6  __mspabi_slli_4                   
0000e7c4  __mspabi_slli_5                   
0000e7c2  __mspabi_slli_6                   
0000e7c0  __mspabi_slli_7                   
0000e7be  __mspabi_slli_8                   
0000e7bc  __mspabi_slli_9                   
0000e606  __mspabi_slll_1                   
0000e5e2  __mspabi_slll_10                  
0000e5de  __mspabi_slll_11                  
0000e5da  __mspabi_slll_12                  
0000e5d6  __mspabi_slll_13                  
0000e5d2  __mspabi_slll_14                  
0000e5ce  __mspabi_slll_15                  
0000e602  __mspabi_slll_2                   
0000e5fe  __mspabi_slll_3                   
0000e5fa  __mspabi_slll_4                   
0000e5f6  __mspabi_slll_5                   
0000e5f2  __mspabi_slll_6                   
0000e5ee  __mspabi_slll_7                   
0000e5ea  __mspabi_slll_8                   
0000e5e6  __mspabi_slll_9                   
0000e4c8  __mspabi_sllll                    
0000e74c  __mspabi_srai                     
0000e774  __mspabi_srai_1                   
0000e762  __mspabi_srai_10                  
0000e760  __mspabi_srai_11                  
0000e75e  __mspabi_srai_12                  
0000e75c  __mspabi_srai_13                  
0000e75a  __mspabi_srai_14                  
0000e758  __mspabi_srai_15                  
0000e772  __mspabi_srai_2                   
0000e770  __mspabi_srai_3                   
0000e76e  __mspabi_srai_4                   
0000e76c  __mspabi_srai_5                   
0000e76a  __mspabi_srai_6                   
0000e768  __mspabi_srai_7                   
0000e766  __mspabi_srai_8                   
0000e764  __mspabi_srai_9                   
0000e5c8  __mspabi_sral_1                   
0000e5a4  __mspabi_sral_10                  
0000e5a0  __mspabi_sral_11                  
0000e59c  __mspabi_sral_12                  
0000e598  __mspabi_sral_13                  
0000e594  __mspabi_sral_14                  
0000e590  __mspabi_sral_15                  
0000e5c4  __mspabi_sral_2                   
0000e5c0  __mspabi_sral_3                   
0000e5bc  __mspabi_sral_4                   
0000e5b8  __mspabi_sral_5                   
0000e5b4  __mspabi_sral_6                   
0000e5b0  __mspabi_sral_7                   
0000e5ac  __mspabi_sral_8                   
0000e5a8  __mspabi_sral_9                   
0000e31c  __mspabi_srall                    
0000e2d0  __mspabi_srli                     
0000e316  __mspabi_srli_1                   
0000e2f2  __mspabi_srli_10                  
0000e2ee  __mspabi_srli_11                  
0000e2ea  __mspabi_srli_12                  
0000e2e6  __mspabi_srli_13                  
0000e2e2  __mspabi_srli_14                  
0000e2de  __mspabi_srli_15                  
0000e312  __mspabi_srli_2                   
0000e30e  __mspabi_srli_3                   
0000e30a  __mspabi_srli_4                   
0000e306  __mspabi_srli_5                   
0000e302  __mspabi_srli_6                   
0000e2fe  __mspabi_srli_7                   
0000e2fa  __mspabi_srli_8                   
0000e2f6  __mspabi_srli_9                   
0000e26c  __mspabi_srll_1                   
0000e236  __mspabi_srll_10                  
0000e230  __mspabi_srll_11                  
0000e22a  __mspabi_srll_12                  
0000e224  __mspabi_srll_13                  
0000e21e  __mspabi_srll_14                  
0000e218  __mspabi_srll_15                  
0000e266  __mspabi_srll_2                   
0000e260  __mspabi_srll_3                   
0000e25a  __mspabi_srll_4                   
0000e254  __mspabi_srll_5                   
0000e24e  __mspabi_srll_6                   
0000e248  __mspabi_srll_7                   
0000e242  __mspabi_srll_8                   
0000e23c  __mspabi_srll_9                   
0000e3f6  __mspabi_srlll                    
0000d5cc  __mspabi_subf                     
0000e92e  _c_int00_noargs                   
0000fffe  _reset_vector                     
000003b0  _stack                            
0000ea58  _system_post_cinit                
0000ea54  _system_pre_init                  
0000ea42  abort                             
00000328  adc10_callback                    
00000326  adcIntrptSts                      
0000e54e  calculate_light_intensity         
0000df5c  check_ESP_Buff_for_TCP_client_data
0000e94a  controlConversion                 
00000336  countDown                         
0000ea5a  disp1                             
0000033a  dispx                             
0000da36  dotMatrixSendRowWise              
0000ecf8  dow                               
0000d930  enable_Esp_TCP_Server             
00000346  espReply_callback                 
0000d13c  esp_Control_Init                  
0000e366  find_pattern_in_buff              
00000322  gAdcRawVal                        
000002e4  gAdcValAverager                   
000002ef  gAdcValAverager_count             
000002ec  gAmbientLux                       
00000324  gComputedLux                      
00000338  gPtr_TimerExpire                  
0000e996  handleParsedESPData               
0000e644  initSend_MAX7219                  
0000e8f0  interDisplayBlanking              
0000cd68  main                              
0000e43c  mdmReplySearch                    
0000e88e  memcmp                            
0000e9fe  memcpy                            
0000ec98  months                            
0000034b  pEspParsePatternFound             
0000e274  parseEsp01_TCP_Client_Reply       
0000ea48  register_adc10_callback           
0000ea4e  register_esp01_callback           
0000e1b6  sendData                          
00000348  shiftCalc                         
0000ea20  strlen                            
0000e7d0  strncpy                           
0000e6b0  strstr                            
00000304  systemIP                          
000002c8  tempData                          
000002e8  temp_integer                      
00000344  temp_mdm                          


GLOBAL SYMBOLS: SORTED BY Symbol Address 

address   name                              
-------   ----                              
00000000  IE1                               
00000001  IE2                               
00000002  IFG1                              
00000003  IFG2                              
00000010  P3REN                             
00000018  P3IN                              
00000019  P3OUT                             
0000001a  P3DIR                             
0000001b  P3SEL                             
00000020  P1IN                              
00000021  P1OUT                             
00000022  P1DIR                             
00000023  P1IFG                             
00000024  P1IES                             
00000025  P1IE                              
00000026  P1SEL                             
00000027  P1REN                             
00000028  P2IN                              
00000029  P2OUT                             
0000002a  P2DIR                             
0000002b  P2IFG                             
0000002c  P2IES                             
0000002d  P2IE                              
0000002e  P2SEL                             
0000002f  P2REN                             
00000041  P1SEL2                            
00000042  P2SEL2                            
00000043  P3SEL2                            
00000048  ADC10DTC0                         
00000049  ADC10DTC1                         
0000004a  ADC10AE0                          
00000050  __STACK_SIZE                      
00000053  BCSCTL3                           
00000056  DCOCTL                            
00000057  BCSCTL1                           
00000058  BCSCTL2                           
00000059  CACTL1                            
0000005a  CACTL2                            
0000005b  CAPD                              
0000005d  UCA0ABCTL                         
0000005e  UCA0IRTCTL                        
0000005f  UCA0IRRCTL                        
00000060  UCA0CTL0                          
00000061  UCA0CTL1                          
00000062  UCA0BR0                           
00000063  UCA0BR1                           
00000064  UCA0MCTL                          
00000065  UCA0STAT                          
00000066  UCA0RXBUF                         
00000067  UCA0TXBUF                         
00000068  UCB0CTL0                          
00000069  UCB0CTL1                          
0000006a  UCB0BR0                           
0000006b  UCB0BR1                           
0000006c  UCB0I2CIE                         
0000006d  UCB0STAT                          
0000006e  UCB0RXBUF                         
0000006f  UCB0TXBUF                         
00000118  UCB0I2COA                         
0000011a  UCB0I2CSA                         
0000011e  TA1IV                             
00000120  WDTCTL                            
00000128  FCTL1                             
0000012a  FCTL2                             
0000012c  FCTL3                             
0000012e  TA0IV                             
00000160  TA0CTL                            
00000162  TA0CCTL0                          
00000164  TA0CCTL1                          
00000166  TA0CCTL2                          
00000170  TA0R                              
00000172  TA0CCR0                           
00000174  TA0CCR1                           
00000176  TA0CCR2                           
00000180  TA1CTL                            
00000182  TA1CCTL0                          
00000184  TA1CCTL1                          
00000186  TA1CCTL2                          
00000190  TA1R                              
00000192  TA1CCR0                           
00000194  TA1CCR1                           
00000196  TA1CCR2                           
000001b0  ADC10CTL0                         
000001b2  ADC10CTL1                         
000001b4  ADC10MEM                          
000001bc  ADC10SA                           
00000200  _MdmBuffer                        
00000296  _MdmCbDataParsed                  
000002c8  tempData                          
000002e4  gAdcValAverager                   
000002e8  temp_integer                      
000002ec  gAmbientLux                       
000002ef  gAdcValAverager_count             
000002f0  ReadData                          
00000304  systemIP                          
00000314  MatrixSetup                       
00000322  gAdcRawVal                        
00000324  gComputedLux                      
00000326  adcIntrptSts                      
00000328  adc10_callback                    
00000332  RefillValue                       
00000334  NoOfOverflowsCCR0                 
00000336  countDown                         
00000338  gPtr_TimerExpire                  
0000033a  dispx                             
00000342  _MdmBuffCnt                       
00000344  temp_mdm                          
00000346  espReply_callback                 
00000348  shiftCalc                         
0000034b  pEspParsePatternFound             
000003b0  _stack                            
00000400  __STACK_END                       
000010c0  TLV_CHECKSUM                      
000010da  TLV_ADC10_1_TAG                   
000010db  TLV_ADC10_1_LEN                   
000010f6  TLV_DCO_30_TAG                    
000010f7  TLV_DCO_30_LEN                    
000010f8  CALDCO_16MHZ                      
000010f9  CALBC1_16MHZ                      
000010fa  CALDCO_12MHZ                      
000010fb  CALBC1_12MHZ                      
000010fc  CALDCO_8MHZ                       
000010fd  CALBC1_8MHZ                       
000010fe  CALDCO_1MHZ                       
000010ff  CALBC1_1MHZ                       
0000c000  __mspabi_addd                     
0000c736  ClockTempDisplay                  
0000caa8  __mspabi_mpyd                     
0000cd68  main                              
0000cf6c  InitADC10_new                     
0000d13c  esp_Control_Init                  
0000d45a  __TI_frcmpyd                      
0000d5cc  __mspabi_subf                     
0000d5d2  __mspabi_addf                     
0000d6fe  ConfigureEspUART                  
0000d81c  __mspabi_mpyll                    
0000d81c  __mspabi_mpyll_sw                 
0000d930  enable_Esp_TCP_Server             
0000da36  dotMatrixSendRowWise              
0000db0c  _ElapseTimeCCR0_A0                
0000dbd6  ReadFromDS1307MultiBytes          
0000dc9c  __mspabi_mpyf                     
0000dd60  __mspabi_cvtdf                    
0000de14  __mspabi_fltlid                   
0000dec0  __mspabi_divf                     
0000df5c  check_ESP_Buff_for_TCP_client_data
0000dff4  __TI_decompress_lzss              
0000e070  __mspabi_cvtfd                    
0000e0e0  CalibrateDco                      
0000e14e  __mspabi_fixfi                    
0000e1b6  sendData                          
0000e218  __mspabi_srll_15                  
0000e21e  __mspabi_srll_14                  
0000e224  __mspabi_srll_13                  
0000e22a  __mspabi_srll_12                  
0000e230  __mspabi_srll_11                  
0000e236  __mspabi_srll_10                  
0000e23c  __mspabi_srll_9                   
0000e242  __mspabi_srll_8                   
0000e248  __mspabi_srll_7                   
0000e24e  __mspabi_srll_6                   
0000e254  __mspabi_srll_5                   
0000e25a  __mspabi_srll_4                   
0000e260  __mspabi_srll_3                   
0000e266  __mspabi_srll_2                   
0000e26c  __mspabi_srll_1                   
0000e274  parseEsp01_TCP_Client_Reply       
0000e2d0  __mspabi_srli                     
0000e2de  __mspabi_srli_15                  
0000e2e2  __mspabi_srli_14                  
0000e2e6  __mspabi_srli_13                  
0000e2ea  __mspabi_srli_12                  
0000e2ee  __mspabi_srli_11                  
0000e2f2  __mspabi_srli_10                  
0000e2f6  __mspabi_srli_9                   
0000e2fa  __mspabi_srli_8                   
0000e2fe  __mspabi_srli_7                   
0000e302  __mspabi_srli_6                   
0000e306  __mspabi_srli_5                   
0000e30a  __mspabi_srli_4                   
0000e30e  __mspabi_srli_3                   
0000e312  __mspabi_srli_2                   
0000e316  __mspabi_srli_1                   
0000e31c  __mspabi_srall                    
0000e366  find_pattern_in_buff              
0000e3b0  BasicInitUSCI                     
0000e3f6  __mspabi_srlll                    
0000e43c  mdmReplySearch                    
0000e482  __mspabi_fixfu                    
0000e4c8  __mspabi_sllll                    
0000e50c  __TI_auto_init_nobinit_nopinit    
0000e54e  calculate_light_intensity         
0000e590  __mspabi_sral_15                  
0000e594  __mspabi_sral_14                  
0000e598  __mspabi_sral_13                  
0000e59c  __mspabi_sral_12                  
0000e5a0  __mspabi_sral_11                  
0000e5a4  __mspabi_sral_10                  
0000e5a8  __mspabi_sral_9                   
0000e5ac  __mspabi_sral_8                   
0000e5b0  __mspabi_sral_7                   
0000e5b4  __mspabi_sral_6                   
0000e5b8  __mspabi_sral_5                   
0000e5bc  __mspabi_sral_4                   
0000e5c0  __mspabi_sral_3                   
0000e5c4  __mspabi_sral_2                   
0000e5c8  __mspabi_sral_1                   
0000e5ce  __mspabi_slll_15                  
0000e5d2  __mspabi_slll_14                  
0000e5d6  __mspabi_slll_13                  
0000e5da  __mspabi_slll_12                  
0000e5de  __mspabi_slll_11                  
0000e5e2  __mspabi_slll_10                  
0000e5e6  __mspabi_slll_9                   
0000e5ea  __mspabi_slll_8                   
0000e5ee  __mspabi_slll_7                   
0000e5f2  __mspabi_slll_6                   
0000e5f6  __mspabi_slll_5                   
0000e5fa  __mspabi_slll_4                   
0000e5fe  __mspabi_slll_3                   
0000e602  __mspabi_slll_2                   
0000e606  __mspabi_slll_1                   
0000e60c  ADC10_ISR                         
0000e644  initSend_MAX7219                  
0000e67a  __mspabi_fltif                    
0000e6b0  strstr                            
0000e6e6  Timer_A                           
0000e71a  __mspabi_fltulf                   
0000e74c  __mspabi_srai                     
0000e758  __mspabi_srai_15                  
0000e75a  __mspabi_srai_14                  
0000e75c  __mspabi_srai_13                  
0000e75e  __mspabi_srai_12                  
0000e760  __mspabi_srai_11                  
0000e762  __mspabi_srai_10                  
0000e764  __mspabi_srai_9                   
0000e766  __mspabi_srai_8                   
0000e768  __mspabi_srai_7                   
0000e76a  __mspabi_srai_6                   
0000e76c  __mspabi_srai_5                   
0000e76e  __mspabi_srai_4                   
0000e770  __mspabi_srai_3                   
0000e772  __mspabi_srai_2                   
0000e774  __mspabi_srai_1                   
0000e778  __mspabi_divi                     
0000e778  __mspabi_remi                     
0000e7a4  __mspabi_slli                     
0000e7b0  __mspabi_slli_15                  
0000e7b2  __mspabi_slli_14                  
0000e7b4  __mspabi_slli_13                  
0000e7b6  __mspabi_slli_12                  
0000e7b8  __mspabi_slli_11                  
0000e7ba  __mspabi_slli_10                  
0000e7bc  __mspabi_slli_9                   
0000e7be  __mspabi_slli_8                   
0000e7c0  __mspabi_slli_7                   
0000e7c2  __mspabi_slli_6                   
0000e7c4  __mspabi_slli_5                   
0000e7c6  __mspabi_slli_4                   
0000e7c8  __mspabi_slli_3                   
0000e7ca  __mspabi_slli_2                   
0000e7cc  __mspabi_slli_1                   
0000e7d0  strncpy                           
0000e7fc  ClrEspBuff                        
0000e822  __mspabi_mpyl                     
0000e822  __mspabi_mpyl_sw                  
0000e848  __mspabi_fltuf                    
0000e86c  __mspabi_mpyul                    
0000e86c  __mspabi_mpyul_sw                 
0000e88e  memcmp                            
0000e8b0  FlushEspBuff                      
0000e8d0  USCI0RX_ISR                       
0000e8f0  interDisplayBlanking              
0000e910  __mspabi_mpyull                   
0000e910  __mspabi_mpyull_sw                
0000e92e  _c_int00_noargs                   
0000e94a  controlConversion                 
0000e966  SendDataToESP                     
0000e97e  TW_CalcDecFrmTwozComp             
0000e996  handleParsedESPData               
0000e9ae  __mspabi_divu                     
0000e9ae  __mspabi_remu                     
0000e9c4  __TI_zero_init_nomemset           
0000e9d8  __mspabi_mpyi                     
0000e9d8  __mspabi_mpyi_sw                  
0000e9ec  __TI_decompress_none              
0000e9fe  memcpy                            
0000ea10  __mspabi_func_epilog_7            
0000ea12  __mspabi_func_epilog_6            
0000ea14  __mspabi_func_epilog_5            
0000ea16  __mspabi_func_epilog_4            
0000ea18  __mspabi_func_epilog_3            
0000ea1a  __mspabi_func_epilog_2            
0000ea1c  __mspabi_func_epilog_1            
0000ea20  strlen                            
0000ea2e  __mspabi_fltid                    
0000ea3a  __TI_ISR_TRAP                     
0000ea42  C$$EXIT                           
0000ea42  abort                             
0000ea48  register_adc10_callback           
0000ea4e  register_esp01_callback           
0000ea54  _system_pre_init                  
0000ea58  _system_post_cinit                
0000ea5a  disp1                             
0000ec98  months                            
0000ecf8  dow                               
0000ed64  __TI_Handler_Table_Base           
0000ed6a  __TI_Handler_Table_Limit          
0000ed6e  __TI_CINIT_Base                   
0000ed76  __TI_CINIT_Limit                  
0000ed76  __TI_CINIT_Warm                   
0000ffe0  __TI_int00                        
0000ffe4  __TI_int02                        
0000ffe6  __TI_int03                        
0000ffea  __TI_int05                        
0000ffec  __TI_int06                        
0000ffee  __TI_int07                        
0000fff0  __TI_int08                        
0000fff2  __TI_int09                        
0000fff4  __TI_int10                        
0000fff6  __TI_int11                        
0000fff8  __TI_int12                        
0000fffa  __TI_int13                        
0000fffc  __TI_int14                        
0000fffe  _reset_vector                     
ffffffff  __TI_pprof_out_hndl               
ffffffff  __TI_prof_data_size               
ffffffff  __TI_prof_data_start              
ffffffff  __c_args__                        

[329 symbols]
