<?xml version="1.0" encoding="ISO-8859-1" ?>
<link_info>
   <banner>MSP430 Linker PC v21.6.1.LTS</banner>
   <copyright>Copyright (c) 2003-2018 Texas Instruments Incorporated</copyright>
   <link_time>0x68641de6</link_time>
   <link_errors>0x0</link_errors>
   <output_file>DotMatrixClock.out</output_file>
   <entry_point>
      <name>_c_int00_noargs</name>
      <address>0xe92e</address>
   </entry_point>
   <input_file_list>
      <input_file id="fl-2">
         <path>.\</path>
         <kind>object</kind>
         <file>TW_ADC10.obj</file>
         <name>TW_ADC10.obj</name>
      </input_file>
      <input_file id="fl-3">
         <path>.\</path>
         <kind>object</kind>
         <file>TW_I2C.obj</file>
         <name>TW_I2C.obj</name>
      </input_file>
      <input_file id="fl-4">
         <path>.\</path>
         <kind>object</kind>
         <file>TW_MAX7219_DotMatrix.obj</file>
         <name>TW_MAX7219_DotMatrix.obj</name>
      </input_file>
      <input_file id="fl-5">
         <path>.\</path>
         <kind>object</kind>
         <file>TW_MSP430G2xx_ESP_lite.obj</file>
         <name>TW_MSP430G2xx_ESP_lite.obj</name>
      </input_file>
      <input_file id="fl-6">
         <path>.\</path>
         <kind>object</kind>
         <file>TW_TimerA_v2.obj</file>
         <name>TW_TimerA_v2.obj</name>
      </input_file>
      <input_file id="fl-7">
         <path>.\</path>
         <kind>object</kind>
         <file>TW_m430g2553_MiscApps.obj</file>
         <name>TW_m430g2553_MiscApps.obj</name>
      </input_file>
      <input_file id="fl-8">
         <path>.\</path>
         <kind>object</kind>
         <file>main.obj</file>
         <name>main.obj</name>
      </input_file>
      <input_file id="fl-d">
         <kind>object</kind>
         <file>&lt;internal&gt;</file>
         <name>&lt;internal&gt;</name>
      </input_file>
      <input_file id="fl-23">
         <path>C:\ti\ccs1281\ccs\tools\compiler\ti-cgt-msp430_21.6.1.LTS\lib\</path>
         <kind>archive</kind>
         <file>rts430_eabi.lib</file>
         <name>asr16.asm.obj</name>
      </input_file>
      <input_file id="fl-24">
         <path>C:\ti\ccs1281\ccs\tools\compiler\ti-cgt-msp430_21.6.1.LTS\lib\</path>
         <kind>archive</kind>
         <file>rts430_eabi.lib</file>
         <name>div16s.asm.obj</name>
      </input_file>
      <input_file id="fl-25">
         <path>C:\ti\ccs1281\ccs\tools\compiler\ti-cgt-msp430_21.6.1.LTS\lib\</path>
         <kind>archive</kind>
         <file>rts430_eabi.lib</file>
         <name>div16u.asm.obj</name>
      </input_file>
      <input_file id="fl-26">
         <path>C:\ti\ccs1281\ccs\tools\compiler\ti-cgt-msp430_21.6.1.LTS\lib\</path>
         <kind>archive</kind>
         <file>rts430_eabi.lib</file>
         <name>epilog.asm.obj</name>
      </input_file>
      <input_file id="fl-27">
         <path>C:\ti\ccs1281\ccs\tools\compiler\ti-cgt-msp430_21.6.1.LTS\lib\</path>
         <kind>archive</kind>
         <file>rts430_eabi.lib</file>
         <name>fs_add.asm.obj</name>
      </input_file>
      <input_file id="fl-28">
         <path>C:\ti\ccs1281\ccs\tools\compiler\ti-cgt-msp430_21.6.1.LTS\lib\</path>
         <kind>archive</kind>
         <file>rts430_eabi.lib</file>
         <name>fs_div.asm.obj</name>
      </input_file>
      <input_file id="fl-29">
         <path>C:\ti\ccs1281\ccs\tools\compiler\ti-cgt-msp430_21.6.1.LTS\lib\</path>
         <kind>archive</kind>
         <file>rts430_eabi.lib</file>
         <name>fs_itof.asm.obj</name>
      </input_file>
      <input_file id="fl-2a">
         <path>C:\ti\ccs1281\ccs\tools\compiler\ti-cgt-msp430_21.6.1.LTS\lib\</path>
         <kind>archive</kind>
         <file>rts430_eabi.lib</file>
         <name>fs_mpy.asm.obj</name>
      </input_file>
      <input_file id="fl-2b">
         <path>C:\ti\ccs1281\ccs\tools\compiler\ti-cgt-msp430_21.6.1.LTS\lib\</path>
         <kind>archive</kind>
         <file>rts430_eabi.lib</file>
         <name>fs_toi.asm.obj</name>
      </input_file>
      <input_file id="fl-2c">
         <path>C:\ti\ccs1281\ccs\tools\compiler\ti-cgt-msp430_21.6.1.LTS\lib\</path>
         <kind>archive</kind>
         <file>rts430_eabi.lib</file>
         <name>fs_tou.asm.obj</name>
      </input_file>
      <input_file id="fl-2d">
         <path>C:\ti\ccs1281\ccs\tools\compiler\ti-cgt-msp430_21.6.1.LTS\lib\</path>
         <kind>archive</kind>
         <file>rts430_eabi.lib</file>
         <name>fs_ultof.asm.obj</name>
      </input_file>
      <input_file id="fl-2e">
         <path>C:\ti\ccs1281\ccs\tools\compiler\ti-cgt-msp430_21.6.1.LTS\lib\</path>
         <kind>archive</kind>
         <file>rts430_eabi.lib</file>
         <name>fs_utof.asm.obj</name>
      </input_file>
      <input_file id="fl-2f">
         <path>C:\ti\ccs1281\ccs\tools\compiler\ti-cgt-msp430_21.6.1.LTS\lib\</path>
         <kind>archive</kind>
         <file>rts430_eabi.lib</file>
         <name>int00.asm.obj</name>
      </input_file>
      <input_file id="fl-30">
         <path>C:\ti\ccs1281\ccs\tools\compiler\ti-cgt-msp430_21.6.1.LTS\lib\</path>
         <kind>archive</kind>
         <file>rts430_eabi.lib</file>
         <name>int02.asm.obj</name>
      </input_file>
      <input_file id="fl-31">
         <path>C:\ti\ccs1281\ccs\tools\compiler\ti-cgt-msp430_21.6.1.LTS\lib\</path>
         <kind>archive</kind>
         <file>rts430_eabi.lib</file>
         <name>int03.asm.obj</name>
      </input_file>
      <input_file id="fl-32">
         <path>C:\ti\ccs1281\ccs\tools\compiler\ti-cgt-msp430_21.6.1.LTS\lib\</path>
         <kind>archive</kind>
         <file>rts430_eabi.lib</file>
         <name>int06.asm.obj</name>
      </input_file>
      <input_file id="fl-33">
         <path>C:\ti\ccs1281\ccs\tools\compiler\ti-cgt-msp430_21.6.1.LTS\lib\</path>
         <kind>archive</kind>
         <file>rts430_eabi.lib</file>
         <name>int08.asm.obj</name>
      </input_file>
      <input_file id="fl-34">
         <path>C:\ti\ccs1281\ccs\tools\compiler\ti-cgt-msp430_21.6.1.LTS\lib\</path>
         <kind>archive</kind>
         <file>rts430_eabi.lib</file>
         <name>int10.asm.obj</name>
      </input_file>
      <input_file id="fl-35">
         <path>C:\ti\ccs1281\ccs\tools\compiler\ti-cgt-msp430_21.6.1.LTS\lib\</path>
         <kind>archive</kind>
         <file>rts430_eabi.lib</file>
         <name>int11.asm.obj</name>
      </input_file>
      <input_file id="fl-36">
         <path>C:\ti\ccs1281\ccs\tools\compiler\ti-cgt-msp430_21.6.1.LTS\lib\</path>
         <kind>archive</kind>
         <file>rts430_eabi.lib</file>
         <name>int12.asm.obj</name>
      </input_file>
      <input_file id="fl-37">
         <path>C:\ti\ccs1281\ccs\tools\compiler\ti-cgt-msp430_21.6.1.LTS\lib\</path>
         <kind>archive</kind>
         <file>rts430_eabi.lib</file>
         <name>int13.asm.obj</name>
      </input_file>
      <input_file id="fl-38">
         <path>C:\ti\ccs1281\ccs\tools\compiler\ti-cgt-msp430_21.6.1.LTS\lib\</path>
         <kind>archive</kind>
         <file>rts430_eabi.lib</file>
         <name>int14.asm.obj</name>
      </input_file>
      <input_file id="fl-39">
         <path>C:\ti\ccs1281\ccs\tools\compiler\ti-cgt-msp430_21.6.1.LTS\lib\</path>
         <kind>archive</kind>
         <file>rts430_eabi.lib</file>
         <name>isr_trap.asm.obj</name>
      </input_file>
      <input_file id="fl-3a">
         <path>C:\ti\ccs1281\ccs\tools\compiler\ti-cgt-msp430_21.6.1.LTS\lib\</path>
         <kind>archive</kind>
         <file>rts430_eabi.lib</file>
         <name>lsl16.asm.obj</name>
      </input_file>
      <input_file id="fl-3b">
         <path>C:\ti\ccs1281\ccs\tools\compiler\ti-cgt-msp430_21.6.1.LTS\lib\</path>
         <kind>archive</kind>
         <file>rts430_eabi.lib</file>
         <name>lsr16.asm.obj</name>
      </input_file>
      <input_file id="fl-3c">
         <path>C:\ti\ccs1281\ccs\tools\compiler\ti-cgt-msp430_21.6.1.LTS\lib\</path>
         <kind>archive</kind>
         <file>rts430_eabi.lib</file>
         <name>mult16.asm.obj</name>
      </input_file>
      <input_file id="fl-3d">
         <path>C:\ti\ccs1281\ccs\tools\compiler\ti-cgt-msp430_21.6.1.LTS\lib\</path>
         <kind>archive</kind>
         <file>rts430_eabi.lib</file>
         <name>boot.c.obj</name>
      </input_file>
      <input_file id="fl-3e">
         <path>C:\ti\ccs1281\ccs\tools\compiler\ti-cgt-msp430_21.6.1.LTS\lib\</path>
         <kind>archive</kind>
         <file>rts430_eabi.lib</file>
         <name>autoinit.c.obj</name>
      </input_file>
      <input_file id="fl-3f">
         <path>C:\ti\ccs1281\ccs\tools\compiler\ti-cgt-msp430_21.6.1.LTS\lib\</path>
         <kind>archive</kind>
         <file>rts430_eabi.lib</file>
         <name>copy_zero_init.c.obj</name>
      </input_file>
      <input_file id="fl-40">
         <path>C:\ti\ccs1281\ccs\tools\compiler\ti-cgt-msp430_21.6.1.LTS\lib\</path>
         <kind>archive</kind>
         <file>rts430_eabi.lib</file>
         <name>cpy_tbl.c.obj</name>
      </input_file>
      <input_file id="fl-41">
         <path>C:\ti\ccs1281\ccs\tools\compiler\ti-cgt-msp430_21.6.1.LTS\lib\</path>
         <kind>archive</kind>
         <file>rts430_eabi.lib</file>
         <name>mpu_init.c.obj</name>
      </input_file>
      <input_file id="fl-42">
         <path>C:\ti\ccs1281\ccs\tools\compiler\ti-cgt-msp430_21.6.1.LTS\lib\</path>
         <kind>archive</kind>
         <file>rts430_eabi.lib</file>
         <name>pre_init.c.obj</name>
      </input_file>
      <input_file id="fl-43">
         <path>C:\ti\ccs1281\ccs\tools\compiler\ti-cgt-msp430_21.6.1.LTS\lib\</path>
         <kind>archive</kind>
         <file>rts430_eabi.lib</file>
         <name>startup.c.obj</name>
      </input_file>
      <input_file id="fl-44">
         <path>C:\ti\ccs1281\ccs\tools\compiler\ti-cgt-msp430_21.6.1.LTS\lib\</path>
         <kind>archive</kind>
         <file>rts430_eabi.lib</file>
         <name>copy_decompress_none.c.obj</name>
      </input_file>
      <input_file id="fl-45">
         <path>C:\ti\ccs1281\ccs\tools\compiler\ti-cgt-msp430_21.6.1.LTS\lib\</path>
         <kind>archive</kind>
         <file>rts430_eabi.lib</file>
         <name>copy_decompress_lzss.c.obj</name>
      </input_file>
      <input_file id="fl-46">
         <path>C:\ti\ccs1281\ccs\tools\compiler\ti-cgt-msp430_21.6.1.LTS\lib\</path>
         <kind>archive</kind>
         <file>rts430_eabi.lib</file>
         <name>cvtdf.c.obj</name>
      </input_file>
      <input_file id="fl-47">
         <path>C:\ti\ccs1281\ccs\tools\compiler\ti-cgt-msp430_21.6.1.LTS\lib\</path>
         <kind>archive</kind>
         <file>rts430_eabi.lib</file>
         <name>addd.c.obj</name>
      </input_file>
      <input_file id="fl-48">
         <path>C:\ti\ccs1281\ccs\tools\compiler\ti-cgt-msp430_21.6.1.LTS\lib\</path>
         <kind>archive</kind>
         <file>rts430_eabi.lib</file>
         <name>cvtfd.c.obj</name>
      </input_file>
      <input_file id="fl-49">
         <path>C:\ti\ccs1281\ccs\tools\compiler\ti-cgt-msp430_21.6.1.LTS\lib\</path>
         <kind>archive</kind>
         <file>rts430_eabi.lib</file>
         <name>fltid.c.obj</name>
      </input_file>
      <input_file id="fl-4a">
         <path>C:\ti\ccs1281\ccs\tools\compiler\ti-cgt-msp430_21.6.1.LTS\lib\</path>
         <kind>archive</kind>
         <file>rts430_eabi.lib</file>
         <name>fltlid.c.obj</name>
      </input_file>
      <input_file id="fl-4b">
         <path>C:\ti\ccs1281\ccs\tools\compiler\ti-cgt-msp430_21.6.1.LTS\lib\</path>
         <kind>archive</kind>
         <file>rts430_eabi.lib</file>
         <name>mpyd.c.obj</name>
      </input_file>
      <input_file id="fl-4c">
         <path>C:\ti\ccs1281\ccs\tools\compiler\ti-cgt-msp430_21.6.1.LTS\lib\</path>
         <kind>archive</kind>
         <file>rts430_eabi.lib</file>
         <name>exit.c.obj</name>
      </input_file>
      <input_file id="fl-4d">
         <path>C:\ti\ccs1281\ccs\tools\compiler\ti-cgt-msp430_21.6.1.LTS\lib\</path>
         <kind>archive</kind>
         <file>rts430_eabi.lib</file>
         <name>_lock.c.obj</name>
      </input_file>
      <input_file id="fl-4e">
         <path>C:\ti\ccs1281\ccs\tools\compiler\ti-cgt-msp430_21.6.1.LTS\lib\</path>
         <kind>archive</kind>
         <file>rts430_eabi.lib</file>
         <name>args_main.c.obj</name>
      </input_file>
      <input_file id="fl-4f">
         <path>C:\ti\ccs1281\ccs\tools\compiler\ti-cgt-msp430_21.6.1.LTS\lib\</path>
         <kind>archive</kind>
         <file>rts430_eabi.lib</file>
         <name>memcmp.c.obj</name>
      </input_file>
      <input_file id="fl-50">
         <path>C:\ti\ccs1281\ccs\tools\compiler\ti-cgt-msp430_21.6.1.LTS\lib\</path>
         <kind>archive</kind>
         <file>rts430_eabi.lib</file>
         <name>memcpy.c.obj</name>
      </input_file>
      <input_file id="fl-51">
         <path>C:\ti\ccs1281\ccs\tools\compiler\ti-cgt-msp430_21.6.1.LTS\lib\</path>
         <kind>archive</kind>
         <file>rts430_eabi.lib</file>
         <name>strlen.c.obj</name>
      </input_file>
      <input_file id="fl-52">
         <path>C:\ti\ccs1281\ccs\tools\compiler\ti-cgt-msp430_21.6.1.LTS\lib\</path>
         <kind>archive</kind>
         <file>rts430_eabi.lib</file>
         <name>strncpy.c.obj</name>
      </input_file>
      <input_file id="fl-53">
         <path>C:\ti\ccs1281\ccs\tools\compiler\ti-cgt-msp430_21.6.1.LTS\lib\</path>
         <kind>archive</kind>
         <file>rts430_eabi.lib</file>
         <name>strstr.c.obj</name>
      </input_file>
      <input_file id="fl-54">
         <path>C:\ti\ccs1281\ccs\tools\compiler\ti-cgt-msp430_21.6.1.LTS\lib\</path>
         <kind>archive</kind>
         <file>rts430_eabi.lib</file>
         <name>asr32.asm.obj</name>
      </input_file>
      <input_file id="fl-55">
         <path>C:\ti\ccs1281\ccs\tools\compiler\ti-cgt-msp430_21.6.1.LTS\lib\</path>
         <kind>archive</kind>
         <file>rts430_eabi.lib</file>
         <name>lsl32.asm.obj</name>
      </input_file>
      <input_file id="fl-56">
         <path>C:\ti\ccs1281\ccs\tools\compiler\ti-cgt-msp430_21.6.1.LTS\lib\</path>
         <kind>archive</kind>
         <file>rts430_eabi.lib</file>
         <name>lsr32.asm.obj</name>
      </input_file>
      <input_file id="fl-57">
         <path>C:\ti\ccs1281\ccs\tools\compiler\ti-cgt-msp430_21.6.1.LTS\lib\</path>
         <kind>archive</kind>
         <file>rts430_eabi.lib</file>
         <name>exit_gvars.c.obj</name>
      </input_file>
      <input_file id="fl-58">
         <path>C:\ti\ccs1281\ccs\tools\compiler\ti-cgt-msp430_21.6.1.LTS\lib\</path>
         <kind>archive</kind>
         <file>rts430_eabi.lib</file>
         <name>asr64.c.obj</name>
      </input_file>
      <input_file id="fl-59">
         <path>C:\ti\ccs1281\ccs\tools\compiler\ti-cgt-msp430_21.6.1.LTS\lib\</path>
         <kind>archive</kind>
         <file>rts430_eabi.lib</file>
         <name>lsl64.c.obj</name>
      </input_file>
      <input_file id="fl-5a">
         <path>C:\ti\ccs1281\ccs\tools\compiler\ti-cgt-msp430_21.6.1.LTS\lib\</path>
         <kind>archive</kind>
         <file>rts430_eabi.lib</file>
         <name>lsr64.c.obj</name>
      </input_file>
      <input_file id="fl-5b">
         <path>C:\ti\ccs1281\ccs\tools\compiler\ti-cgt-msp430_21.6.1.LTS\lib\</path>
         <kind>archive</kind>
         <file>rts430_eabi.lib</file>
         <name>frcmpyd.c.obj</name>
      </input_file>
      <input_file id="fl-5c">
         <path>C:\ti\ccs1281\ccs\tools\compiler\ti-cgt-msp430_21.6.1.LTS\lib\</path>
         <kind>archive</kind>
         <file>rts430_eabi.lib</file>
         <name>mult3264.asm.obj</name>
      </input_file>
      <input_file id="fl-5d">
         <path>C:\ti\ccs1281\ccs\tools\compiler\ti-cgt-msp430_21.6.1.LTS\lib\</path>
         <kind>archive</kind>
         <file>rts430_eabi.lib</file>
         <name>mult64.asm.obj</name>
      </input_file>
      <input_file id="fl-5e">
         <path>C:\ti\ccs1281\ccs\tools\compiler\ti-cgt-msp430_21.6.1.LTS\lib\</path>
         <kind>archive</kind>
         <file>rts430_eabi.lib</file>
         <name>mult1632.asm.obj</name>
      </input_file>
      <input_file id="fl-5f">
         <path>C:\ti\ccs1281\ccs\tools\compiler\ti-cgt-msp430_21.6.1.LTS\lib\</path>
         <kind>archive</kind>
         <file>rts430_eabi.lib</file>
         <name>mult32.asm.obj</name>
      </input_file>
   </input_file_list>
   <object_component_list>
      <object_component id="oc-3fa">
         <name>.bss</name>
         <uninitialized>true</uninitialized>
         <run_address>0x2e0</run_address>
         <size>0x4</size>
         <input_file_ref idref="fl-4"/>
      </object_component>
      <object_component id="oc-3a4">
         <name>.bss</name>
         <uninitialized>true</uninitialized>
         <run_address>0x2ee</run_address>
         <size>0x1</size>
         <input_file_ref idref="fl-5"/>
      </object_component>
      <object_component id="oc-151">
         <name>.common:_MdmBuffer</name>
         <uninitialized>true</uninitialized>
         <run_address>0x200</run_address>
         <size>0x96</size>
      </object_component>
      <object_component id="oc-1d3">
         <name>.common:_MdmCbDataParsed</name>
         <uninitialized>true</uninitialized>
         <run_address>0x296</run_address>
         <size>0x32</size>
      </object_component>
      <object_component id="oc-22f">
         <name>.common:gAmbientLux</name>
         <uninitialized>true</uninitialized>
         <run_address>0x2ec</run_address>
         <size>0x2</size>
      </object_component>
      <object_component id="oc-354">
         <name>.common:temp_integer</name>
         <uninitialized>true</uninitialized>
         <run_address>0x2e8</run_address>
         <size>0x4</size>
      </object_component>
      <object_component id="oc-34d">
         <name>.common:tempData</name>
         <uninitialized>true</uninitialized>
         <run_address>0x2c8</run_address>
         <size>0x18</size>
      </object_component>
      <object_component id="oc-237">
         <name>.common:gAdcValAverager</name>
         <uninitialized>true</uninitialized>
         <run_address>0x2e4</run_address>
         <size>0x4</size>
      </object_component>
      <object_component id="oc-23d">
         <name>.common:gAdcValAverager_count</name>
         <uninitialized>true</uninitialized>
         <run_address>0x2ef</run_address>
         <size>0x1</size>
      </object_component>
      <object_component id="oc-14a">
         <name>.data</name>
         <load_address>0x322</load_address>
         <run_address>0x322</run_address>
         <size>0x8</size>
         <input_file_ref idref="fl-2"/>
      </object_component>
      <object_component id="oc-208">
         <name>.data:MatrixSetup</name>
         <load_address>0x314</load_address>
         <run_address>0x314</run_address>
         <size>0xe</size>
         <input_file_ref idref="fl-4"/>
      </object_component>
      <object_component id="oc-316">
         <name>.data:dispx</name>
         <load_address>0x33a</load_address>
         <run_address>0x33a</run_address>
         <size>0x8</size>
         <input_file_ref idref="fl-4"/>
      </object_component>
      <object_component id="oc-459">
         <name>.data</name>
         <load_address>0x32a</load_address>
         <run_address>0x32a</run_address>
         <size>0x8</size>
         <input_file_ref idref="fl-4"/>
      </object_component>
      <object_component id="oc-14e">
         <name>.data</name>
         <load_address>0x342</load_address>
         <run_address>0x342</run_address>
         <size>0x6</size>
         <input_file_ref idref="fl-5"/>
      </object_component>
      <object_component id="oc-157">
         <name>.data</name>
         <load_address>0x332</load_address>
         <run_address>0x332</run_address>
         <size>0x8</size>
         <input_file_ref idref="fl-6"/>
      </object_component>
      <object_component id="oc-1d0">
         <name>.data</name>
         <load_address>0x348</load_address>
         <run_address>0x348</run_address>
         <size>0x4</size>
         <input_file_ref idref="fl-8"/>
      </object_component>
      <object_component id="oc-30a">
         <name>.data:ReadData</name>
         <load_address>0x2f0</load_address>
         <run_address>0x2f0</run_address>
         <size>0x13</size>
         <input_file_ref idref="fl-8"/>
      </object_component>
      <object_component id="oc-1d4">
         <name>.data:systemIP</name>
         <load_address>0x304</load_address>
         <run_address>0x304</run_address>
         <size>0x10</size>
         <input_file_ref idref="fl-8"/>
      </object_component>
      <object_component id="oc-b2">
         <name>.stack</name>
         <uninitialized>true</uninitialized>
         <run_address>0x3b0</run_address>
         <size>0x2</size>
         <input_file_ref idref="fl-3d"/>
      </object_component>
      <object_component id="oc-4c5">
         <name>.stack</name>
         <uninitialized>true</uninitialized>
         <run_address>0x3b0</run_address>
         <size>0x0</size>
      </object_component>
      <object_component id="oc-341">
         <name>.text:__mspabi_addd</name>
         <load_address>0xc000</load_address>
         <run_address>0xc000</run_address>
         <size>0x736</size>
         <input_file_ref idref="fl-47"/>
      </object_component>
      <object_component id="oc-24d">
         <name>.text:ClockTempDisplay</name>
         <load_address>0xc736</load_address>
         <run_address>0xc736</run_address>
         <size>0x372</size>
         <input_file_ref idref="fl-8"/>
      </object_component>
      <object_component id="oc-33b">
         <name>.text:__mspabi_mpyd</name>
         <load_address>0xcaa8</load_address>
         <run_address>0xcaa8</run_address>
         <size>0x2c0</size>
         <input_file_ref idref="fl-4b"/>
      </object_component>
      <object_component id="oc-169">
         <name>.text:main</name>
         <load_address>0xcd68</load_address>
         <run_address>0xcd68</run_address>
         <size>0x204</size>
         <input_file_ref idref="fl-8"/>
      </object_component>
      <object_component id="oc-1e4">
         <name>.text:InitADC10_new</name>
         <load_address>0xcf6c</load_address>
         <run_address>0xcf6c</run_address>
         <size>0x1d0</size>
         <input_file_ref idref="fl-2"/>
      </object_component>
      <object_component id="oc-2db">
         <name>.text:esp_Control_Init</name>
         <load_address>0xd13c</load_address>
         <run_address>0xd13c</run_address>
         <size>0x194</size>
         <input_file_ref idref="fl-5"/>
      </object_component>
      <object_component id="oc-3fe">
         <name>.text:loopingDisplay</name>
         <load_address>0xd2d0</load_address>
         <run_address>0xd2d0</run_address>
         <size>0x18a</size>
         <input_file_ref idref="fl-4"/>
      </object_component>
      <object_component id="oc-3d8">
         <name>.text:__TI_frcmpyd</name>
         <load_address>0xd45a</load_address>
         <run_address>0xd45a</run_address>
         <size>0x172</size>
         <input_file_ref idref="fl-5b"/>
      </object_component>
      <object_component id="oc-238">
         <name>.text</name>
         <load_address>0xd5cc</load_address>
         <run_address>0xd5cc</run_address>
         <size>0x132</size>
         <input_file_ref idref="fl-27"/>
      </object_component>
      <object_component id="oc-211">
         <name>.text:ConfigureEspUART</name>
         <load_address>0xd6fe</load_address>
         <run_address>0xd6fe</run_address>
         <size>0x11e</size>
         <input_file_ref idref="fl-5"/>
      </object_component>
      <object_component id="oc-43e">
         <name>.text:__mpyll</name>
         <load_address>0xd81c</load_address>
         <run_address>0xd81c</run_address>
         <size>0x114</size>
         <input_file_ref idref="fl-5d"/>
      </object_component>
      <object_component id="oc-217">
         <name>.text:enable_Esp_TCP_Server</name>
         <load_address>0xd930</load_address>
         <run_address>0xd930</run_address>
         <size>0x106</size>
         <input_file_ref idref="fl-5"/>
      </object_component>
      <object_component id="oc-34e">
         <name>.text:dotMatrixSendRowWise</name>
         <load_address>0xda36</load_address>
         <run_address>0xda36</run_address>
         <size>0xd6</size>
         <input_file_ref idref="fl-4"/>
      </object_component>
      <object_component id="oc-202">
         <name>.text:_ElapseTimeCCR0_A0</name>
         <load_address>0xdb0c</load_address>
         <run_address>0xdb0c</run_address>
         <size>0xca</size>
         <input_file_ref idref="fl-6"/>
      </object_component>
      <object_component id="oc-30d">
         <name>.text:ReadFromDS1307MultiBytes</name>
         <load_address>0xdbd6</load_address>
         <run_address>0xdbd6</run_address>
         <size>0xc6</size>
         <input_file_ref idref="fl-3"/>
      </object_component>
      <object_component id="oc-2d6">
         <name>.text</name>
         <load_address>0xdc9c</load_address>
         <run_address>0xdc9c</run_address>
         <size>0xc4</size>
         <input_file_ref idref="fl-2a"/>
      </object_component>
      <object_component id="oc-347">
         <name>.text:__mspabi_cvtdf</name>
         <load_address>0xdd60</load_address>
         <run_address>0xdd60</run_address>
         <size>0xb4</size>
         <input_file_ref idref="fl-46"/>
      </object_component>
      <object_component id="oc-3d1">
         <name>.text:__mspabi_fltlid</name>
         <load_address>0xde14</load_address>
         <run_address>0xde14</run_address>
         <size>0xac</size>
         <input_file_ref idref="fl-4a"/>
      </object_component>
      <object_component id="oc-23e">
         <name>.text</name>
         <load_address>0xdec0</load_address>
         <run_address>0xdec0</run_address>
         <size>0x9c</size>
         <input_file_ref idref="fl-28"/>
      </object_component>
      <object_component id="oc-223">
         <name>.text:check_ESP_Buff_for_TCP_client_data</name>
         <load_address>0xdf5c</load_address>
         <run_address>0xdf5c</run_address>
         <size>0x98</size>
         <input_file_ref idref="fl-5"/>
      </object_component>
      <object_component id="oc-35">
         <name>.text:decompress:lzss:__TI_decompress_lzss</name>
         <load_address>0xdff4</load_address>
         <run_address>0xdff4</run_address>
         <size>0x7c</size>
         <input_file_ref idref="fl-45"/>
      </object_component>
      <object_component id="oc-32f">
         <name>.text:__mspabi_cvtfd</name>
         <load_address>0xe070</load_address>
         <run_address>0xe070</run_address>
         <size>0x70</size>
         <input_file_ref idref="fl-48"/>
      </object_component>
      <object_component id="oc-1d8">
         <name>.text:CalibrateDco</name>
         <load_address>0xe0e0</load_address>
         <run_address>0xe0e0</run_address>
         <size>0x6e</size>
         <input_file_ref idref="fl-7"/>
      </object_component>
      <object_component id="oc-243">
         <name>.text</name>
         <load_address>0xe14e</load_address>
         <run_address>0xe14e</run_address>
         <size>0x68</size>
         <input_file_ref idref="fl-2b"/>
      </object_component>
      <object_component id="oc-2c0">
         <name>.text:sendData</name>
         <load_address>0xe1b6</load_address>
         <run_address>0xe1b6</run_address>
         <size>0x62</size>
         <input_file_ref idref="fl-4"/>
      </object_component>
      <object_component id="oc-437">
         <name>.text:l_lsr_const</name>
         <load_address>0xe218</load_address>
         <run_address>0xe218</run_address>
         <size>0x5c</size>
         <input_file_ref idref="fl-56"/>
      </object_component>
      <object_component id="oc-1f6">
         <name>.text:parseEsp01_TCP_Client_Reply</name>
         <load_address>0xe274</load_address>
         <run_address>0xe274</run_address>
         <size>0x5c</size>
         <input_file_ref idref="fl-5"/>
      </object_component>
      <object_component id="oc-bb">
         <name>.text</name>
         <load_address>0xe2d0</load_address>
         <run_address>0xe2d0</run_address>
         <size>0x4c</size>
         <input_file_ref idref="fl-3b"/>
      </object_component>
      <object_component id="oc-3e5">
         <name>.text:__mspabi_srall</name>
         <load_address>0xe31c</load_address>
         <run_address>0xe31c</run_address>
         <size>0x4a</size>
         <input_file_ref idref="fl-58"/>
      </object_component>
      <object_component id="oc-2f6">
         <name>.text:find_pattern_in_buff</name>
         <load_address>0xe366</load_address>
         <run_address>0xe366</run_address>
         <size>0x4a</size>
         <input_file_ref idref="fl-5"/>
      </object_component>
      <object_component id="oc-1de">
         <name>.text:BasicInitUSCI</name>
         <load_address>0xe3b0</load_address>
         <run_address>0xe3b0</run_address>
         <size>0x46</size>
         <input_file_ref idref="fl-3"/>
      </object_component>
      <object_component id="oc-448">
         <name>.text:__mspabi_srlll</name>
         <load_address>0xe3f6</load_address>
         <run_address>0xe3f6</run_address>
         <size>0x46</size>
         <input_file_ref idref="fl-5a"/>
      </object_component>
      <object_component id="oc-2e2">
         <name>.text:mdmReplySearch</name>
         <load_address>0xe43c</load_address>
         <run_address>0xe43c</run_address>
         <size>0x46</size>
         <input_file_ref idref="fl-5"/>
      </object_component>
      <object_component id="oc-2cc">
         <name>.text</name>
         <load_address>0xe482</load_address>
         <run_address>0xe482</run_address>
         <size>0x46</size>
         <input_file_ref idref="fl-2c"/>
      </object_component>
      <object_component id="oc-3eb">
         <name>.text:__mspabi_sllll</name>
         <load_address>0xe4c8</load_address>
         <run_address>0xe4c8</run_address>
         <size>0x44</size>
         <input_file_ref idref="fl-59"/>
      </object_component>
      <object_component id="oc-260">
         <name>.text:__TI_auto_init_nobinit_nopinit:__TI_auto_init_nobinit_nopinit</name>
         <load_address>0xe50c</load_address>
         <run_address>0xe50c</run_address>
         <size>0x42</size>
         <input_file_ref idref="fl-3e"/>
      </object_component>
      <object_component id="oc-1ea">
         <name>.text:calculate_light_intensity</name>
         <load_address>0xe54e</load_address>
         <run_address>0xe54e</run_address>
         <size>0x42</size>
         <input_file_ref idref="fl-7"/>
      </object_component>
      <object_component id="oc-3c5">
         <name>.text:l_asr_const</name>
         <load_address>0xe590</load_address>
         <run_address>0xe590</run_address>
         <size>0x3e</size>
         <input_file_ref idref="fl-54"/>
      </object_component>
      <object_component id="oc-3f3">
         <name>.text:l_lsl_const</name>
         <load_address>0xe5ce</load_address>
         <run_address>0xe5ce</run_address>
         <size>0x3e</size>
         <input_file_ref idref="fl-55"/>
      </object_component>
      <object_component id="oc-e2">
         <name>.text:ADC10_ISR</name>
         <load_address>0xe60c</load_address>
         <run_address>0xe60c</run_address>
         <size>0x38</size>
         <input_file_ref idref="fl-2"/>
      </object_component>
      <object_component id="oc-20b">
         <name>.text:initSend_MAX7219</name>
         <load_address>0xe644</load_address>
         <run_address>0xe644</run_address>
         <size>0x36</size>
         <input_file_ref idref="fl-8"/>
      </object_component>
      <object_component id="oc-232">
         <name>.text</name>
         <load_address>0xe67a</load_address>
         <run_address>0xe67a</run_address>
         <size>0x36</size>
         <input_file_ref idref="fl-29"/>
      </object_component>
      <object_component id="oc-2ae">
         <name>.text:strstr</name>
         <load_address>0xe6b0</load_address>
         <run_address>0xe6b0</run_address>
         <size>0x36</size>
         <input_file_ref idref="fl-53"/>
      </object_component>
      <object_component id="oc-ee">
         <name>.text:Timer_A</name>
         <load_address>0xe6e6</load_address>
         <run_address>0xe6e6</run_address>
         <size>0x34</size>
         <input_file_ref idref="fl-6"/>
      </object_component>
      <object_component id="oc-2c7">
         <name>.text</name>
         <load_address>0xe71a</load_address>
         <run_address>0xe71a</run_address>
         <size>0x32</size>
         <input_file_ref idref="fl-2d"/>
      </object_component>
      <object_component id="oc-31c">
         <name>.text</name>
         <load_address>0xe74c</load_address>
         <run_address>0xe74c</run_address>
         <size>0x2c</size>
         <input_file_ref idref="fl-23"/>
      </object_component>
      <object_component id="oc-248">
         <name>.text</name>
         <load_address>0xe778</load_address>
         <run_address>0xe778</run_address>
         <size>0x2c</size>
         <input_file_ref idref="fl-24"/>
      </object_component>
      <object_component id="oc-b6">
         <name>.text</name>
         <load_address>0xe7a4</load_address>
         <run_address>0xe7a4</run_address>
         <size>0x2c</size>
         <input_file_ref idref="fl-3a"/>
      </object_component>
      <object_component id="oc-2ef">
         <name>.text:strncpy</name>
         <load_address>0xe7d0</load_address>
         <run_address>0xe7d0</run_address>
         <size>0x2c</size>
         <input_file_ref idref="fl-52"/>
      </object_component>
      <object_component id="oc-395">
         <name>.text:ClrEspBuff</name>
         <load_address>0xe7fc</load_address>
         <run_address>0xe7fc</run_address>
         <size>0x26</size>
         <input_file_ref idref="fl-5"/>
      </object_component>
      <object_component id="oc-470">
         <name>.text</name>
         <load_address>0xe822</load_address>
         <run_address>0xe822</run_address>
         <size>0x26</size>
         <input_file_ref idref="fl-5f"/>
      </object_component>
      <object_component id="oc-2d1">
         <name>.text</name>
         <load_address>0xe848</load_address>
         <run_address>0xe848</run_address>
         <size>0x24</size>
         <input_file_ref idref="fl-2e"/>
      </object_component>
      <object_component id="oc-475">
         <name>.text:__mpyul</name>
         <load_address>0xe86c</load_address>
         <run_address>0xe86c</run_address>
         <size>0x22</size>
         <input_file_ref idref="fl-5e"/>
      </object_component>
      <object_component id="oc-3af">
         <name>.text:memcmp</name>
         <load_address>0xe88e</load_address>
         <run_address>0xe88e</run_address>
         <size>0x22</size>
         <input_file_ref idref="fl-4f"/>
      </object_component>
      <object_component id="oc-2e8">
         <name>.text:FlushEspBuff</name>
         <load_address>0xe8b0</load_address>
         <run_address>0xe8b0</run_address>
         <size>0x20</size>
         <input_file_ref idref="fl-5"/>
      </object_component>
      <object_component id="oc-e8">
         <name>.text:USCI0RX_ISR</name>
         <load_address>0xe8d0</load_address>
         <run_address>0xe8d0</run_address>
         <size>0x20</size>
         <input_file_ref idref="fl-5"/>
      </object_component>
      <object_component id="oc-355">
         <name>.text:interDisplayBlanking</name>
         <load_address>0xe8f0</load_address>
         <run_address>0xe8f0</run_address>
         <size>0x20</size>
         <input_file_ref idref="fl-4"/>
      </object_component>
      <object_component id="oc-443">
         <name>.text:__mpyull</name>
         <load_address>0xe910</load_address>
         <run_address>0xe910</run_address>
         <size>0x1e</size>
         <input_file_ref idref="fl-5c"/>
      </object_component>
      <object_component id="oc-106">
         <name>.text:_c_int00_noargs</name>
         <load_address>0xe92e</load_address>
         <run_address>0xe92e</run_address>
         <size>0x1c</size>
         <input_file_ref idref="fl-3d"/>
      </object_component>
      <object_component id="oc-229">
         <name>.text:controlConversion</name>
         <load_address>0xe94a</load_address>
         <run_address>0xe94a</run_address>
         <size>0x1c</size>
         <input_file_ref idref="fl-2"/>
      </object_component>
      <object_component id="oc-2b4">
         <name>.text:SendDataToESP</name>
         <load_address>0xe966</load_address>
         <run_address>0xe966</run_address>
         <size>0x18</size>
         <input_file_ref idref="fl-5"/>
      </object_component>
      <object_component id="oc-329">
         <name>.text:TW_CalcDecFrmTwozComp</name>
         <load_address>0xe97e</load_address>
         <run_address>0xe97e</run_address>
         <size>0x18</size>
         <input_file_ref idref="fl-7"/>
      </object_component>
      <object_component id="oc-21d">
         <name>.text:handleParsedESPData</name>
         <load_address>0xe996</load_address>
         <run_address>0xe996</run_address>
         <size>0x18</size>
         <input_file_ref idref="fl-8"/>
      </object_component>
      <object_component id="oc-304">
         <name>.text</name>
         <load_address>0xe9ae</load_address>
         <run_address>0xe9ae</run_address>
         <size>0x16</size>
         <input_file_ref idref="fl-25"/>
      </object_component>
      <object_component id="oc-f4">
         <name>.text:decompress:ZI:__TI_zero_init_nomemset:__TI_zero_init_nomemset</name>
         <load_address>0xe9c4</load_address>
         <run_address>0xe9c4</run_address>
         <size>0x14</size>
         <input_file_ref idref="fl-3f"/>
      </object_component>
      <object_component id="oc-321">
         <name>.text</name>
         <load_address>0xe9d8</load_address>
         <run_address>0xe9d8</run_address>
         <size>0x14</size>
         <input_file_ref idref="fl-3c"/>
      </object_component>
      <object_component id="oc-3b">
         <name>.text:decompress:none:__TI_decompress_none</name>
         <load_address>0xe9ec</load_address>
         <run_address>0xe9ec</run_address>
         <size>0x12</size>
         <input_file_ref idref="fl-44"/>
      </object_component>
      <object_component id="oc-d0">
         <name>.text:memcpy</name>
         <load_address>0xe9fe</load_address>
         <run_address>0xe9fe</run_address>
         <size>0x12</size>
         <input_file_ref idref="fl-50"/>
      </object_component>
      <object_component id="oc-c0">
         <name>.text</name>
         <load_address>0xea10</load_address>
         <run_address>0xea10</run_address>
         <size>0x10</size>
         <input_file_ref idref="fl-26"/>
      </object_component>
      <object_component id="oc-3a9">
         <name>.text:strlen</name>
         <load_address>0xea20</load_address>
         <run_address>0xea20</run_address>
         <size>0xe</size>
         <input_file_ref idref="fl-51"/>
      </object_component>
      <object_component id="oc-335">
         <name>.text:__mspabi_fltid</name>
         <load_address>0xea2e</load_address>
         <run_address>0xea2e</run_address>
         <size>0xc</size>
         <input_file_ref idref="fl-49"/>
      </object_component>
      <object_component id="oc-dd">
         <name>.text:_isr:__TI_ISR_TRAP</name>
         <load_address>0xea3a</load_address>
         <run_address>0xea3a</run_address>
         <size>0x8</size>
         <input_file_ref idref="fl-39"/>
      </object_component>
      <object_component id="oc-254">
         <name>.text:abort</name>
         <load_address>0xea42</load_address>
         <run_address>0xea42</run_address>
         <size>0x6</size>
         <input_file_ref idref="fl-4c"/>
      </object_component>
      <object_component id="oc-1f0">
         <name>.text:register_adc10_callback</name>
         <load_address>0xea48</load_address>
         <run_address>0xea48</run_address>
         <size>0x6</size>
         <input_file_ref idref="fl-2"/>
      </object_component>
      <object_component id="oc-1fc">
         <name>.text:register_esp01_callback</name>
         <load_address>0xea4e</load_address>
         <run_address>0xea4e</run_address>
         <size>0x6</size>
         <input_file_ref idref="fl-5"/>
      </object_component>
      <object_component id="oc-163">
         <name>.text:_system_pre_init</name>
         <load_address>0xea54</load_address>
         <run_address>0xea54</run_address>
         <size>0x4</size>
         <input_file_ref idref="fl-42"/>
      </object_component>
      <object_component id="oc-36e">
         <name>.text:_system_post_cinit</name>
         <load_address>0xea58</load_address>
         <run_address>0xea58</run_address>
         <size>0x2</size>
         <input_file_ref idref="fl-43"/>
      </object_component>
      <object_component id="oc-4c4">
         <name>.cinit..data.load</name>
         <load_address>0xed1a</load_address>
         <run_address>0xed1a</run_address>
         <size>0x49</size>
      </object_component>
      <object_component id="oc-4c1">
         <name>__TI_handler_table</name>
         <load_address>0xed64</load_address>
         <run_address>0xed64</run_address>
         <size>0x6</size>
      </object_component>
      <object_component id="oc-4c3">
         <name>.cinit..bss.load</name>
         <load_address>0xed6a</load_address>
         <run_address>0xed6a</run_address>
         <size>0x4</size>
      </object_component>
      <object_component id="oc-4c2">
         <name>__TI_cinit_table</name>
         <load_address>0xed6e</load_address>
         <run_address>0xed6e</run_address>
         <size>0x8</size>
      </object_component>
      <object_component id="oc-313">
         <name>.const:disp1</name>
         <load_address>0xea5a</load_address>
         <run_address>0xea5a</run_address>
         <size>0x128</size>
         <input_file_ref idref="fl-4"/>
      </object_component>
      <object_component id="oc-2ad">
         <name>.const:.string</name>
         <load_address>0xeb82</load_address>
         <run_address>0xeb82</run_address>
         <size>0xe2</size>
         <input_file_ref idref="fl-5"/>
      </object_component>
      <object_component id="oc-1cd">
         <name>.const:$P$T1$2</name>
         <load_address>0xec64</load_address>
         <run_address>0xec64</run_address>
         <size>0x34</size>
         <input_file_ref idref="fl-8"/>
      </object_component>
      <object_component id="oc-326">
         <name>.const:months</name>
         <load_address>0xec98</load_address>
         <run_address>0xec98</run_address>
         <size>0x24</size>
         <input_file_ref idref="fl-8"/>
      </object_component>
      <object_component id="oc-2a8">
         <name>.const:$P$T0$2</name>
         <load_address>0xecbc</load_address>
         <run_address>0xecbc</run_address>
         <size>0x20</size>
         <input_file_ref idref="fl-7"/>
      </object_component>
      <object_component id="oc-1d7">
         <name>.const:.string</name>
         <load_address>0xecdc</load_address>
         <run_address>0xecdc</run_address>
         <size>0x1c</size>
         <input_file_ref idref="fl-8"/>
      </object_component>
      <object_component id="oc-319">
         <name>.const:dow</name>
         <load_address>0xecf8</load_address>
         <run_address>0xecf8</run_address>
         <size>0x15</size>
         <input_file_ref idref="fl-8"/>
      </object_component>
      <object_component id="oc-1ca">
         <name>.const:$P$T0$1</name>
         <load_address>0xed0e</load_address>
         <run_address>0xed0e</run_address>
         <size>0xc</size>
         <input_file_ref idref="fl-8"/>
      </object_component>
      <object_component id="oc-482">
         <name>.binit</name>
         <load_address>0xc000</load_address>
         <run_address>0xc000</run_address>
         <size>0x0</size>
      </object_component>
      <object_component id="oc-41">
         <name>.int00</name>
         <load_address>0xffe0</load_address>
         <run_address>0xffe0</run_address>
         <size>0x2</size>
         <input_file_ref idref="fl-2f"/>
      </object_component>
      <object_component id="oc-42">
         <name>.int02</name>
         <load_address>0xffe4</load_address>
         <run_address>0xffe4</run_address>
         <size>0x2</size>
         <input_file_ref idref="fl-30"/>
      </object_component>
      <object_component id="oc-43">
         <name>.int03</name>
         <load_address>0xffe6</load_address>
         <run_address>0xffe6</run_address>
         <size>0x2</size>
         <input_file_ref idref="fl-31"/>
      </object_component>
      <object_component id="oc-44">
         <name>.int05</name>
         <load_address>0xffea</load_address>
         <run_address>0xffea</run_address>
         <size>0x2</size>
         <input_file_ref idref="fl-2"/>
      </object_component>
      <object_component id="oc-45">
         <name>.int06</name>
         <load_address>0xffec</load_address>
         <run_address>0xffec</run_address>
         <size>0x2</size>
         <input_file_ref idref="fl-32"/>
      </object_component>
      <object_component id="oc-46">
         <name>.int07</name>
         <load_address>0xffee</load_address>
         <run_address>0xffee</run_address>
         <size>0x2</size>
         <input_file_ref idref="fl-5"/>
      </object_component>
      <object_component id="oc-47">
         <name>.int08</name>
         <load_address>0xfff0</load_address>
         <run_address>0xfff0</run_address>
         <size>0x2</size>
         <input_file_ref idref="fl-33"/>
      </object_component>
      <object_component id="oc-48">
         <name>.int09</name>
         <load_address>0xfff2</load_address>
         <run_address>0xfff2</run_address>
         <size>0x2</size>
         <input_file_ref idref="fl-6"/>
      </object_component>
      <object_component id="oc-49">
         <name>.int10</name>
         <load_address>0xfff4</load_address>
         <run_address>0xfff4</run_address>
         <size>0x2</size>
         <input_file_ref idref="fl-34"/>
      </object_component>
      <object_component id="oc-4a">
         <name>.int11</name>
         <load_address>0xfff6</load_address>
         <run_address>0xfff6</run_address>
         <size>0x2</size>
         <input_file_ref idref="fl-35"/>
      </object_component>
      <object_component id="oc-4b">
         <name>.int12</name>
         <load_address>0xfff8</load_address>
         <run_address>0xfff8</run_address>
         <size>0x2</size>
         <input_file_ref idref="fl-36"/>
      </object_component>
      <object_component id="oc-4c">
         <name>.int13</name>
         <load_address>0xfffa</load_address>
         <run_address>0xfffa</run_address>
         <size>0x2</size>
         <input_file_ref idref="fl-37"/>
      </object_component>
      <object_component id="oc-4d">
         <name>.int14</name>
         <load_address>0xfffc</load_address>
         <run_address>0xfffc</run_address>
         <size>0x2</size>
         <input_file_ref idref="fl-38"/>
      </object_component>
      <object_component id="oc-b5">
         <name>.reset</name>
         <load_address>0xfffe</load_address>
         <run_address>0xfffe</run_address>
         <size>0x2</size>
         <input_file_ref idref="fl-3d"/>
      </object_component>
      <object_component id="oc-19a">
         <name>.debug_info</name>
         <load_address>0x0</load_address>
         <run_address>0x0</run_address>
         <size>0x23f</size>
         <input_file_ref idref="fl-2"/>
      </object_component>
      <object_component id="oc-14b">
         <name>.debug_info</name>
         <load_address>0x23f</load_address>
         <run_address>0x23f</run_address>
         <size>0x15a</size>
         <input_file_ref idref="fl-2"/>
      </object_component>
      <object_component id="oc-1f1">
         <name>.debug_info</name>
         <load_address>0x399</load_address>
         <run_address>0x399</run_address>
         <size>0x159</size>
         <input_file_ref idref="fl-2"/>
      </object_component>
      <object_component id="oc-22a">
         <name>.debug_info</name>
         <load_address>0x4f2</load_address>
         <run_address>0x4f2</run_address>
         <size>0x141</size>
         <input_file_ref idref="fl-2"/>
      </object_component>
      <object_component id="oc-1e5">
         <name>.debug_info</name>
         <load_address>0x633</load_address>
         <run_address>0x633</run_address>
         <size>0x159</size>
         <input_file_ref idref="fl-2"/>
      </object_component>
      <object_component id="oc-e4">
         <name>.debug_info</name>
         <load_address>0x78c</load_address>
         <run_address>0x78c</run_address>
         <size>0x116</size>
         <input_file_ref idref="fl-2"/>
      </object_component>
      <object_component id="oc-19f">
         <name>.debug_info</name>
         <load_address>0x8a2</load_address>
         <run_address>0x8a2</run_address>
         <size>0x26b</size>
         <input_file_ref idref="fl-2"/>
      </object_component>
      <object_component id="oc-18e">
         <name>.debug_info</name>
         <load_address>0xb0d</load_address>
         <run_address>0xb0d</run_address>
         <size>0x8b</size>
         <input_file_ref idref="fl-2"/>
      </object_component>
      <object_component id="oc-293">
         <name>.debug_info</name>
         <load_address>0xb98</load_address>
         <run_address>0xb98</run_address>
         <size>0x282</size>
         <input_file_ref idref="fl-2"/>
      </object_component>
      <object_component id="oc-1b5">
         <name>.debug_info</name>
         <load_address>0xe1a</load_address>
         <run_address>0xe1a</run_address>
         <size>0xef</size>
         <input_file_ref idref="fl-2"/>
      </object_component>
      <object_component id="oc-195">
         <name>.debug_info</name>
         <load_address>0xf09</load_address>
         <run_address>0xf09</run_address>
         <size>0xbb</size>
         <input_file_ref idref="fl-2"/>
      </object_component>
      <object_component id="oc-1ba">
         <name>.debug_info</name>
         <load_address>0xfc4</load_address>
         <run_address>0xfc4</run_address>
         <size>0xcd</size>
         <input_file_ref idref="fl-2"/>
      </object_component>
      <object_component id="oc-2a6">
         <name>.debug_info</name>
         <load_address>0x1091</load_address>
         <run_address>0x1091</run_address>
         <size>0x260</size>
         <input_file_ref idref="fl-3"/>
      </object_component>
      <object_component id="oc-30f">
         <name>.debug_info</name>
         <load_address>0x12f1</load_address>
         <run_address>0x12f1</run_address>
         <size>0x222</size>
         <input_file_ref idref="fl-3"/>
      </object_component>
      <object_component id="oc-1df">
         <name>.debug_info</name>
         <load_address>0x1513</load_address>
         <run_address>0x1513</run_address>
         <size>0x12f</size>
         <input_file_ref idref="fl-3"/>
      </object_component>
      <object_component id="oc-cb">
         <name>.debug_info</name>
         <load_address>0x1642</load_address>
         <run_address>0x1642</run_address>
         <size>0x84</size>
         <input_file_ref idref="fl-3"/>
      </object_component>
      <object_component id="oc-2bf">
         <name>.debug_info</name>
         <load_address>0x16c6</load_address>
         <run_address>0x16c6</run_address>
         <size>0x1d7</size>
         <input_file_ref idref="fl-4"/>
      </object_component>
      <object_component id="oc-314">
         <name>.debug_info</name>
         <load_address>0x189d</load_address>
         <run_address>0x189d</run_address>
         <size>0xdd</size>
         <input_file_ref idref="fl-4"/>
      </object_component>
      <object_component id="oc-209">
         <name>.debug_info</name>
         <load_address>0x197a</load_address>
         <run_address>0x197a</run_address>
         <size>0xe9</size>
         <input_file_ref idref="fl-4"/>
      </object_component>
      <object_component id="oc-317">
         <name>.debug_info</name>
         <load_address>0x1a63</load_address>
         <run_address>0x1a63</run_address>
         <size>0xdd</size>
         <input_file_ref idref="fl-4"/>
      </object_component>
      <object_component id="oc-2c1">
         <name>.debug_info</name>
         <load_address>0x1b40</load_address>
         <run_address>0x1b40</run_address>
         <size>0x1d3</size>
         <input_file_ref idref="fl-4"/>
      </object_component>
      <object_component id="oc-3fb">
         <name>.debug_info</name>
         <load_address>0x1d13</load_address>
         <run_address>0x1d13</run_address>
         <size>0x3b3</size>
         <input_file_ref idref="fl-4"/>
      </object_component>
      <object_component id="oc-34f">
         <name>.debug_info</name>
         <load_address>0x20c6</load_address>
         <run_address>0x20c6</run_address>
         <size>0x235</size>
         <input_file_ref idref="fl-4"/>
      </object_component>
      <object_component id="oc-358">
         <name>.debug_info</name>
         <load_address>0x22fb</load_address>
         <run_address>0x22fb</run_address>
         <size>0x1da</size>
         <input_file_ref idref="fl-4"/>
      </object_component>
      <object_component id="oc-45a">
         <name>.debug_info</name>
         <load_address>0x24d5</load_address>
         <run_address>0x24d5</run_address>
         <size>0x277</size>
         <input_file_ref idref="fl-4"/>
      </object_component>
      <object_component id="oc-1bf">
         <name>.debug_info</name>
         <load_address>0x274c</load_address>
         <run_address>0x274c</run_address>
         <size>0x94</size>
         <input_file_ref idref="fl-4"/>
      </object_component>
      <object_component id="oc-152">
         <name>.debug_info</name>
         <load_address>0x27e0</load_address>
         <run_address>0x27e0</run_address>
         <size>0x413</size>
         <input_file_ref idref="fl-5"/>
      </object_component>
      <object_component id="oc-14f">
         <name>.debug_info</name>
         <load_address>0x2bf3</load_address>
         <run_address>0x2bf3</run_address>
         <size>0x13f</size>
         <input_file_ref idref="fl-5"/>
      </object_component>
      <object_component id="oc-1fd">
         <name>.debug_info</name>
         <load_address>0x2d32</load_address>
         <run_address>0x2d32</run_address>
         <size>0x183</size>
         <input_file_ref idref="fl-5"/>
      </object_component>
      <object_component id="oc-396">
         <name>.debug_info</name>
         <load_address>0x2eb5</load_address>
         <run_address>0x2eb5</run_address>
         <size>0x149</size>
         <input_file_ref idref="fl-5"/>
      </object_component>
      <object_component id="oc-2b5">
         <name>.debug_info</name>
         <load_address>0x2ffe</load_address>
         <run_address>0x2ffe</run_address>
         <size>0x173</size>
         <input_file_ref idref="fl-5"/>
      </object_component>
      <object_component id="oc-1f7">
         <name>.debug_info</name>
         <load_address>0x3171</load_address>
         <run_address>0x3171</run_address>
         <size>0x1d0</size>
         <input_file_ref idref="fl-5"/>
      </object_component>
      <object_component id="oc-2e3">
         <name>.debug_info</name>
         <load_address>0x3341</load_address>
         <run_address>0x3341</run_address>
         <size>0x200</size>
         <input_file_ref idref="fl-5"/>
      </object_component>
      <object_component id="oc-2f7">
         <name>.debug_info</name>
         <load_address>0x3541</load_address>
         <run_address>0x3541</run_address>
         <size>0x20f</size>
         <input_file_ref idref="fl-5"/>
      </object_component>
      <object_component id="oc-2dc">
         <name>.debug_info</name>
         <load_address>0x3750</load_address>
         <run_address>0x3750</run_address>
         <size>0x1ff</size>
         <input_file_ref idref="fl-5"/>
      </object_component>
      <object_component id="oc-2e9">
         <name>.debug_info</name>
         <load_address>0x394f</load_address>
         <run_address>0x394f</run_address>
         <size>0x164</size>
         <input_file_ref idref="fl-5"/>
      </object_component>
      <object_component id="oc-218">
         <name>.debug_info</name>
         <load_address>0x3ab3</load_address>
         <run_address>0x3ab3</run_address>
         <size>0x36e</size>
         <input_file_ref idref="fl-5"/>
      </object_component>
      <object_component id="oc-224">
         <name>.debug_info</name>
         <load_address>0x3e21</load_address>
         <run_address>0x3e21</run_address>
         <size>0x278</size>
         <input_file_ref idref="fl-5"/>
      </object_component>
      <object_component id="oc-e9">
         <name>.debug_info</name>
         <load_address>0x4099</load_address>
         <run_address>0x4099</run_address>
         <size>0x13d</size>
         <input_file_ref idref="fl-5"/>
      </object_component>
      <object_component id="oc-212">
         <name>.debug_info</name>
         <load_address>0x41d6</load_address>
         <run_address>0x41d6</run_address>
         <size>0x2b2</size>
         <input_file_ref idref="fl-5"/>
      </object_component>
      <object_component id="oc-1a9">
         <name>.debug_info</name>
         <load_address>0x4488</load_address>
         <run_address>0x4488</run_address>
         <size>0x47b</size>
         <input_file_ref idref="fl-5"/>
      </object_component>
      <object_component id="oc-13d">
         <name>.debug_info</name>
         <load_address>0x4903</load_address>
         <run_address>0x4903</run_address>
         <size>0x2c</size>
         <input_file_ref idref="fl-5"/>
      </object_component>
      <object_component id="oc-1a4">
         <name>.debug_info</name>
         <load_address>0x492f</load_address>
         <run_address>0x492f</run_address>
         <size>0x35</size>
         <input_file_ref idref="fl-5"/>
      </object_component>
      <object_component id="oc-1c6">
         <name>.debug_info</name>
         <load_address>0x4964</load_address>
         <run_address>0x4964</run_address>
         <size>0x22e</size>
         <input_file_ref idref="fl-6"/>
      </object_component>
      <object_component id="oc-158">
         <name>.debug_info</name>
         <load_address>0x4b92</load_address>
         <run_address>0x4b92</run_address>
         <size>0x168</size>
         <input_file_ref idref="fl-6"/>
      </object_component>
      <object_component id="oc-206">
         <name>.debug_info</name>
         <load_address>0x4cfa</load_address>
         <run_address>0x4cfa</run_address>
         <size>0x24f</size>
         <input_file_ref idref="fl-6"/>
      </object_component>
      <object_component id="oc-f2">
         <name>.debug_info</name>
         <load_address>0x4f49</load_address>
         <run_address>0x4f49</run_address>
         <size>0x114</size>
         <input_file_ref idref="fl-6"/>
      </object_component>
      <object_component id="oc-230">
         <name>.debug_info</name>
         <load_address>0x505d</load_address>
         <run_address>0x505d</run_address>
         <size>0x2f5</size>
         <input_file_ref idref="fl-7"/>
      </object_component>
      <object_component id="oc-2a9">
         <name>.debug_info</name>
         <load_address>0x5352</load_address>
         <run_address>0x5352</run_address>
         <size>0xe1</size>
         <input_file_ref idref="fl-7"/>
      </object_component>
      <object_component id="oc-1ee">
         <name>.debug_info</name>
         <load_address>0x5433</load_address>
         <run_address>0x5433</run_address>
         <size>0x222</size>
         <input_file_ref idref="fl-7"/>
      </object_component>
      <object_component id="oc-32b">
         <name>.debug_info</name>
         <load_address>0x5655</load_address>
         <run_address>0x5655</run_address>
         <size>0x18d</size>
         <input_file_ref idref="fl-7"/>
      </object_component>
      <object_component id="oc-1da">
         <name>.debug_info</name>
         <load_address>0x57e2</load_address>
         <run_address>0x57e2</run_address>
         <size>0x16c</size>
         <input_file_ref idref="fl-7"/>
      </object_component>
      <object_component id="oc-154">
         <name>.debug_info</name>
         <load_address>0x594e</load_address>
         <run_address>0x594e</run_address>
         <size>0x9e9</size>
         <input_file_ref idref="fl-8"/>
      </object_component>
      <object_component id="oc-1d1">
         <name>.debug_info</name>
         <load_address>0x6337</load_address>
         <run_address>0x6337</run_address>
         <size>0x12a</size>
         <input_file_ref idref="fl-8"/>
      </object_component>
      <object_component id="oc-30b">
         <name>.debug_info</name>
         <load_address>0x6461</load_address>
         <run_address>0x6461</run_address>
         <size>0xd3</size>
         <input_file_ref idref="fl-8"/>
      </object_component>
      <object_component id="oc-31a">
         <name>.debug_info</name>
         <load_address>0x6534</load_address>
         <run_address>0x6534</run_address>
         <size>0xc9</size>
         <input_file_ref idref="fl-8"/>
      </object_component>
      <object_component id="oc-327">
         <name>.debug_info</name>
         <load_address>0x65fd</load_address>
         <run_address>0x65fd</run_address>
         <size>0xcf</size>
         <input_file_ref idref="fl-8"/>
      </object_component>
      <object_component id="oc-1d5">
         <name>.debug_info</name>
         <load_address>0x66cc</load_address>
         <run_address>0x66cc</run_address>
         <size>0xd3</size>
         <input_file_ref idref="fl-8"/>
      </object_component>
      <object_component id="oc-1cb">
         <name>.debug_info</name>
         <load_address>0x679f</load_address>
         <run_address>0x679f</run_address>
         <size>0xd0</size>
         <input_file_ref idref="fl-8"/>
      </object_component>
      <object_component id="oc-1ce">
         <name>.debug_info</name>
         <load_address>0x686f</load_address>
         <run_address>0x686f</run_address>
         <size>0xd0</size>
         <input_file_ref idref="fl-8"/>
      </object_component>
      <object_component id="oc-20f">
         <name>.debug_info</name>
         <load_address>0x693f</load_address>
         <run_address>0x693f</run_address>
         <size>0x1bf</size>
         <input_file_ref idref="fl-8"/>
      </object_component>
      <object_component id="oc-24f">
         <name>.debug_info</name>
         <load_address>0x6afe</load_address>
         <run_address>0x6afe</run_address>
         <size>0x4c0</size>
         <input_file_ref idref="fl-8"/>
      </object_component>
      <object_component id="oc-16d">
         <name>.debug_info</name>
         <load_address>0x6fbe</load_address>
         <run_address>0x6fbe</run_address>
         <size>0x3d9</size>
         <input_file_ref idref="fl-8"/>
      </object_component>
      <object_component id="oc-21f">
         <name>.debug_info</name>
         <load_address>0x7397</load_address>
         <run_address>0x7397</run_address>
         <size>0x17f</size>
         <input_file_ref idref="fl-8"/>
      </object_component>
      <object_component id="oc-1b0">
         <name>.debug_info</name>
         <load_address>0x7516</load_address>
         <run_address>0x7516</run_address>
         <size>0x63</size>
         <input_file_ref idref="fl-8"/>
      </object_component>
      <object_component id="oc-31e">
         <name>.debug_info</name>
         <load_address>0x7579</load_address>
         <run_address>0x7579</run_address>
         <size>0x120</size>
         <input_file_ref idref="fl-23"/>
      </object_component>
      <object_component id="oc-24a">
         <name>.debug_info</name>
         <load_address>0x7699</load_address>
         <run_address>0x7699</run_address>
         <size>0x135</size>
         <input_file_ref idref="fl-24"/>
      </object_component>
      <object_component id="oc-305">
         <name>.debug_info</name>
         <load_address>0x77ce</load_address>
         <run_address>0x77ce</run_address>
         <size>0x121</size>
         <input_file_ref idref="fl-25"/>
      </object_component>
      <object_component id="oc-c3">
         <name>.debug_info</name>
         <load_address>0x78ef</load_address>
         <run_address>0x78ef</run_address>
         <size>0x12e</size>
         <input_file_ref idref="fl-26"/>
      </object_component>
      <object_component id="oc-23b">
         <name>.debug_info</name>
         <load_address>0x7a1d</load_address>
         <run_address>0x7a1d</run_address>
         <size>0x121</size>
         <input_file_ref idref="fl-27"/>
      </object_component>
      <object_component id="oc-23f">
         <name>.debug_info</name>
         <load_address>0x7b3e</load_address>
         <run_address>0x7b3e</run_address>
         <size>0x121</size>
         <input_file_ref idref="fl-28"/>
      </object_component>
      <object_component id="oc-235">
         <name>.debug_info</name>
         <load_address>0x7c5f</load_address>
         <run_address>0x7c5f</run_address>
         <size>0x12a</size>
         <input_file_ref idref="fl-29"/>
      </object_component>
      <object_component id="oc-2d9">
         <name>.debug_info</name>
         <load_address>0x7d89</load_address>
         <run_address>0x7d89</run_address>
         <size>0x121</size>
         <input_file_ref idref="fl-2a"/>
      </object_component>
      <object_component id="oc-245">
         <name>.debug_info</name>
         <load_address>0x7eaa</load_address>
         <run_address>0x7eaa</run_address>
         <size>0x135</size>
         <input_file_ref idref="fl-2b"/>
      </object_component>
      <object_component id="oc-2cd">
         <name>.debug_info</name>
         <load_address>0x7fdf</load_address>
         <run_address>0x7fdf</run_address>
         <size>0x12f</size>
         <input_file_ref idref="fl-2c"/>
      </object_component>
      <object_component id="oc-2c8">
         <name>.debug_info</name>
         <load_address>0x810e</load_address>
         <run_address>0x810e</run_address>
         <size>0x127</size>
         <input_file_ref idref="fl-2d"/>
      </object_component>
      <object_component id="oc-2d4">
         <name>.debug_info</name>
         <load_address>0x8235</load_address>
         <run_address>0x8235</run_address>
         <size>0x124</size>
         <input_file_ref idref="fl-2e"/>
      </object_component>
      <object_component id="oc-de">
         <name>.debug_info</name>
         <load_address>0x8359</load_address>
         <run_address>0x8359</run_address>
         <size>0x10f</size>
         <input_file_ref idref="fl-39"/>
      </object_component>
      <object_component id="oc-b8">
         <name>.debug_info</name>
         <load_address>0x8468</load_address>
         <run_address>0x8468</run_address>
         <size>0x120</size>
         <input_file_ref idref="fl-3a"/>
      </object_component>
      <object_component id="oc-bd">
         <name>.debug_info</name>
         <load_address>0x8588</load_address>
         <run_address>0x8588</run_address>
         <size>0x120</size>
         <input_file_ref idref="fl-3b"/>
      </object_component>
      <object_component id="oc-324">
         <name>.debug_info</name>
         <load_address>0x86a8</load_address>
         <run_address>0x86a8</run_address>
         <size>0x121</size>
         <input_file_ref idref="fl-3c"/>
      </object_component>
      <object_component id="oc-b3">
         <name>.debug_info</name>
         <load_address>0x87c9</load_address>
         <run_address>0x87c9</run_address>
         <size>0x100</size>
         <input_file_ref idref="fl-3d"/>
      </object_component>
      <object_component id="oc-107">
         <name>.debug_info</name>
         <load_address>0x88c9</load_address>
         <run_address>0x88c9</run_address>
         <size>0x17a</size>
         <input_file_ref idref="fl-3d"/>
      </object_component>
      <object_component id="oc-375">
         <name>.debug_info</name>
         <load_address>0x8a43</load_address>
         <run_address>0x8a43</run_address>
         <size>0x3de</size>
         <input_file_ref idref="fl-3e"/>
      </object_component>
      <object_component id="oc-264">
         <name>.debug_info</name>
         <load_address>0x8e21</load_address>
         <run_address>0x8e21</run_address>
         <size>0x1e0</size>
         <input_file_ref idref="fl-3e"/>
      </object_component>
      <object_component id="oc-41a">
         <name>.debug_info</name>
         <load_address>0x9001</load_address>
         <run_address>0x9001</run_address>
         <size>0x39</size>
         <input_file_ref idref="fl-3e"/>
      </object_component>
      <object_component id="oc-426">
         <name>.debug_info</name>
         <load_address>0x903a</load_address>
         <run_address>0x903a</run_address>
         <size>0x2c</size>
         <input_file_ref idref="fl-3e"/>
      </object_component>
      <object_component id="oc-380">
         <name>.debug_info</name>
         <load_address>0x9066</load_address>
         <run_address>0x9066</run_address>
         <size>0x2c</size>
         <input_file_ref idref="fl-3e"/>
      </object_component>
      <object_component id="oc-41f">
         <name>.debug_info</name>
         <load_address>0x9092</load_address>
         <run_address>0x9092</run_address>
         <size>0xcd</size>
         <input_file_ref idref="fl-3e"/>
      </object_component>
      <object_component id="oc-161">
         <name>.debug_info</name>
         <load_address>0x915f</load_address>
         <run_address>0x915f</run_address>
         <size>0x175</size>
         <input_file_ref idref="fl-3f"/>
      </object_component>
      <object_component id="oc-f6">
         <name>.debug_info</name>
         <load_address>0x92d4</load_address>
         <run_address>0x92d4</run_address>
         <size>0x1d2</size>
         <input_file_ref idref="fl-3f"/>
      </object_component>
      <object_component id="oc-15c">
         <name>.debug_info</name>
         <load_address>0x94a6</load_address>
         <run_address>0x94a6</run_address>
         <size>0x46</size>
         <input_file_ref idref="fl-3f"/>
      </object_component>
      <object_component id="oc-166">
         <name>.debug_info</name>
         <load_address>0x94ec</load_address>
         <run_address>0x94ec</run_address>
         <size>0x153</size>
         <input_file_ref idref="fl-42"/>
      </object_component>
      <object_component id="oc-370">
         <name>.debug_info</name>
         <load_address>0x963f</load_address>
         <run_address>0x963f</run_address>
         <size>0x150</size>
         <input_file_ref idref="fl-43"/>
      </object_component>
      <object_component id="oc-dc">
         <name>.debug_info</name>
         <load_address>0x978f</load_address>
         <run_address>0x978f</run_address>
         <size>0x180</size>
         <input_file_ref idref="fl-44"/>
      </object_component>
      <object_component id="oc-3c">
         <name>.debug_info</name>
         <load_address>0x990f</load_address>
         <run_address>0x990f</run_address>
         <size>0x1ea</size>
         <input_file_ref idref="fl-44"/>
      </object_component>
      <object_component id="oc-d7">
         <name>.debug_info</name>
         <load_address>0x9af9</load_address>
         <run_address>0x9af9</run_address>
         <size>0x46</size>
         <input_file_ref idref="fl-44"/>
      </object_component>
      <object_component id="oc-142">
         <name>.debug_info</name>
         <load_address>0x9b3f</load_address>
         <run_address>0x9b3f</run_address>
         <size>0x2c</size>
         <input_file_ref idref="fl-44"/>
      </object_component>
      <object_component id="oc-13a">
         <name>.debug_info</name>
         <load_address>0x9b6b</load_address>
         <run_address>0x9b6b</run_address>
         <size>0x176</size>
         <input_file_ref idref="fl-45"/>
      </object_component>
      <object_component id="oc-36">
         <name>.debug_info</name>
         <load_address>0x9ce1</load_address>
         <run_address>0x9ce1</run_address>
         <size>0x292</size>
         <input_file_ref idref="fl-45"/>
      </object_component>
      <object_component id="oc-c6">
         <name>.debug_info</name>
         <load_address>0x9f73</load_address>
         <run_address>0x9f73</run_address>
         <size>0x60</size>
         <input_file_ref idref="fl-45"/>
      </object_component>
      <object_component id="oc-185">
         <name>.debug_info</name>
         <load_address>0x9fd3</load_address>
         <run_address>0x9fd3</run_address>
         <size>0x46</size>
         <input_file_ref idref="fl-45"/>
      </object_component>
      <object_component id="oc-135">
         <name>.debug_info</name>
         <load_address>0xa019</load_address>
         <run_address>0xa019</run_address>
         <size>0x39</size>
         <input_file_ref idref="fl-45"/>
      </object_component>
      <object_component id="oc-3f9">
         <name>.debug_info</name>
         <load_address>0xa052</load_address>
         <run_address>0xa052</run_address>
         <size>0x165</size>
         <input_file_ref idref="fl-46"/>
      </object_component>
      <object_component id="oc-348">
         <name>.debug_info</name>
         <load_address>0xa1b7</load_address>
         <run_address>0xa1b7</run_address>
         <size>0x208</size>
         <input_file_ref idref="fl-46"/>
      </object_component>
      <object_component id="oc-3cc">
         <name>.debug_info</name>
         <load_address>0xa3bf</load_address>
         <run_address>0xa3bf</run_address>
         <size>0xdb</size>
         <input_file_ref idref="fl-46"/>
      </object_component>
      <object_component id="oc-3f2">
         <name>.debug_info</name>
         <load_address>0xa49a</load_address>
         <run_address>0xa49a</run_address>
         <size>0x164</size>
         <input_file_ref idref="fl-47"/>
      </object_component>
      <object_component id="oc-342">
         <name>.debug_info</name>
         <load_address>0xa5fe</load_address>
         <run_address>0xa5fe</run_address>
         <size>0x35e</size>
         <input_file_ref idref="fl-47"/>
      </object_component>
      <object_component id="oc-3cb">
         <name>.debug_info</name>
         <load_address>0xa95c</load_address>
         <run_address>0xa95c</run_address>
         <size>0x165</size>
         <input_file_ref idref="fl-48"/>
      </object_component>
      <object_component id="oc-332">
         <name>.debug_info</name>
         <load_address>0xaac1</load_address>
         <run_address>0xaac1</run_address>
         <size>0x1d4</size>
         <input_file_ref idref="fl-48"/>
      </object_component>
      <object_component id="oc-337">
         <name>.debug_info</name>
         <load_address>0xac95</load_address>
         <run_address>0xac95</run_address>
         <size>0x166</size>
         <input_file_ref idref="fl-49"/>
      </object_component>
      <object_component id="oc-43d">
         <name>.debug_info</name>
         <load_address>0xadfb</load_address>
         <run_address>0xadfb</run_address>
         <size>0x16b</size>
         <input_file_ref idref="fl-4a"/>
      </object_component>
      <object_component id="oc-3d2">
         <name>.debug_info</name>
         <load_address>0xaf66</load_address>
         <run_address>0xaf66</run_address>
         <size>0x21b</size>
         <input_file_ref idref="fl-4a"/>
      </object_component>
      <object_component id="oc-3e0">
         <name>.debug_info</name>
         <load_address>0xb181</load_address>
         <run_address>0xb181</run_address>
         <size>0x94</size>
         <input_file_ref idref="fl-4a"/>
      </object_component>
      <object_component id="oc-3df">
         <name>.debug_info</name>
         <load_address>0xb215</load_address>
         <run_address>0xb215</run_address>
         <size>0x197</size>
         <input_file_ref idref="fl-4b"/>
      </object_component>
      <object_component id="oc-33c">
         <name>.debug_info</name>
         <load_address>0xb3ac</load_address>
         <run_address>0xb3ac</run_address>
         <size>0x2d2</size>
         <input_file_ref idref="fl-4b"/>
      </object_component>
      <object_component id="oc-255">
         <name>.debug_info</name>
         <load_address>0xb67e</load_address>
         <run_address>0xb67e</run_address>
         <size>0x122</size>
         <input_file_ref idref="fl-4c"/>
      </object_component>
      <object_component id="oc-433">
         <name>.debug_info</name>
         <load_address>0xb7a0</load_address>
         <run_address>0xb7a0</run_address>
         <size>0x172</size>
         <input_file_ref idref="fl-4f"/>
      </object_component>
      <object_component id="oc-3b2">
         <name>.debug_info</name>
         <load_address>0xb912</load_address>
         <run_address>0xb912</run_address>
         <size>0x28b</size>
         <input_file_ref idref="fl-4f"/>
      </object_component>
      <object_component id="oc-13c">
         <name>.debug_info</name>
         <load_address>0xbb9d</load_address>
         <run_address>0xbb9d</run_address>
         <size>0x181</size>
         <input_file_ref idref="fl-50"/>
      </object_component>
      <object_component id="oc-d3">
         <name>.debug_info</name>
         <load_address>0xbd1e</load_address>
         <run_address>0xbd1e</run_address>
         <size>0x17a</size>
         <input_file_ref idref="fl-50"/>
      </object_component>
      <object_component id="oc-431">
         <name>.debug_info</name>
         <load_address>0xbe98</load_address>
         <run_address>0xbe98</run_address>
         <size>0x162</size>
         <input_file_ref idref="fl-51"/>
      </object_component>
      <object_component id="oc-3ac">
         <name>.debug_info</name>
         <load_address>0xbffa</load_address>
         <run_address>0xbffa</run_address>
         <size>0x230</size>
         <input_file_ref idref="fl-51"/>
      </object_component>
      <object_component id="oc-3a8">
         <name>.debug_info</name>
         <load_address>0xc22a</load_address>
         <run_address>0xc22a</run_address>
         <size>0x17d</size>
         <input_file_ref idref="fl-52"/>
      </object_component>
      <object_component id="oc-2f0">
         <name>.debug_info</name>
         <load_address>0xc3a7</load_address>
         <run_address>0xc3a7</run_address>
         <size>0x268</size>
         <input_file_ref idref="fl-52"/>
      </object_component>
      <object_component id="oc-394">
         <name>.debug_info</name>
         <load_address>0xc60f</load_address>
         <run_address>0xc60f</run_address>
         <size>0x16d</size>
         <input_file_ref idref="fl-53"/>
      </object_component>
      <object_component id="oc-2af">
         <name>.debug_info</name>
         <load_address>0xc77c</load_address>
         <run_address>0xc77c</run_address>
         <size>0x1d1</size>
         <input_file_ref idref="fl-53"/>
      </object_component>
      <object_component id="oc-3c7">
[...]
      </symbol>
      <symbol id="sm-423">
         <name>__mspabi_fltuf</name>
         <value>0xe848</value>
         <object_component_ref idref="oc-2d1"/>
      </symbol>
      <symbol id="sm-426">
         <name>__TI_int00</name>
         <value>0xffe0</value>
         <object_component_ref idref="oc-41"/>
      </symbol>
      <symbol id="sm-429">
         <name>__TI_int02</name>
         <value>0xffe4</value>
         <object_component_ref idref="oc-42"/>
      </symbol>
      <symbol id="sm-42c">
         <name>__TI_int03</name>
         <value>0xffe6</value>
         <object_component_ref idref="oc-43"/>
      </symbol>
      <symbol id="sm-42f">
         <name>__TI_int06</name>
         <value>0xffec</value>
         <object_component_ref idref="oc-45"/>
      </symbol>
      <symbol id="sm-432">
         <name>__TI_int08</name>
         <value>0xfff0</value>
         <object_component_ref idref="oc-47"/>
      </symbol>
      <symbol id="sm-435">
         <name>__TI_int10</name>
         <value>0xfff4</value>
         <object_component_ref idref="oc-49"/>
      </symbol>
      <symbol id="sm-438">
         <name>__TI_int11</name>
         <value>0xfff6</value>
         <object_component_ref idref="oc-4a"/>
      </symbol>
      <symbol id="sm-43b">
         <name>__TI_int12</name>
         <value>0xfff8</value>
         <object_component_ref idref="oc-4b"/>
      </symbol>
      <symbol id="sm-43e">
         <name>__TI_int13</name>
         <value>0xfffa</value>
         <object_component_ref idref="oc-4c"/>
      </symbol>
      <symbol id="sm-441">
         <name>__TI_int14</name>
         <value>0xfffc</value>
         <object_component_ref idref="oc-4d"/>
      </symbol>
      <symbol id="sm-449">
         <name>__TI_ISR_TRAP</name>
         <value>0xea3a</value>
         <object_component_ref idref="oc-dd"/>
      </symbol>
      <symbol id="sm-451">
         <name>__mspabi_slli</name>
         <value>0xe7a4</value>
         <object_component_ref idref="oc-b6"/>
      </symbol>
      <symbol id="sm-452">
         <name>__mspabi_slli_9</name>
         <value>0xe7bc</value>
         <object_component_ref idref="oc-b6"/>
      </symbol>
      <symbol id="sm-453">
         <name>__mspabi_slli_8</name>
         <value>0xe7be</value>
         <object_component_ref idref="oc-b6"/>
      </symbol>
      <symbol id="sm-454">
         <name>__mspabi_slli_7</name>
         <value>0xe7c0</value>
         <object_component_ref idref="oc-b6"/>
      </symbol>
      <symbol id="sm-455">
         <name>__mspabi_slli_6</name>
         <value>0xe7c2</value>
         <object_component_ref idref="oc-b6"/>
      </symbol>
      <symbol id="sm-456">
         <name>__mspabi_slli_5</name>
         <value>0xe7c4</value>
         <object_component_ref idref="oc-b6"/>
      </symbol>
      <symbol id="sm-457">
         <name>__mspabi_slli_4</name>
         <value>0xe7c6</value>
         <object_component_ref idref="oc-b6"/>
      </symbol>
      <symbol id="sm-458">
         <name>__mspabi_slli_3</name>
         <value>0xe7c8</value>
         <object_component_ref idref="oc-b6"/>
      </symbol>
      <symbol id="sm-459">
         <name>__mspabi_slli_2</name>
         <value>0xe7ca</value>
         <object_component_ref idref="oc-b6"/>
      </symbol>
      <symbol id="sm-45a">
         <name>__mspabi_slli_1</name>
         <value>0xe7cc</value>
         <object_component_ref idref="oc-b6"/>
      </symbol>
      <symbol id="sm-45b">
         <name>__mspabi_slli_15</name>
         <value>0xe7b0</value>
         <object_component_ref idref="oc-b6"/>
      </symbol>
      <symbol id="sm-45c">
         <name>__mspabi_slli_14</name>
         <value>0xe7b2</value>
         <object_component_ref idref="oc-b6"/>
      </symbol>
      <symbol id="sm-45d">
         <name>__mspabi_slli_13</name>
         <value>0xe7b4</value>
         <object_component_ref idref="oc-b6"/>
      </symbol>
      <symbol id="sm-45e">
         <name>__mspabi_slli_12</name>
         <value>0xe7b6</value>
         <object_component_ref idref="oc-b6"/>
      </symbol>
      <symbol id="sm-45f">
         <name>__mspabi_slli_11</name>
         <value>0xe7b8</value>
         <object_component_ref idref="oc-b6"/>
      </symbol>
      <symbol id="sm-460">
         <name>__mspabi_slli_10</name>
         <value>0xe7ba</value>
         <object_component_ref idref="oc-b6"/>
      </symbol>
      <symbol id="sm-468">
         <name>__mspabi_srli_8</name>
         <value>0xe2fa</value>
         <object_component_ref idref="oc-bb"/>
      </symbol>
      <symbol id="sm-469">
         <name>__mspabi_srli_9</name>
         <value>0xe2f6</value>
         <object_component_ref idref="oc-bb"/>
      </symbol>
      <symbol id="sm-46a">
         <name>__mspabi_srli_6</name>
         <value>0xe302</value>
         <object_component_ref idref="oc-bb"/>
      </symbol>
      <symbol id="sm-46b">
         <name>__mspabi_srli_7</name>
         <value>0xe2fe</value>
         <object_component_ref idref="oc-bb"/>
      </symbol>
      <symbol id="sm-46c">
         <name>__mspabi_srli_4</name>
         <value>0xe30a</value>
         <object_component_ref idref="oc-bb"/>
      </symbol>
      <symbol id="sm-46d">
         <name>__mspabi_srli_5</name>
         <value>0xe306</value>
         <object_component_ref idref="oc-bb"/>
      </symbol>
      <symbol id="sm-46e">
         <name>__mspabi_srli_2</name>
         <value>0xe312</value>
         <object_component_ref idref="oc-bb"/>
      </symbol>
      <symbol id="sm-46f">
         <name>__mspabi_srli_3</name>
         <value>0xe30e</value>
         <object_component_ref idref="oc-bb"/>
      </symbol>
      <symbol id="sm-470">
         <name>__mspabi_srli_1</name>
         <value>0xe316</value>
         <object_component_ref idref="oc-bb"/>
      </symbol>
      <symbol id="sm-471">
         <name>__mspabi_srli</name>
         <value>0xe2d0</value>
         <object_component_ref idref="oc-bb"/>
      </symbol>
      <symbol id="sm-472">
         <name>__mspabi_srli_15</name>
         <value>0xe2de</value>
         <object_component_ref idref="oc-bb"/>
      </symbol>
      <symbol id="sm-473">
         <name>__mspabi_srli_14</name>
         <value>0xe2e2</value>
         <object_component_ref idref="oc-bb"/>
      </symbol>
      <symbol id="sm-474">
         <name>__mspabi_srli_13</name>
         <value>0xe2e6</value>
         <object_component_ref idref="oc-bb"/>
      </symbol>
      <symbol id="sm-475">
         <name>__mspabi_srli_12</name>
         <value>0xe2ea</value>
         <object_component_ref idref="oc-bb"/>
      </symbol>
      <symbol id="sm-476">
         <name>__mspabi_srli_11</name>
         <value>0xe2ee</value>
         <object_component_ref idref="oc-bb"/>
      </symbol>
      <symbol id="sm-477">
         <name>__mspabi_srli_10</name>
         <value>0xe2f2</value>
         <object_component_ref idref="oc-bb"/>
      </symbol>
      <symbol id="sm-481">
         <name>__mspabi_mpyi_sw</name>
         <value>0xe9d8</value>
         <object_component_ref idref="oc-321"/>
      </symbol>
      <symbol id="sm-482">
         <name>__mspabi_mpyi</name>
         <value>0xe9d8</value>
         <object_component_ref idref="oc-321"/>
      </symbol>
      <symbol id="sm-492">
         <name>_stack</name>
         <value>0x3b0</value>
         <object_component_ref idref="oc-b2"/>
      </symbol>
      <symbol id="sm-493">
         <name>_c_int00_noargs</name>
         <value>0xe92e</value>
         <object_component_ref idref="oc-106"/>
      </symbol>
      <symbol id="sm-494">
         <name>_reset_vector</name>
         <value>0xfffe</value>
         <object_component_ref idref="oc-b5"/>
      </symbol>
      <symbol id="sm-4b6">
         <name>__TI_auto_init_nobinit_nopinit</name>
         <value>0xe50c</value>
         <object_component_ref idref="oc-260"/>
      </symbol>
      <symbol id="sm-4c9">
         <name>__TI_zero_init_nomemset</name>
         <value>0xe9c4</value>
         <object_component_ref idref="oc-f4"/>
      </symbol>
      <symbol id="sm-4d4">
         <name>_system_pre_init</name>
         <value>0xea54</value>
         <object_component_ref idref="oc-163"/>
      </symbol>
      <symbol id="sm-4dd">
         <name>_system_post_cinit</name>
         <value>0xea58</value>
         <object_component_ref idref="oc-36e"/>
      </symbol>
      <symbol id="sm-4f3">
         <name>__TI_decompress_none</name>
         <value>0xe9ec</value>
         <object_component_ref idref="oc-3b"/>
      </symbol>
      <symbol id="sm-516">
         <name>__TI_decompress_lzss</name>
         <value>0xdff4</value>
         <object_component_ref idref="oc-35"/>
      </symbol>
      <symbol id="sm-530">
         <name>__mspabi_cvtdf</name>
         <value>0xdd60</value>
         <object_component_ref idref="oc-347"/>
      </symbol>
      <symbol id="sm-56a">
         <name>__mspabi_addd</name>
         <value>0xc000</value>
         <object_component_ref idref="oc-341"/>
      </symbol>
      <symbol id="sm-57b">
         <name>__mspabi_cvtfd</name>
         <value>0xe070</value>
         <object_component_ref idref="oc-32f"/>
      </symbol>
      <symbol id="sm-584">
         <name>__mspabi_fltid</name>
         <value>0xea2e</value>
         <object_component_ref idref="oc-335"/>
      </symbol>
      <symbol id="sm-5a0">
         <name>__mspabi_fltlid</name>
         <value>0xde14</value>
         <object_component_ref idref="oc-3d1"/>
      </symbol>
      <symbol id="sm-5c6">
         <name>__mspabi_mpyd</name>
         <value>0xcaa8</value>
         <object_component_ref idref="oc-33b"/>
      </symbol>
      <symbol id="sm-5d0">
         <name>C$$EXIT</name>
         <value>0xea42</value>
         <object_component_ref idref="oc-254"/>
      </symbol>
      <symbol id="sm-5d1">
         <name>abort</name>
         <value>0xea42</value>
         <object_component_ref idref="oc-254"/>
      </symbol>
      <symbol id="sm-5e2">
         <name>memcmp</name>
         <value>0xe88e</value>
         <object_component_ref idref="oc-3af"/>
      </symbol>
      <symbol id="sm-5f0">
         <name>memcpy</name>
         <value>0xe9fe</value>
         <object_component_ref idref="oc-d0"/>
      </symbol>
      <symbol id="sm-5fd">
         <name>strlen</name>
         <value>0xea20</value>
         <object_component_ref idref="oc-3a9"/>
      </symbol>
      <symbol id="sm-60d">
         <name>strncpy</name>
         <value>0xe7d0</value>
         <object_component_ref idref="oc-2ef"/>
      </symbol>
      <symbol id="sm-620">
         <name>strstr</name>
         <value>0xe6b0</value>
         <object_component_ref idref="oc-2ae"/>
      </symbol>
      <symbol id="sm-628">
         <name>__mspabi_sral_15</name>
         <value>0xe590</value>
         <object_component_ref idref="oc-3c5"/>
      </symbol>
      <symbol id="sm-629">
         <name>__mspabi_sral_14</name>
         <value>0xe594</value>
         <object_component_ref idref="oc-3c5"/>
      </symbol>
      <symbol id="sm-62a">
         <name>__mspabi_sral_13</name>
         <value>0xe598</value>
         <object_component_ref idref="oc-3c5"/>
      </symbol>
      <symbol id="sm-62b">
         <name>__mspabi_sral_12</name>
         <value>0xe59c</value>
         <object_component_ref idref="oc-3c5"/>
      </symbol>
      <symbol id="sm-62c">
         <name>__mspabi_sral_11</name>
         <value>0xe5a0</value>
         <object_component_ref idref="oc-3c5"/>
      </symbol>
      <symbol id="sm-62d">
         <name>__mspabi_sral_10</name>
         <value>0xe5a4</value>
         <object_component_ref idref="oc-3c5"/>
      </symbol>
      <symbol id="sm-62e">
         <name>__mspabi_sral_8</name>
         <value>0xe5ac</value>
         <object_component_ref idref="oc-3c5"/>
      </symbol>
      <symbol id="sm-62f">
         <name>__mspabi_sral_9</name>
         <value>0xe5a8</value>
         <object_component_ref idref="oc-3c5"/>
      </symbol>
      <symbol id="sm-630">
         <name>__mspabi_sral_6</name>
         <value>0xe5b4</value>
         <object_component_ref idref="oc-3c5"/>
      </symbol>
      <symbol id="sm-631">
         <name>__mspabi_sral_7</name>
         <value>0xe5b0</value>
         <object_component_ref idref="oc-3c5"/>
      </symbol>
      <symbol id="sm-632">
         <name>__mspabi_sral_4</name>
         <value>0xe5bc</value>
         <object_component_ref idref="oc-3c5"/>
      </symbol>
      <symbol id="sm-633">
         <name>__mspabi_sral_5</name>
         <value>0xe5b8</value>
         <object_component_ref idref="oc-3c5"/>
      </symbol>
      <symbol id="sm-634">
         <name>__mspabi_sral_2</name>
         <value>0xe5c4</value>
         <object_component_ref idref="oc-3c5"/>
      </symbol>
      <symbol id="sm-635">
         <name>__mspabi_sral_3</name>
         <value>0xe5c0</value>
         <object_component_ref idref="oc-3c5"/>
      </symbol>
      <symbol id="sm-636">
         <name>__mspabi_sral_1</name>
         <value>0xe5c8</value>
         <object_component_ref idref="oc-3c5"/>
      </symbol>
      <symbol id="sm-63e">
         <name>__mspabi_slll_9</name>
         <value>0xe5e6</value>
         <object_component_ref idref="oc-3f3"/>
      </symbol>
      <symbol id="sm-63f">
         <name>__mspabi_slll_8</name>
         <value>0xe5ea</value>
         <object_component_ref idref="oc-3f3"/>
      </symbol>
      <symbol id="sm-640">
         <name>__mspabi_slll_7</name>
         <value>0xe5ee</value>
         <object_component_ref idref="oc-3f3"/>
      </symbol>
      <symbol id="sm-641">
         <name>__mspabi_slll_6</name>
         <value>0xe5f2</value>
         <object_component_ref idref="oc-3f3"/>
      </symbol>
      <symbol id="sm-642">
         <name>__mspabi_slll_5</name>
         <value>0xe5f6</value>
         <object_component_ref idref="oc-3f3"/>
      </symbol>
      <symbol id="sm-643">
         <name>__mspabi_slll_4</name>
         <value>0xe5fa</value>
         <object_component_ref idref="oc-3f3"/>
      </symbol>
      <symbol id="sm-644">
         <name>__mspabi_slll_3</name>
         <value>0xe5fe</value>
         <object_component_ref idref="oc-3f3"/>
      </symbol>
      <symbol id="sm-645">
         <name>__mspabi_slll_2</name>
         <value>0xe602</value>
         <object_component_ref idref="oc-3f3"/>
      </symbol>
      <symbol id="sm-646">
         <name>__mspabi_slll_1</name>
         <value>0xe606</value>
         <object_component_ref idref="oc-3f3"/>
      </symbol>
      <symbol id="sm-647">
         <name>__mspabi_slll_15</name>
         <value>0xe5ce</value>
         <object_component_ref idref="oc-3f3"/>
      </symbol>
      <symbol id="sm-648">
         <name>__mspabi_slll_14</name>
         <value>0xe5d2</value>
         <object_component_ref idref="oc-3f3"/>
      </symbol>
      <symbol id="sm-649">
         <name>__mspabi_slll_13</name>
         <value>0xe5d6</value>
         <object_component_ref idref="oc-3f3"/>
      </symbol>
      <symbol id="sm-64a">
         <name>__mspabi_slll_12</name>
         <value>0xe5da</value>
         <object_component_ref idref="oc-3f3"/>
      </symbol>
      <symbol id="sm-64b">
         <name>__mspabi_slll_11</name>
         <value>0xe5de</value>
         <object_component_ref idref="oc-3f3"/>
      </symbol>
      <symbol id="sm-64c">
         <name>__mspabi_slll_10</name>
         <value>0xe5e2</value>
         <object_component_ref idref="oc-3f3"/>
      </symbol>
      <symbol id="sm-654">
         <name>__mspabi_srll_8</name>
         <value>0xe242</value>
         <object_component_ref idref="oc-437"/>
      </symbol>
      <symbol id="sm-655">
         <name>__mspabi_srll_9</name>
         <value>0xe23c</value>
         <object_component_ref idref="oc-437"/>
      </symbol>
      <symbol id="sm-656">
         <name>__mspabi_srll_6</name>
         <value>0xe24e</value>
         <object_component_ref idref="oc-437"/>
      </symbol>
      <symbol id="sm-657">
         <name>__mspabi_srll_7</name>
         <value>0xe248</value>
         <object_component_ref idref="oc-437"/>
      </symbol>
      <symbol id="sm-658">
         <name>__mspabi_srll_4</name>
         <value>0xe25a</value>
         <object_component_ref idref="oc-437"/>
      </symbol>
      <symbol id="sm-659">
         <name>__mspabi_srll_5</name>
         <value>0xe254</value>
         <object_component_ref idref="oc-437"/>
      </symbol>
      <symbol id="sm-65a">
         <name>__mspabi_srll_2</name>
         <value>0xe266</value>
         <object_component_ref idref="oc-437"/>
      </symbol>
      <symbol id="sm-65b">
         <name>__mspabi_srll_3</name>
         <value>0xe260</value>
         <object_component_ref idref="oc-437"/>
      </symbol>
      <symbol id="sm-65c">
         <name>__mspabi_srll_1</name>
         <value>0xe26c</value>
         <object_component_ref idref="oc-437"/>
      </symbol>
      <symbol id="sm-65d">
         <name>__mspabi_srll_15</name>
         <value>0xe218</value>
         <object_component_ref idref="oc-437"/>
      </symbol>
      <symbol id="sm-65e">
         <name>__mspabi_srll_14</name>
         <value>0xe21e</value>
         <object_component_ref idref="oc-437"/>
      </symbol>
      <symbol id="sm-65f">
         <name>__mspabi_srll_13</name>
         <value>0xe224</value>
         <object_component_ref idref="oc-437"/>
      </symbol>
      <symbol id="sm-660">
         <name>__mspabi_srll_12</name>
         <value>0xe22a</value>
         <object_component_ref idref="oc-437"/>
      </symbol>
      <symbol id="sm-661">
         <name>__mspabi_srll_11</name>
         <value>0xe230</value>
         <object_component_ref idref="oc-437"/>
      </symbol>
      <symbol id="sm-662">
         <name>__mspabi_srll_10</name>
         <value>0xe236</value>
         <object_component_ref idref="oc-437"/>
      </symbol>
      <symbol id="sm-670">
         <name>__mspabi_srall</name>
         <value>0xe31c</value>
         <object_component_ref idref="oc-3e5"/>
      </symbol>
      <symbol id="sm-67d">
         <name>__mspabi_sllll</name>
         <value>0xe4c8</value>
         <object_component_ref idref="oc-3eb"/>
      </symbol>
      <symbol id="sm-68a">
         <name>__mspabi_srlll</name>
         <value>0xe3f6</value>
         <object_component_ref idref="oc-448"/>
      </symbol>
      <symbol id="sm-695">
         <name>__TI_frcmpyd</name>
         <value>0xd45a</value>
         <object_component_ref idref="oc-3d8"/>
      </symbol>
      <symbol id="sm-69d">
         <name>__mspabi_mpyull_sw</name>
         <value>0xe910</value>
         <object_component_ref idref="oc-443"/>
      </symbol>
      <symbol id="sm-69e">
         <name>__mspabi_mpyull</name>
         <value>0xe910</value>
         <object_component_ref idref="oc-443"/>
      </symbol>
      <symbol id="sm-6a6">
         <name>__mspabi_mpyll</name>
         <value>0xd81c</value>
         <object_component_ref idref="oc-43e"/>
      </symbol>
      <symbol id="sm-6a7">
         <name>__mspabi_mpyll_sw</name>
         <value>0xd81c</value>
         <object_component_ref idref="oc-43e"/>
      </symbol>
      <symbol id="sm-6b2">
         <name>__mspabi_mpyul_sw</name>
         <value>0xe86c</value>
         <object_component_ref idref="oc-475"/>
      </symbol>
      <symbol id="sm-6b3">
         <name>__mspabi_mpyul</name>
         <value>0xe86c</value>
         <object_component_ref idref="oc-475"/>
      </symbol>
      <symbol id="sm-6bd">
         <name>__mspabi_mpyl_sw</name>
         <value>0xe822</value>
         <object_component_ref idref="oc-470"/>
      </symbol>
      <symbol id="sm-6be">
         <name>__mspabi_mpyl</name>
         <value>0xe822</value>
         <object_component_ref idref="oc-470"/>
      </symbol>
   </symbol_table>
   <title>Link successful</title>
</link_info>
