<?xml version="1.0" encoding="ISO-8859-1" ?>
<link_info>
   <banner>MSP430 Linker PC v21.6.1.LTS</banner>
   <copyright>Copyright (c) 2003-2018 Texas Instruments Incorporated</copyright>
   <link_time>0x68657496</link_time>
   <link_errors>0x0</link_errors>
   <output_file>DotMatrixClock.out</output_file>
   <entry_point>
      <name>_c_int00_noargs</name>
      <address>0xea28</address>
   </entry_point>
   <input_file_list>
      <input_file id="fl-2">
         <path>.\</path>
         <kind>object</kind>
         <file>TW_ADC10.obj</file>
         <name>TW_ADC10.obj</name>
      </input_file>
      <input_file id="fl-3">
         <path>.\</path>
         <kind>object</kind>
         <file>TW_I2C.obj</file>
         <name>TW_I2C.obj</name>
      </input_file>
      <input_file id="fl-4">
         <path>.\</path>
         <kind>object</kind>
         <file>TW_MAX7219_DotMatrix.obj</file>
         <name>TW_MAX7219_DotMatrix.obj</name>
      </input_file>
      <input_file id="fl-5">
         <path>.\</path>
         <kind>object</kind>
         <file>TW_MSP430G2xx_ESP_lite.obj</file>
         <name>TW_MSP430G2xx_ESP_lite.obj</name>
      </input_file>
      <input_file id="fl-6">
         <path>.\</path>
         <kind>object</kind>
         <file>TW_TimerA_v2.obj</file>
         <name>TW_TimerA_v2.obj</name>
      </input_file>
      <input_file id="fl-7">
         <path>.\</path>
         <kind>object</kind>
         <file>TW_m430g2553_MiscApps.obj</file>
         <name>TW_m430g2553_MiscApps.obj</name>
      </input_file>
      <input_file id="fl-8">
         <path>.\</path>
         <kind>object</kind>
         <file>main.obj</file>
         <name>main.obj</name>
      </input_file>
      <input_file id="fl-d">
         <kind>object</kind>
         <file>&lt;internal&gt;</file>
         <name>&lt;internal&gt;</name>
      </input_file>
      <input_file id="fl-23">
         <path>C:\ti\ccs1281\ccs\tools\compiler\ti-cgt-msp430_21.6.1.LTS\lib\</path>
         <kind>archive</kind>
         <file>rts430_eabi.lib</file>
         <name>asr16.asm.obj</name>
      </input_file>
      <input_file id="fl-24">
         <path>C:\ti\ccs1281\ccs\tools\compiler\ti-cgt-msp430_21.6.1.LTS\lib\</path>
         <kind>archive</kind>
         <file>rts430_eabi.lib</file>
         <name>div16s.asm.obj</name>
      </input_file>
      <input_file id="fl-25">
         <path>C:\ti\ccs1281\ccs\tools\compiler\ti-cgt-msp430_21.6.1.LTS\lib\</path>
         <kind>archive</kind>
         <file>rts430_eabi.lib</file>
         <name>div16u.asm.obj</name>
      </input_file>
      <input_file id="fl-26">
         <path>C:\ti\ccs1281\ccs\tools\compiler\ti-cgt-msp430_21.6.1.LTS\lib\</path>
         <kind>archive</kind>
         <file>rts430_eabi.lib</file>
         <name>epilog.asm.obj</name>
      </input_file>
      <input_file id="fl-27">
         <path>C:\ti\ccs1281\ccs\tools\compiler\ti-cgt-msp430_21.6.1.LTS\lib\</path>
         <kind>archive</kind>
         <file>rts430_eabi.lib</file>
         <name>fs_add.asm.obj</name>
      </input_file>
      <input_file id="fl-28">
         <path>C:\ti\ccs1281\ccs\tools\compiler\ti-cgt-msp430_21.6.1.LTS\lib\</path>
         <kind>archive</kind>
         <file>rts430_eabi.lib</file>
         <name>fs_div.asm.obj</name>
      </input_file>
      <input_file id="fl-29">
         <path>C:\ti\ccs1281\ccs\tools\compiler\ti-cgt-msp430_21.6.1.LTS\lib\</path>
         <kind>archive</kind>
         <file>rts430_eabi.lib</file>
         <name>fs_itof.asm.obj</name>
      </input_file>
      <input_file id="fl-2a">
         <path>C:\ti\ccs1281\ccs\tools\compiler\ti-cgt-msp430_21.6.1.LTS\lib\</path>
         <kind>archive</kind>
         <file>rts430_eabi.lib</file>
         <name>fs_mpy.asm.obj</name>
      </input_file>
      <input_file id="fl-2b">
         <path>C:\ti\ccs1281\ccs\tools\compiler\ti-cgt-msp430_21.6.1.LTS\lib\</path>
         <kind>archive</kind>
         <file>rts430_eabi.lib</file>
         <name>fs_toi.asm.obj</name>
      </input_file>
      <input_file id="fl-2c">
         <path>C:\ti\ccs1281\ccs\tools\compiler\ti-cgt-msp430_21.6.1.LTS\lib\</path>
         <kind>archive</kind>
         <file>rts430_eabi.lib</file>
         <name>fs_tou.asm.obj</name>
      </input_file>
      <input_file id="fl-2d">
         <path>C:\ti\ccs1281\ccs\tools\compiler\ti-cgt-msp430_21.6.1.LTS\lib\</path>
         <kind>archive</kind>
         <file>rts430_eabi.lib</file>
         <name>fs_ultof.asm.obj</name>
      </input_file>
      <input_file id="fl-2e">
         <path>C:\ti\ccs1281\ccs\tools\compiler\ti-cgt-msp430_21.6.1.LTS\lib\</path>
         <kind>archive</kind>
         <file>rts430_eabi.lib</file>
         <name>fs_utof.asm.obj</name>
      </input_file>
      <input_file id="fl-2f">
         <path>C:\ti\ccs1281\ccs\tools\compiler\ti-cgt-msp430_21.6.1.LTS\lib\</path>
         <kind>archive</kind>
         <file>rts430_eabi.lib</file>
         <name>int00.asm.obj</name>
      </input_file>
      <input_file id="fl-30">
         <path>C:\ti\ccs1281\ccs\tools\compiler\ti-cgt-msp430_21.6.1.LTS\lib\</path>
         <kind>archive</kind>
         <file>rts430_eabi.lib</file>
         <name>int02.asm.obj</name>
      </input_file>
      <input_file id="fl-31">
         <path>C:\ti\ccs1281\ccs\tools\compiler\ti-cgt-msp430_21.6.1.LTS\lib\</path>
         <kind>archive</kind>
         <file>rts430_eabi.lib</file>
         <name>int03.asm.obj</name>
      </input_file>
      <input_file id="fl-32">
         <path>C:\ti\ccs1281\ccs\tools\compiler\ti-cgt-msp430_21.6.1.LTS\lib\</path>
         <kind>archive</kind>
         <file>rts430_eabi.lib</file>
         <name>int06.asm.obj</name>
      </input_file>
      <input_file id="fl-33">
         <path>C:\ti\ccs1281\ccs\tools\compiler\ti-cgt-msp430_21.6.1.LTS\lib\</path>
         <kind>archive</kind>
         <file>rts430_eabi.lib</file>
         <name>int08.asm.obj</name>
      </input_file>
      <input_file id="fl-34">
         <path>C:\ti\ccs1281\ccs\tools\compiler\ti-cgt-msp430_21.6.1.LTS\lib\</path>
         <kind>archive</kind>
         <file>rts430_eabi.lib</file>
         <name>int10.asm.obj</name>
      </input_file>
      <input_file id="fl-35">
         <path>C:\ti\ccs1281\ccs\tools\compiler\ti-cgt-msp430_21.6.1.LTS\lib\</path>
         <kind>archive</kind>
         <file>rts430_eabi.lib</file>
         <name>int11.asm.obj</name>
      </input_file>
      <input_file id="fl-36">
         <path>C:\ti\ccs1281\ccs\tools\compiler\ti-cgt-msp430_21.6.1.LTS\lib\</path>
         <kind>archive</kind>
         <file>rts430_eabi.lib</file>
         <name>int12.asm.obj</name>
      </input_file>
      <input_file id="fl-37">
         <path>C:\ti\ccs1281\ccs\tools\compiler\ti-cgt-msp430_21.6.1.LTS\lib\</path>
         <kind>archive</kind>
         <file>rts430_eabi.lib</file>
         <name>int13.asm.obj</name>
      </input_file>
      <input_file id="fl-38">
         <path>C:\ti\ccs1281\ccs\tools\compiler\ti-cgt-msp430_21.6.1.LTS\lib\</path>
         <kind>archive</kind>
         <file>rts430_eabi.lib</file>
         <name>int14.asm.obj</name>
      </input_file>
      <input_file id="fl-39">
         <path>C:\ti\ccs1281\ccs\tools\compiler\ti-cgt-msp430_21.6.1.LTS\lib\</path>
         <kind>archive</kind>
         <file>rts430_eabi.lib</file>
         <name>isr_trap.asm.obj</name>
      </input_file>
      <input_file id="fl-3a">
         <path>C:\ti\ccs1281\ccs\tools\compiler\ti-cgt-msp430_21.6.1.LTS\lib\</path>
         <kind>archive</kind>
         <file>rts430_eabi.lib</file>
         <name>lsl16.asm.obj</name>
      </input_file>
      <input_file id="fl-3b">
         <path>C:\ti\ccs1281\ccs\tools\compiler\ti-cgt-msp430_21.6.1.LTS\lib\</path>
         <kind>archive</kind>
         <file>rts430_eabi.lib</file>
         <name>lsr16.asm.obj</name>
      </input_file>
      <input_file id="fl-3c">
         <path>C:\ti\ccs1281\ccs\tools\compiler\ti-cgt-msp430_21.6.1.LTS\lib\</path>
         <kind>archive</kind>
         <file>rts430_eabi.lib</file>
         <name>mult16.asm.obj</name>
      </input_file>
      <input_file id="fl-3d">
         <path>C:\ti\ccs1281\ccs\tools\compiler\ti-cgt-msp430_21.6.1.LTS\lib\</path>
         <kind>archive</kind>
         <file>rts430_eabi.lib</file>
         <name>boot.c.obj</name>
      </input_file>
      <input_file id="fl-3e">
         <path>C:\ti\ccs1281\ccs\tools\compiler\ti-cgt-msp430_21.6.1.LTS\lib\</path>
         <kind>archive</kind>
         <file>rts430_eabi.lib</file>
         <name>autoinit.c.obj</name>
      </input_file>
      <input_file id="fl-3f">
         <path>C:\ti\ccs1281\ccs\tools\compiler\ti-cgt-msp430_21.6.1.LTS\lib\</path>
         <kind>archive</kind>
         <file>rts430_eabi.lib</file>
         <name>copy_zero_init.c.obj</name>
      </input_file>
      <input_file id="fl-40">
         <path>C:\ti\ccs1281\ccs\tools\compiler\ti-cgt-msp430_21.6.1.LTS\lib\</path>
         <kind>archive</kind>
         <file>rts430_eabi.lib</file>
         <name>cpy_tbl.c.obj</name>
      </input_file>
      <input_file id="fl-41">
         <path>C:\ti\ccs1281\ccs\tools\compiler\ti-cgt-msp430_21.6.1.LTS\lib\</path>
         <kind>archive</kind>
         <file>rts430_eabi.lib</file>
         <name>mpu_init.c.obj</name>
      </input_file>
      <input_file id="fl-42">
         <path>C:\ti\ccs1281\ccs\tools\compiler\ti-cgt-msp430_21.6.1.LTS\lib\</path>
         <kind>archive</kind>
         <file>rts430_eabi.lib</file>
         <name>pre_init.c.obj</name>
      </input_file>
      <input_file id="fl-43">
         <path>C:\ti\ccs1281\ccs\tools\compiler\ti-cgt-msp430_21.6.1.LTS\lib\</path>
         <kind>archive</kind>
         <file>rts430_eabi.lib</file>
         <name>startup.c.obj</name>
      </input_file>
      <input_file id="fl-44">
         <path>C:\ti\ccs1281\ccs\tools\compiler\ti-cgt-msp430_21.6.1.LTS\lib\</path>
         <kind>archive</kind>
         <file>rts430_eabi.lib</file>
         <name>copy_decompress_none.c.obj</name>
      </input_file>
      <input_file id="fl-45">
         <path>C:\ti\ccs1281\ccs\tools\compiler\ti-cgt-msp430_21.6.1.LTS\lib\</path>
         <kind>archive</kind>
         <file>rts430_eabi.lib</file>
         <name>copy_decompress_lzss.c.obj</name>
      </input_file>
      <input_file id="fl-46">
         <path>C:\ti\ccs1281\ccs\tools\compiler\ti-cgt-msp430_21.6.1.LTS\lib\</path>
         <kind>archive</kind>
         <file>rts430_eabi.lib</file>
         <name>cvtdf.c.obj</name>
      </input_file>
      <input_file id="fl-47">
         <path>C:\ti\ccs1281\ccs\tools\compiler\ti-cgt-msp430_21.6.1.LTS\lib\</path>
         <kind>archive</kind>
         <file>rts430_eabi.lib</file>
         <name>addd.c.obj</name>
      </input_file>
      <input_file id="fl-48">
         <path>C:\ti\ccs1281\ccs\tools\compiler\ti-cgt-msp430_21.6.1.LTS\lib\</path>
         <kind>archive</kind>
         <file>rts430_eabi.lib</file>
         <name>cvtfd.c.obj</name>
      </input_file>
      <input_file id="fl-49">
         <path>C:\ti\ccs1281\ccs\tools\compiler\ti-cgt-msp430_21.6.1.LTS\lib\</path>
         <kind>archive</kind>
         <file>rts430_eabi.lib</file>
         <name>fltid.c.obj</name>
      </input_file>
      <input_file id="fl-4a">
         <path>C:\ti\ccs1281\ccs\tools\compiler\ti-cgt-msp430_21.6.1.LTS\lib\</path>
         <kind>archive</kind>
         <file>rts430_eabi.lib</file>
         <name>fltlid.c.obj</name>
      </input_file>
      <input_file id="fl-4b">
         <path>C:\ti\ccs1281\ccs\tools\compiler\ti-cgt-msp430_21.6.1.LTS\lib\</path>
         <kind>archive</kind>
         <file>rts430_eabi.lib</file>
         <name>mpyd.c.obj</name>
      </input_file>
      <input_file id="fl-4c">
         <path>C:\ti\ccs1281\ccs\tools\compiler\ti-cgt-msp430_21.6.1.LTS\lib\</path>
         <kind>archive</kind>
         <file>rts430_eabi.lib</file>
         <name>exit.c.obj</name>
      </input_file>
      <input_file id="fl-4d">
         <path>C:\ti\ccs1281\ccs\tools\compiler\ti-cgt-msp430_21.6.1.LTS\lib\</path>
         <kind>archive</kind>
         <file>rts430_eabi.lib</file>
         <name>_lock.c.obj</name>
      </input_file>
      <input_file id="fl-4e">
         <path>C:\ti\ccs1281\ccs\tools\compiler\ti-cgt-msp430_21.6.1.LTS\lib\</path>
         <kind>archive</kind>
         <file>rts430_eabi.lib</file>
         <name>args_main.c.obj</name>
      </input_file>
      <input_file id="fl-4f">
         <path>C:\ti\ccs1281\ccs\tools\compiler\ti-cgt-msp430_21.6.1.LTS\lib\</path>
         <kind>archive</kind>
         <file>rts430_eabi.lib</file>
         <name>memcmp.c.obj</name>
      </input_file>
      <input_file id="fl-50">
         <path>C:\ti\ccs1281\ccs\tools\compiler\ti-cgt-msp430_21.6.1.LTS\lib\</path>
         <kind>archive</kind>
         <file>rts430_eabi.lib</file>
         <name>memcpy.c.obj</name>
      </input_file>
      <input_file id="fl-51">
         <path>C:\ti\ccs1281\ccs\tools\compiler\ti-cgt-msp430_21.6.1.LTS\lib\</path>
         <kind>archive</kind>
         <file>rts430_eabi.lib</file>
         <name>strlen.c.obj</name>
      </input_file>
      <input_file id="fl-52">
         <path>C:\ti\ccs1281\ccs\tools\compiler\ti-cgt-msp430_21.6.1.LTS\lib\</path>
         <kind>archive</kind>
         <file>rts430_eabi.lib</file>
         <name>strncpy.c.obj</name>
      </input_file>
      <input_file id="fl-53">
         <path>C:\ti\ccs1281\ccs\tools\compiler\ti-cgt-msp430_21.6.1.LTS\lib\</path>
         <kind>archive</kind>
         <file>rts430_eabi.lib</file>
         <name>strstr.c.obj</name>
      </input_file>
      <input_file id="fl-54">
         <path>C:\ti\ccs1281\ccs\tools\compiler\ti-cgt-msp430_21.6.1.LTS\lib\</path>
         <kind>archive</kind>
         <file>rts430_eabi.lib</file>
         <name>asr32.asm.obj</name>
      </input_file>
      <input_file id="fl-55">
         <path>C:\ti\ccs1281\ccs\tools\compiler\ti-cgt-msp430_21.6.1.LTS\lib\</path>
         <kind>archive</kind>
         <file>rts430_eabi.lib</file>
         <name>lsl32.asm.obj</name>
      </input_file>
      <input_file id="fl-56">
         <path>C:\ti\ccs1281\ccs\tools\compiler\ti-cgt-msp430_21.6.1.LTS\lib\</path>
         <kind>archive</kind>
         <file>rts430_eabi.lib</file>
         <name>lsr32.asm.obj</name>
      </input_file>
      <input_file id="fl-57">
         <path>C:\ti\ccs1281\ccs\tools\compiler\ti-cgt-msp430_21.6.1.LTS\lib\</path>
         <kind>archive</kind>
         <file>rts430_eabi.lib</file>
         <name>exit_gvars.c.obj</name>
      </input_file>
      <input_file id="fl-58">
         <path>C:\ti\ccs1281\ccs\tools\compiler\ti-cgt-msp430_21.6.1.LTS\lib\</path>
         <kind>archive</kind>
         <file>rts430_eabi.lib</file>
         <name>asr64.c.obj</name>
      </input_file>
      <input_file id="fl-59">
         <path>C:\ti\ccs1281\ccs\tools\compiler\ti-cgt-msp430_21.6.1.LTS\lib\</path>
         <kind>archive</kind>
         <file>rts430_eabi.lib</file>
         <name>lsl64.c.obj</name>
      </input_file>
      <input_file id="fl-5a">
         <path>C:\ti\ccs1281\ccs\tools\compiler\ti-cgt-msp430_21.6.1.LTS\lib\</path>
         <kind>archive</kind>
         <file>rts430_eabi.lib</file>
         <name>lsr64.c.obj</name>
      </input_file>
      <input_file id="fl-5b">
         <path>C:\ti\ccs1281\ccs\tools\compiler\ti-cgt-msp430_21.6.1.LTS\lib\</path>
         <kind>archive</kind>
         <file>rts430_eabi.lib</file>
         <name>frcmpyd.c.obj</name>
      </input_file>
      <input_file id="fl-5c">
         <path>C:\ti\ccs1281\ccs\tools\compiler\ti-cgt-msp430_21.6.1.LTS\lib\</path>
         <kind>archive</kind>
         <file>rts430_eabi.lib</file>
         <name>mult3264.asm.obj</name>
      </input_file>
      <input_file id="fl-5d">
         <path>C:\ti\ccs1281\ccs\tools\compiler\ti-cgt-msp430_21.6.1.LTS\lib\</path>
         <kind>archive</kind>
         <file>rts430_eabi.lib</file>
         <name>mult64.asm.obj</name>
      </input_file>
      <input_file id="fl-5e">
         <path>C:\ti\ccs1281\ccs\tools\compiler\ti-cgt-msp430_21.6.1.LTS\lib\</path>
         <kind>archive</kind>
         <file>rts430_eabi.lib</file>
         <name>mult1632.asm.obj</name>
      </input_file>
      <input_file id="fl-5f">
         <path>C:\ti\ccs1281\ccs\tools\compiler\ti-cgt-msp430_21.6.1.LTS\lib\</path>
         <kind>archive</kind>
         <file>rts430_eabi.lib</file>
         <name>mult32.asm.obj</name>
      </input_file>
   </input_file_list>
   <object_component_list>
      <object_component id="oc-406">
         <name>.bss</name>
         <uninitialized>true</uninitialized>
         <run_address>0x2e0</run_address>
         <size>0x4</size>
         <input_file_ref idref="fl-4"/>
      </object_component>
      <object_component id="oc-3ad">
         <name>.bss</name>
         <uninitialized>true</uninitialized>
         <run_address>0x2ee</run_address>
         <size>0x1</size>
         <input_file_ref idref="fl-5"/>
      </object_component>
      <object_component id="oc-151">
         <name>.common:_MdmBuffer</name>
         <uninitialized>true</uninitialized>
         <run_address>0x200</run_address>
         <size>0x96</size>
      </object_component>
      <object_component id="oc-1d3">
         <name>.common:_MdmCbDataParsed</name>
         <uninitialized>true</uninitialized>
         <run_address>0x296</run_address>
         <size>0x32</size>
      </object_component>
      <object_component id="oc-22f">
         <name>.common:gAmbientLux</name>
         <uninitialized>true</uninitialized>
         <run_address>0x2ec</run_address>
         <size>0x2</size>
      </object_component>
      <object_component id="oc-35d">
         <name>.common:temp_integer</name>
         <uninitialized>true</uninitialized>
         <run_address>0x2e8</run_address>
         <size>0x4</size>
      </object_component>
      <object_component id="oc-356">
         <name>.common:tempData</name>
         <uninitialized>true</uninitialized>
         <run_address>0x2c8</run_address>
         <size>0x18</size>
      </object_component>
      <object_component id="oc-237">
         <name>.common:gAdcValAverager</name>
         <uninitialized>true</uninitialized>
         <run_address>0x2e4</run_address>
         <size>0x4</size>
      </object_component>
      <object_component id="oc-23d">
         <name>.common:gAdcValAverager_count</name>
         <uninitialized>true</uninitialized>
         <run_address>0x2ef</run_address>
         <size>0x1</size>
      </object_component>
      <object_component id="oc-14a">
         <name>.data</name>
         <load_address>0x322</load_address>
         <run_address>0x322</run_address>
         <size>0x8</size>
         <input_file_ref idref="fl-2"/>
      </object_component>
      <object_component id="oc-208">
         <name>.data:MatrixSetup</name>
         <load_address>0x314</load_address>
         <run_address>0x314</run_address>
         <size>0xe</size>
         <input_file_ref idref="fl-4"/>
      </object_component>
      <object_component id="oc-31f">
         <name>.data:dispx</name>
         <load_address>0x33a</load_address>
         <run_address>0x33a</run_address>
         <size>0x8</size>
         <input_file_ref idref="fl-4"/>
      </object_component>
      <object_component id="oc-465">
         <name>.data</name>
         <load_address>0x32a</load_address>
         <run_address>0x32a</run_address>
         <size>0x8</size>
         <input_file_ref idref="fl-4"/>
      </object_component>
      <object_component id="oc-14e">
         <name>.data</name>
         <load_address>0x34a</load_address>
         <run_address>0x34a</run_address>
         <size>0x6</size>
         <input_file_ref idref="fl-5"/>
      </object_component>
      <object_component id="oc-157">
         <name>.data</name>
         <load_address>0x332</load_address>
         <run_address>0x332</run_address>
         <size>0x8</size>
         <input_file_ref idref="fl-6"/>
      </object_component>
      <object_component id="oc-1d0">
         <name>.data</name>
         <load_address>0x350</load_address>
         <run_address>0x350</run_address>
         <size>0x4</size>
         <input_file_ref idref="fl-8"/>
      </object_component>
      <object_component id="oc-313">
         <name>.data:ReadData</name>
         <load_address>0x2f0</load_address>
         <run_address>0x2f0</run_address>
         <size>0x13</size>
         <input_file_ref idref="fl-8"/>
      </object_component>
      <object_component id="oc-2ef">
         <name>.data:SetRtcData</name>
         <load_address>0x342</load_address>
         <run_address>0x342</run_address>
         <size>0x7</size>
         <input_file_ref idref="fl-8"/>
      </object_component>
      <object_component id="oc-1d4">
         <name>.data:systemIP</name>
         <load_address>0x304</load_address>
         <run_address>0x304</run_address>
         <size>0x10</size>
         <input_file_ref idref="fl-8"/>
      </object_component>
      <object_component id="oc-b2">
         <name>.stack</name>
         <uninitialized>true</uninitialized>
         <run_address>0x3b0</run_address>
         <size>0x2</size>
         <input_file_ref idref="fl-3d"/>
      </object_component>
      <object_component id="oc-4d1">
         <name>.stack</name>
         <uninitialized>true</uninitialized>
         <run_address>0x3b0</run_address>
         <size>0x0</size>
      </object_component>
      <object_component id="oc-34a">
         <name>.text:__mspabi_addd</name>
         <load_address>0xc000</load_address>
         <run_address>0xc000</run_address>
         <size>0x736</size>
         <input_file_ref idref="fl-47"/>
      </object_component>
      <object_component id="oc-24d">
         <name>.text:ClockTempDisplay</name>
         <load_address>0xc736</load_address>
         <run_address>0xc736</run_address>
         <size>0x372</size>
         <input_file_ref idref="fl-8"/>
      </object_component>
      <object_component id="oc-344">
         <name>.text:__mspabi_mpyd</name>
         <load_address>0xcaa8</load_address>
         <run_address>0xcaa8</run_address>
         <size>0x2c0</size>
         <input_file_ref idref="fl-4b"/>
      </object_component>
      <object_component id="oc-169">
         <name>.text:main</name>
         <load_address>0xcd68</load_address>
         <run_address>0xcd68</run_address>
         <size>0x204</size>
         <input_file_ref idref="fl-8"/>
      </object_component>
      <object_component id="oc-1e4">
         <name>.text:InitADC10_new</name>
         <load_address>0xcf6c</load_address>
         <run_address>0xcf6c</run_address>
         <size>0x1d0</size>
         <input_file_ref idref="fl-2"/>
      </object_component>
      <object_component id="oc-2db">
         <name>.text:esp_Control_Init</name>
         <load_address>0xd13c</load_address>
         <run_address>0xd13c</run_address>
         <size>0x194</size>
         <input_file_ref idref="fl-5"/>
      </object_component>
      <object_component id="oc-40a">
         <name>.text:loopingDisplay</name>
         <load_address>0xd2d0</load_address>
         <run_address>0xd2d0</run_address>
         <size>0x18a</size>
         <input_file_ref idref="fl-4"/>
      </object_component>
      <object_component id="oc-3e4">
         <name>.text:__TI_frcmpyd</name>
         <load_address>0xd45a</load_address>
         <run_address>0xd45a</run_address>
         <size>0x172</size>
         <input_file_ref idref="fl-5b"/>
      </object_component>
      <object_component id="oc-238">
         <name>.text</name>
         <load_address>0xd5cc</load_address>
         <run_address>0xd5cc</run_address>
         <size>0x132</size>
         <input_file_ref idref="fl-27"/>
      </object_component>
      <object_component id="oc-211">
         <name>.text:ConfigureEspUART</name>
         <load_address>0xd6fe</load_address>
         <run_address>0xd6fe</run_address>
         <size>0x11e</size>
         <input_file_ref idref="fl-5"/>
      </object_component>
      <object_component id="oc-44a">
         <name>.text:__mpyll</name>
         <load_address>0xd81c</load_address>
         <run_address>0xd81c</run_address>
         <size>0x114</size>
         <input_file_ref idref="fl-5d"/>
      </object_component>
      <object_component id="oc-217">
         <name>.text:enable_Esp_TCP_Server</name>
         <load_address>0xd930</load_address>
         <run_address>0xd930</run_address>
         <size>0x106</size>
         <input_file_ref idref="fl-5"/>
      </object_component>
      <object_component id="oc-357">
         <name>.text:dotMatrixSendRowWise</name>
         <load_address>0xda36</load_address>
         <run_address>0xda36</run_address>
         <size>0xd6</size>
         <input_file_ref idref="fl-4"/>
      </object_component>
      <object_component id="oc-202">
         <name>.text:_ElapseTimeCCR0_A0</name>
         <load_address>0xdb0c</load_address>
         <run_address>0xdb0c</run_address>
         <size>0xca</size>
         <input_file_ref idref="fl-6"/>
      </object_component>
      <object_component id="oc-316">
         <name>.text:ReadFromDS1307MultiBytes</name>
         <load_address>0xdbd6</load_address>
         <run_address>0xdbd6</run_address>
         <size>0xc6</size>
         <input_file_ref idref="fl-3"/>
      </object_component>
      <object_component id="oc-2d6">
         <name>.text</name>
         <load_address>0xdc9c</load_address>
         <run_address>0xdc9c</run_address>
         <size>0xc4</size>
         <input_file_ref idref="fl-2a"/>
      </object_component>
      <object_component id="oc-350">
         <name>.text:__mspabi_cvtdf</name>
         <load_address>0xdd60</load_address>
         <run_address>0xdd60</run_address>
         <size>0xb4</size>
         <input_file_ref idref="fl-46"/>
      </object_component>
      <object_component id="oc-3dd">
         <name>.text:__mspabi_fltlid</name>
         <load_address>0xde14</load_address>
         <run_address>0xde14</run_address>
         <size>0xac</size>
         <input_file_ref idref="fl-4a"/>
      </object_component>
      <object_component id="oc-23e">
         <name>.text</name>
         <load_address>0xdec0</load_address>
         <run_address>0xdec0</run_address>
         <size>0x9c</size>
         <input_file_ref idref="fl-28"/>
      </object_component>
      <object_component id="oc-223">
         <name>.text:check_ESP_Buff_for_TCP_client_data</name>
         <load_address>0xdf5c</load_address>
         <run_address>0xdf5c</run_address>
         <size>0x98</size>
         <input_file_ref idref="fl-5"/>
      </object_component>
      <object_component id="oc-21d">
         <name>.text:handleParsedESPData</name>
         <load_address>0xdff4</load_address>
         <run_address>0xdff4</run_address>
         <size>0x92</size>
         <input_file_ref idref="fl-8"/>
      </object_component>
      <object_component id="oc-35">
         <name>.text:decompress:lzss:__TI_decompress_lzss</name>
         <load_address>0xe086</load_address>
         <run_address>0xe086</run_address>
         <size>0x7c</size>
         <input_file_ref idref="fl-45"/>
      </object_component>
      <object_component id="oc-338">
         <name>.text:__mspabi_cvtfd</name>
         <load_address>0xe102</load_address>
         <run_address>0xe102</run_address>
         <size>0x70</size>
         <input_file_ref idref="fl-48"/>
      </object_component>
      <object_component id="oc-1d8">
         <name>.text:CalibrateDco</name>
         <load_address>0xe172</load_address>
         <run_address>0xe172</run_address>
         <size>0x6e</size>
         <input_file_ref idref="fl-7"/>
      </object_component>
      <object_component id="oc-2f2">
         <name>.text:I2CSLV_Save_Burst</name>
         <load_address>0xe1e0</load_address>
         <run_address>0xe1e0</run_address>
         <size>0x68</size>
         <input_file_ref idref="fl-3"/>
      </object_component>
      <object_component id="oc-243">
         <name>.text</name>
         <load_address>0xe248</load_address>
         <run_address>0xe248</run_address>
         <size>0x68</size>
         <input_file_ref idref="fl-2b"/>
      </object_component>
      <object_component id="oc-2c0">
         <name>.text:sendData</name>
         <load_address>0xe2b0</load_address>
         <run_address>0xe2b0</run_address>
         <size>0x62</size>
         <input_file_ref idref="fl-4"/>
      </object_component>
      <object_component id="oc-443">
         <name>.text:l_lsr_const</name>
         <load_address>0xe312</load_address>
         <run_address>0xe312</run_address>
         <size>0x5c</size>
         <input_file_ref idref="fl-56"/>
      </object_component>
      <object_component id="oc-1f6">
         <name>.text:parseEsp01_TCP_Client_Reply</name>
         <load_address>0xe36e</load_address>
         <run_address>0xe36e</run_address>
         <size>0x5c</size>
         <input_file_ref idref="fl-5"/>
      </object_component>
      <object_component id="oc-bb">
         <name>.text</name>
         <load_address>0xe3ca</load_address>
         <run_address>0xe3ca</run_address>
         <size>0x4c</size>
         <input_file_ref idref="fl-3b"/>
      </object_component>
      <object_component id="oc-3f1">
         <name>.text:__mspabi_srall</name>
         <load_address>0xe416</load_address>
         <run_address>0xe416</run_address>
         <size>0x4a</size>
         <input_file_ref idref="fl-58"/>
      </object_component>
      <object_component id="oc-2f9">
         <name>.text:find_pattern_in_buff</name>
         <load_address>0xe460</load_address>
         <run_address>0xe460</run_address>
         <size>0x4a</size>
         <input_file_ref idref="fl-5"/>
      </object_component>
      <object_component id="oc-1de">
         <name>.text:BasicInitUSCI</name>
         <load_address>0xe4aa</load_address>
         <run_address>0xe4aa</run_address>
         <size>0x46</size>
         <input_file_ref idref="fl-3"/>
      </object_component>
      <object_component id="oc-454">
         <name>.text:__mspabi_srlll</name>
         <load_address>0xe4f0</load_address>
         <run_address>0xe4f0</run_address>
         <size>0x46</size>
         <input_file_ref idref="fl-5a"/>
      </object_component>
      <object_component id="oc-2e2">
         <name>.text:mdmReplySearch</name>
         <load_address>0xe536</load_address>
         <run_address>0xe536</run_address>
         <size>0x46</size>
         <input_file_ref idref="fl-5"/>
      </object_component>
      <object_component id="oc-2cc">
         <name>.text</name>
         <load_address>0xe57c</load_address>
         <run_address>0xe57c</run_address>
         <size>0x46</size>
         <input_file_ref idref="fl-2c"/>
      </object_component>
      <object_component id="oc-3f7">
         <name>.text:__mspabi_sllll</name>
         <load_address>0xe5c2</load_address>
         <run_address>0xe5c2</run_address>
         <size>0x44</size>
         <input_file_ref idref="fl-59"/>
      </object_component>
      <object_component id="oc-260">
         <name>.text:__TI_auto_init_nobinit_nopinit:__TI_auto_init_nobinit_nopinit</name>
         <load_address>0xe606</load_address>
         <run_address>0xe606</run_address>
         <size>0x42</size>
         <input_file_ref idref="fl-3e"/>
      </object_component>
      <object_component id="oc-1ea">
         <name>.text:calculate_light_intensity</name>
         <load_address>0xe648</load_address>
         <run_address>0xe648</run_address>
         <size>0x42</size>
         <input_file_ref idref="fl-7"/>
      </object_component>
      <object_component id="oc-3d1">
         <name>.text:l_asr_const</name>
         <load_address>0xe68a</load_address>
         <run_address>0xe68a</run_address>
         <size>0x3e</size>
         <input_file_ref idref="fl-54"/>
      </object_component>
      <object_component id="oc-3ff">
         <name>.text:l_lsl_const</name>
         <load_address>0xe6c8</load_address>
         <run_address>0xe6c8</run_address>
         <size>0x3e</size>
         <input_file_ref idref="fl-55"/>
      </object_component>
      <object_component id="oc-e2">
         <name>.text:ADC10_ISR</name>
         <load_address>0xe706</load_address>
         <run_address>0xe706</run_address>
         <size>0x38</size>
         <input_file_ref idref="fl-2"/>
      </object_component>
      <object_component id="oc-20b">
         <name>.text:initSend_MAX7219</name>
         <load_address>0xe73e</load_address>
         <run_address>0xe73e</run_address>
         <size>0x36</size>
         <input_file_ref idref="fl-8"/>
      </object_component>
      <object_component id="oc-232">
         <name>.text</name>
         <load_address>0xe774</load_address>
         <run_address>0xe774</run_address>
         <size>0x36</size>
         <input_file_ref idref="fl-29"/>
      </object_component>
      <object_component id="oc-2ae">
         <name>.text:strstr</name>
         <load_address>0xe7aa</load_address>
         <run_address>0xe7aa</run_address>
         <size>0x36</size>
         <input_file_ref idref="fl-53"/>
      </object_component>
      <object_component id="oc-ee">
         <name>.text:Timer_A</name>
         <load_address>0xe7e0</load_address>
         <run_address>0xe7e0</run_address>
         <size>0x34</size>
         <input_file_ref idref="fl-6"/>
      </object_component>
      <object_component id="oc-2c7">
         <name>.text</name>
         <load_address>0xe814</load_address>
         <run_address>0xe814</run_address>
         <size>0x32</size>
         <input_file_ref idref="fl-2d"/>
      </object_component>
      <object_component id="oc-325">
         <name>.text</name>
         <load_address>0xe846</load_address>
         <run_address>0xe846</run_address>
         <size>0x2c</size>
         <input_file_ref idref="fl-23"/>
      </object_component>
      <object_component id="oc-248">
         <name>.text</name>
         <load_address>0xe872</load_address>
         <run_address>0xe872</run_address>
         <size>0x2c</size>
         <input_file_ref idref="fl-24"/>
      </object_component>
      <object_component id="oc-b6">
         <name>.text</name>
         <load_address>0xe89e</load_address>
         <run_address>0xe89e</run_address>
         <size>0x2c</size>
         <input_file_ref idref="fl-3a"/>
      </object_component>
      <object_component id="oc-2ff">
         <name>.text:strncpy</name>
         <load_address>0xe8ca</load_address>
         <run_address>0xe8ca</run_address>
         <size>0x2c</size>
         <input_file_ref idref="fl-52"/>
      </object_component>
      <object_component id="oc-39e">
         <name>.text:ClrEspBuff</name>
         <load_address>0xe8f6</load_address>
         <run_address>0xe8f6</run_address>
         <size>0x26</size>
         <input_file_ref idref="fl-5"/>
      </object_component>
      <object_component id="oc-47c">
         <name>.text</name>
         <load_address>0xe91c</load_address>
         <run_address>0xe91c</run_address>
         <size>0x26</size>
         <input_file_ref idref="fl-5f"/>
      </object_component>
      <object_component id="oc-2d1">
         <name>.text</name>
         <load_address>0xe942</load_address>
         <run_address>0xe942</run_address>
         <size>0x24</size>
         <input_file_ref idref="fl-2e"/>
      </object_component>
      <object_component id="oc-481">
         <name>.text:__mpyul</name>
         <load_address>0xe966</load_address>
         <run_address>0xe966</run_address>
         <size>0x22</size>
         <input_file_ref idref="fl-5e"/>
      </object_component>
      <object_component id="oc-3b9">
         <name>.text:memcmp</name>
         <load_address>0xe988</load_address>
         <run_address>0xe988</run_address>
         <size>0x22</size>
         <input_file_ref idref="fl-4f"/>
      </object_component>
      <object_component id="oc-2e8">
         <name>.text:FlushEspBuff</name>
         <load_address>0xe9aa</load_address>
         <run_address>0xe9aa</run_address>
         <size>0x20</size>
         <input_file_ref idref="fl-5"/>
      </object_component>
      <object_component id="oc-e8">
         <name>.text:USCI0RX_ISR</name>
         <load_address>0xe9ca</load_address>
         <run_address>0xe9ca</run_address>
         <size>0x20</size>
         <input_file_ref idref="fl-5"/>
      </object_component>
      <object_component id="oc-35e">
         <name>.text:interDisplayBlanking</name>
         <load_address>0xe9ea</load_address>
         <run_address>0xe9ea</run_address>
         <size>0x20</size>
         <input_file_ref idref="fl-4"/>
      </object_component>
      <object_component id="oc-44f">
         <name>.text:__mpyull</name>
         <load_address>0xea0a</load_address>
         <run_address>0xea0a</run_address>
         <size>0x1e</size>
         <input_file_ref idref="fl-5c"/>
      </object_component>
      <object_component id="oc-106">
         <name>.text:_c_int00_noargs</name>
         <load_address>0xea28</load_address>
         <run_address>0xea28</run_address>
         <size>0x1c</size>
         <input_file_ref idref="fl-3d"/>
      </object_component>
      <object_component id="oc-229">
         <name>.text:controlConversion</name>
         <load_address>0xea44</load_address>
         <run_address>0xea44</run_address>
         <size>0x1c</size>
         <input_file_ref idref="fl-2"/>
      </object_component>
      <object_component id="oc-2b4">
         <name>.text:SendDataToESP</name>
         <load_address>0xea60</load_address>
         <run_address>0xea60</run_address>
         <size>0x18</size>
         <input_file_ref idref="fl-5"/>
      </object_component>
      <object_component id="oc-332">
         <name>.text:TW_CalcDecFrmTwozComp</name>
         <load_address>0xea78</load_address>
         <run_address>0xea78</run_address>
         <size>0x18</size>
         <input_file_ref idref="fl-7"/>
      </object_component>
      <object_component id="oc-30d">
         <name>.text</name>
         <load_address>0xea90</load_address>
         <run_address>0xea90</run_address>
         <size>0x16</size>
         <input_file_ref idref="fl-25"/>
      </object_component>
      <object_component id="oc-f4">
         <name>.text:decompress:ZI:__TI_zero_init_nomemset:__TI_zero_init_nomemset</name>
         <load_address>0xeaa6</load_address>
         <run_address>0xeaa6</run_address>
         <size>0x14</size>
         <input_file_ref idref="fl-3f"/>
      </object_component>
      <object_component id="oc-32a">
         <name>.text</name>
         <load_address>0xeaba</load_address>
         <run_address>0xeaba</run_address>
         <size>0x14</size>
         <input_file_ref idref="fl-3c"/>
      </object_component>
      <object_component id="oc-3b">
         <name>.text:decompress:none:__TI_decompress_none</name>
         <load_address>0xeace</load_address>
         <run_address>0xeace</run_address>
         <size>0x12</size>
         <input_file_ref idref="fl-44"/>
      </object_component>
      <object_component id="oc-d0">
         <name>.text:memcpy</name>
         <load_address>0xeae0</load_address>
         <run_address>0xeae0</run_address>
         <size>0x12</size>
         <input_file_ref idref="fl-50"/>
      </object_component>
      <object_component id="oc-c0">
         <name>.text</name>
         <load_address>0xeaf2</load_address>
         <run_address>0xeaf2</run_address>
         <size>0x10</size>
         <input_file_ref idref="fl-26"/>
      </object_component>
      <object_component id="oc-3b3">
         <name>.text:strlen</name>
         <load_address>0xeb02</load_address>
         <run_address>0xeb02</run_address>
         <size>0xe</size>
         <input_file_ref idref="fl-51"/>
      </object_component>
      <object_component id="oc-33e">
         <name>.text:__mspabi_fltid</name>
         <load_address>0xeb10</load_address>
         <run_address>0xeb10</run_address>
         <size>0xc</size>
         <input_file_ref idref="fl-49"/>
      </object_component>
      <object_component id="oc-dd">
         <name>.text:_isr:__TI_ISR_TRAP</name>
         <load_address>0xeb1c</load_address>
         <run_address>0xeb1c</run_address>
         <size>0x8</size>
         <input_file_ref idref="fl-39"/>
      </object_component>
      <object_component id="oc-254">
         <name>.text:abort</name>
         <load_address>0xeb24</load_address>
         <run_address>0xeb24</run_address>
         <size>0x6</size>
         <input_file_ref idref="fl-4c"/>
      </object_component>
      <object_component id="oc-1f0">
         <name>.text:register_adc10_callback</name>
         <load_address>0xeb2a</load_address>
         <run_address>0xeb2a</run_address>
         <size>0x6</size>
         <input_file_ref idref="fl-2"/>
      </object_component>
      <object_component id="oc-1fc">
         <name>.text:register_esp01_callback</name>
         <load_address>0xeb30</load_address>
         <run_address>0xeb30</run_address>
         <size>0x6</size>
         <input_file_ref idref="fl-5"/>
      </object_component>
      <object_component id="oc-163">
         <name>.text:_system_pre_init</name>
         <load_address>0xeb36</load_address>
         <run_address>0xeb36</run_address>
         <size>0x4</size>
         <input_file_ref idref="fl-42"/>
      </object_component>
      <object_component id="oc-377">
         <name>.text:_system_post_cinit</name>
         <load_address>0xeb3a</load_address>
         <run_address>0xeb3a</run_address>
         <size>0x2</size>
         <input_file_ref idref="fl-43"/>
      </object_component>
      <object_component id="oc-4d0">
         <name>.cinit..data.load</name>
         <load_address>0xedfc</load_address>
         <run_address>0xedfc</run_address>
         <size>0x51</size>
      </object_component>
      <object_component id="oc-4cd">
         <name>__TI_handler_table</name>
         <load_address>0xee4e</load_address>
         <run_address>0xee4e</run_address>
         <size>0x6</size>
      </object_component>
      <object_component id="oc-4cf">
         <name>.cinit..bss.load</name>
         <load_address>0xee54</load_address>
         <run_address>0xee54</run_address>
         <size>0x4</size>
      </object_component>
      <object_component id="oc-4ce">
         <name>__TI_cinit_table</name>
         <load_address>0xee58</load_address>
         <run_address>0xee58</run_address>
         <size>0x8</size>
      </object_component>
      <object_component id="oc-31c">
         <name>.const:disp1</name>
         <load_address>0xeb3c</load_address>
         <run_address>0xeb3c</run_address>
         <size>0x128</size>
         <input_file_ref idref="fl-4"/>
      </object_component>
      <object_component id="oc-2ad">
         <name>.const:.string</name>
         <load_address>0xec64</load_address>
         <run_address>0xec64</run_address>
         <size>0xe2</size>
         <input_file_ref idref="fl-5"/>
      </object_component>
      <object_component id="oc-1cd">
         <name>.const:$P$T1$2</name>
         <load_address>0xed46</load_address>
         <run_address>0xed46</run_address>
         <size>0x34</size>
         <input_file_ref idref="fl-8"/>
      </object_component>
      <object_component id="oc-32f">
         <name>.const:months</name>
         <load_address>0xed7a</load_address>
         <run_address>0xed7a</run_address>
         <size>0x24</size>
         <input_file_ref idref="fl-8"/>
      </object_component>
      <object_component id="oc-2a8">
         <name>.const:$P$T0$2</name>
         <load_address>0xed9e</load_address>
         <run_address>0xed9e</run_address>
         <size>0x20</size>
         <input_file_ref idref="fl-7"/>
      </object_component>
      <object_component id="oc-1d7">
         <name>.const:.string</name>
         <load_address>0xedbe</load_address>
         <run_address>0xedbe</run_address>
         <size>0x1c</size>
         <input_file_ref idref="fl-8"/>
      </object_component>
      <object_component id="oc-322">
         <name>.const:dow</name>
         <load_address>0xedda</load_address>
         <run_address>0xedda</run_address>
         <size>0x15</size>
         <input_file_ref idref="fl-8"/>
      </object_component>
      <object_component id="oc-1ca">
         <name>.const:$P$T0$1</name>
         <load_address>0xedf0</load_address>
         <run_address>0xedf0</run_address>
         <size>0xc</size>
         <input_file_ref idref="fl-8"/>
      </object_component>
      <object_component id="oc-48e">
         <name>.binit</name>
         <load_address>0xc000</load_address>
         <run_address>0xc000</run_address>
         <size>0x0</size>
      </object_component>
      <object_component id="oc-41">
         <name>.int00</name>
         <load_address>0xffe0</load_address>
         <run_address>0xffe0</run_address>
         <size>0x2</size>
         <input_file_ref idref="fl-2f"/>
      </object_component>
      <object_component id="oc-42">
         <name>.int02</name>
         <load_address>0xffe4</load_address>
         <run_address>0xffe4</run_address>
         <size>0x2</size>
         <input_file_ref idref="fl-30"/>
      </object_component>
      <object_component id="oc-43">
         <name>.int03</name>
         <load_address>0xffe6</load_address>
         <run_address>0xffe6</run_address>
         <size>0x2</size>
         <input_file_ref idref="fl-31"/>
      </object_component>
      <object_component id="oc-44">
         <name>.int05</name>
         <load_address>0xffea</load_address>
         <run_address>0xffea</run_address>
         <size>0x2</size>
         <input_file_ref idref="fl-2"/>
      </object_component>
      <object_component id="oc-45">
         <name>.int06</name>
         <load_address>0xffec</load_address>
         <run_address>0xffec</run_address>
         <size>0x2</size>
         <input_file_ref idref="fl-32"/>
      </object_component>
      <object_component id="oc-46">
         <name>.int07</name>
         <load_address>0xffee</load_address>
         <run_address>0xffee</run_address>
         <size>0x2</size>
         <input_file_ref idref="fl-5"/>
      </object_component>
      <object_component id="oc-47">
         <name>.int08</name>
         <load_address>0xfff0</load_address>
         <run_address>0xfff0</run_address>
         <size>0x2</size>
         <input_file_ref idref="fl-33"/>
      </object_component>
      <object_component id="oc-48">
         <name>.int09</name>
         <load_address>0xfff2</load_address>
         <run_address>0xfff2</run_address>
         <size>0x2</size>
         <input_file_ref idref="fl-6"/>
      </object_component>
      <object_component id="oc-49">
         <name>.int10</name>
         <load_address>0xfff4</load_address>
         <run_address>0xfff4</run_address>
         <size>0x2</size>
         <input_file_ref idref="fl-34"/>
      </object_component>
      <object_component id="oc-4a">
         <name>.int11</name>
         <load_address>0xfff6</load_address>
         <run_address>0xfff6</run_address>
         <size>0x2</size>
         <input_file_ref idref="fl-35"/>
      </object_component>
      <object_component id="oc-4b">
         <name>.int12</name>
         <load_address>0xfff8</load_address>
         <run_address>0xfff8</run_address>
         <size>0x2</size>
         <input_file_ref idref="fl-36"/>
      </object_component>
      <object_component id="oc-4c">
         <name>.int13</name>
         <load_address>0xfffa</load_address>
         <run_address>0xfffa</run_address>
         <size>0x2</size>
         <input_file_ref idref="fl-37"/>
      </object_component>
      <object_component id="oc-4d">
         <name>.int14</name>
         <load_address>0xfffc</load_address>
         <run_address>0xfffc</run_address>
         <size>0x2</size>
         <input_file_ref idref="fl-38"/>
      </object_component>
      <object_component id="oc-b5">
         <name>.reset</name>
         <load_address>0xfffe</load_address>
         <run_address>0xfffe</run_address>
         <size>0x2</size>
         <input_file_ref idref="fl-3d"/>
      </object_component>
      <object_component id="oc-19a">
         <name>.debug_info</name>
         <load_address>0x0</load_address>
         <run_address>0x0</run_address>
         <size>0x23f</size>
         <input_file_ref idref="fl-2"/>
      </object_component>
      <object_component id="oc-14b">
         <name>.debug_info</name>
         <load_address>0x23f</load_address>
         <run_address>0x23f</run_address>
         <size>0x15a</size>
         <input_file_ref idref="fl-2"/>
      </object_component>
      <object_component id="oc-1f2">
         <name>.debug_info</name>
         <load_address>0x399</load_address>
         <run_address>0x399</run_address>
         <size>0x159</size>
         <input_file_ref idref="fl-2"/>
      </object_component>
      <object_component id="oc-22b">
         <name>.debug_info</name>
         <load_address>0x4f2</load_address>
         <run_address>0x4f2</run_address>
         <size>0x141</size>
         <input_file_ref idref="fl-2"/>
      </object_component>
      <object_component id="oc-1e6">
         <name>.debug_info</name>
         <load_address>0x633</load_address>
         <run_address>0x633</run_address>
         <size>0x159</size>
         <input_file_ref idref="fl-2"/>
      </object_component>
      <object_component id="oc-e4">
         <name>.debug_info</name>
         <load_address>0x78c</load_address>
         <run_address>0x78c</run_address>
         <size>0x116</size>
         <input_file_ref idref="fl-2"/>
      </object_component>
      <object_component id="oc-19f">
         <name>.debug_info</name>
         <load_address>0x8a2</load_address>
         <run_address>0x8a2</run_address>
         <size>0x26b</size>
         <input_file_ref idref="fl-2"/>
      </object_component>
      <object_component id="oc-18e">
         <name>.debug_info</name>
         <load_address>0xb0d</load_address>
         <run_address>0xb0d</run_address>
         <size>0x8b</size>
         <input_file_ref idref="fl-2"/>
      </object_component>
      <object_component id="oc-293">
         <name>.debug_info</name>
         <load_address>0xb98</load_address>
         <run_address>0xb98</run_address>
         <size>0x282</size>
         <input_file_ref idref="fl-2"/>
      </object_component>
      <object_component id="oc-1b5">
         <name>.debug_info</name>
         <load_address>0xe1a</load_address>
         <run_address>0xe1a</run_address>
         <size>0xef</size>
         <input_file_ref idref="fl-2"/>
      </object_component>
      <object_component id="oc-195">
         <name>.debug_info</name>
         <load_address>0xf09</load_address>
         <run_address>0xf09</run_address>
         <size>0xbb</size>
         <input_file_ref idref="fl-2"/>
      </object_component>
      <object_component id="oc-1ba">
         <name>.debug_info</name>
         <load_address>0xfc4</load_address>
         <run_address>0xfc4</run_address>
         <size>0xcd</size>
         <input_file_ref idref="fl-2"/>
      </object_component>
      <object_component id="oc-2a6">
         <name>.debug_info</name>
         <load_address>0x1091</load_address>
         <run_address>0x1091</run_address>
         <size>0x260</size>
         <input_file_ref idref="fl-3"/>
      </object_component>
      <object_component id="oc-318">
         <name>.debug_info</name>
         <load_address>0x12f1</load_address>
         <run_address>0x12f1</run_address>
         <size>0x222</size>
         <input_file_ref idref="fl-3"/>
      </object_component>
      <object_component id="oc-2f4">
         <name>.debug_info</name>
         <load_address>0x1513</load_address>
         <run_address>0x1513</run_address>
         <size>0x1a9</size>
         <input_file_ref idref="fl-3"/>
      </object_component>
      <object_component id="oc-1df">
         <name>.debug_info</name>
         <load_address>0x16bc</load_address>
         <run_address>0x16bc</run_address>
         <size>0x12f</size>
         <input_file_ref idref="fl-3"/>
      </object_component>
      <object_component id="oc-cb">
         <name>.debug_info</name>
         <load_address>0x17eb</load_address>
         <run_address>0x17eb</run_address>
         <size>0x84</size>
         <input_file_ref idref="fl-3"/>
      </object_component>
      <object_component id="oc-2bf">
         <name>.debug_info</name>
         <load_address>0x186f</load_address>
         <run_address>0x186f</run_address>
         <size>0x1d7</size>
         <input_file_ref idref="fl-4"/>
      </object_component>
      <object_component id="oc-31d">
         <name>.debug_info</name>
         <load_address>0x1a46</load_address>
         <run_address>0x1a46</run_address>
         <size>0xdd</size>
         <input_file_ref idref="fl-4"/>
      </object_component>
      <object_component id="oc-209">
         <name>.debug_info</name>
         <load_address>0x1b23</load_address>
         <run_address>0x1b23</run_address>
         <size>0xe9</size>
         <input_file_ref idref="fl-4"/>
      </object_component>
      <object_component id="oc-320">
         <name>.debug_info</name>
         <load_address>0x1c0c</load_address>
         <run_address>0x1c0c</run_address>
         <size>0xdd</size>
         <input_file_ref idref="fl-4"/>
      </object_component>
      <object_component id="oc-2c1">
         <name>.debug_info</name>
         <load_address>0x1ce9</load_address>
         <run_address>0x1ce9</run_address>
         <size>0x1d3</size>
         <input_file_ref idref="fl-4"/>
      </object_component>
      <object_component id="oc-407">
         <name>.debug_info</name>
         <load_address>0x1ebc</load_address>
         <run_address>0x1ebc</run_address>
         <size>0x3b3</size>
         <input_file_ref idref="fl-4"/>
      </object_component>
      <object_component id="oc-358">
         <name>.debug_info</name>
         <load_address>0x226f</load_address>
         <run_address>0x226f</run_address>
         <size>0x235</size>
         <input_file_ref idref="fl-4"/>
      </object_component>
      <object_component id="oc-360">
         <name>.debug_info</name>
         <load_address>0x24a4</load_address>
         <run_address>0x24a4</run_address>
         <size>0x1da</size>
         <input_file_ref idref="fl-4"/>
      </object_component>
      <object_component id="oc-466">
         <name>.debug_info</name>
         <load_address>0x267e</load_address>
         <run_address>0x267e</run_address>
         <size>0x277</size>
         <input_file_ref idref="fl-4"/>
      </object_component>
      <object_component id="oc-1bf">
         <name>.debug_info</name>
         <load_address>0x28f5</load_address>
         <run_address>0x28f5</run_address>
         <size>0x94</size>
         <input_file_ref idref="fl-4"/>
      </object_component>
      <object_component id="oc-152">
         <name>.debug_info</name>
         <load_address>0x2989</load_address>
         <run_address>0x2989</run_address>
         <size>0x413</size>
         <input_file_ref idref="fl-5"/>
      </object_component>
      <object_component id="oc-14f">
         <name>.debug_info</name>
         <load_address>0x2d9c</load_address>
         <run_address>0x2d9c</run_address>
         <size>0x13f</size>
         <input_file_ref idref="fl-5"/>
      </object_component>
      <object_component id="oc-1fd">
         <name>.debug_info</name>
         <load_address>0x2edb</load_address>
         <run_address>0x2edb</run_address>
         <size>0x183</size>
         <input_file_ref idref="fl-5"/>
      </object_component>
      <object_component id="oc-39f">
         <name>.debug_info</name>
         <load_address>0x305e</load_address>
         <run_address>0x305e</run_address>
         <size>0x149</size>
         <input_file_ref idref="fl-5"/>
      </object_component>
      <object_component id="oc-2b5">
         <name>.debug_info</name>
         <load_address>0x31a7</load_address>
         <run_address>0x31a7</run_address>
         <size>0x173</size>
         <input_file_ref idref="fl-5"/>
      </object_component>
      <object_component id="oc-1f7">
         <name>.debug_info</name>
         <load_address>0x331a</load_address>
         <run_address>0x331a</run_address>
         <size>0x1d0</size>
         <input_file_ref idref="fl-5"/>
      </object_component>
      <object_component id="oc-2e3">
         <name>.debug_info</name>
         <load_address>0x34ea</load_address>
         <run_address>0x34ea</run_address>
         <size>0x200</size>
         <input_file_ref idref="fl-5"/>
      </object_component>
      <object_component id="oc-2fa">
         <name>.debug_info</name>
         <load_address>0x36ea</load_address>
         <run_address>0x36ea</run_address>
         <size>0x20f</size>
         <input_file_ref idref="fl-5"/>
      </object_component>
      <object_component id="oc-2dc">
         <name>.debug_info</name>
         <load_address>0x38f9</load_address>
         <run_address>0x38f9</run_address>
         <size>0x1ff</size>
         <input_file_ref idref="fl-5"/>
      </object_component>
      <object_component id="oc-2e9">
         <name>.debug_info</name>
         <load_address>0x3af8</load_address>
         <run_address>0x3af8</run_address>
         <size>0x164</size>
         <input_file_ref idref="fl-5"/>
      </object_component>
      <object_component id="oc-218">
         <name>.debug_info</name>
         <load_address>0x3c5c</load_address>
         <run_address>0x3c5c</run_address>
         <size>0x36e</size>
         <input_file_ref idref="fl-5"/>
      </object_component>
      <object_component id="oc-224">
         <name>.debug_info</name>
         <load_address>0x3fca</load_address>
         <run_address>0x3fca</run_address>
         <size>0x278</size>
         <input_file_ref idref="fl-5"/>
      </object_component>
      <object_component id="oc-e9">
         <name>.debug_info</name>
         <load_address>0x4242</load_address>
         <run_address>0x4242</run_address>
         <size>0x13d</size>
         <input_file_ref idref="fl-5"/>
      </object_component>
      <object_component id="oc-212">
         <name>.debug_info</name>
         <load_address>0x437f</load_address>
         <run_address>0x437f</run_address>
         <size>0x2b2</size>
         <input_file_ref idref="fl-5"/>
      </object_component>
      <object_component id="oc-1a9">
         <name>.debug_info</name>
         <load_address>0x4631</load_address>
         <run_address>0x4631</run_address>
         <size>0x47b</size>
         <input_file_ref idref="fl-5"/>
      </object_component>
      <object_component id="oc-13d">
         <name>.debug_info</name>
         <load_address>0x4aac</load_address>
         <run_address>0x4aac</run_address>
         <size>0x2c</size>
         <input_file_ref idref="fl-5"/>
      </object_component>
      <object_component id="oc-1a4">
         <name>.debug_info</name>
         <load_address>0x4ad8</load_address>
         <run_address>0x4ad8</run_address>
         <size>0x35</size>
         <input_file_ref idref="fl-5"/>
      </object_component>
      <object_component id="oc-1c6">
         <name>.debug_info</name>
         <load_address>0x4b0d</load_address>
         <run_address>0x4b0d</run_address>
         <size>0x22e</size>
         <input_file_ref idref="fl-6"/>
      </object_component>
      <object_component id="oc-158">
         <name>.debug_info</name>
         <load_address>0x4d3b</load_address>
         <run_address>0x4d3b</run_address>
         <size>0x168</size>
         <input_file_ref idref="fl-6"/>
      </object_component>
      <object_component id="oc-206">
         <name>.debug_info</name>
         <load_address>0x4ea3</load_address>
         <run_address>0x4ea3</run_address>
         <size>0x24f</size>
         <input_file_ref idref="fl-6"/>
      </object_component>
      <object_component id="oc-f2">
         <name>.debug_info</name>
         <load_address>0x50f2</load_address>
         <run_address>0x50f2</run_address>
         <size>0x114</size>
         <input_file_ref idref="fl-6"/>
      </object_component>
      <object_component id="oc-230">
         <name>.debug_info</name>
         <load_address>0x5206</load_address>
         <run_address>0x5206</run_address>
         <size>0x2f5</size>
         <input_file_ref idref="fl-7"/>
      </object_component>
      <object_component id="oc-2a9">
         <name>.debug_info</name>
         <load_address>0x54fb</load_address>
         <run_address>0x54fb</run_address>
         <size>0xe1</size>
         <input_file_ref idref="fl-7"/>
      </object_component>
      <object_component id="oc-1ed">
         <name>.debug_info</name>
         <load_address>0x55dc</load_address>
         <run_address>0x55dc</run_address>
         <size>0x222</size>
         <input_file_ref idref="fl-7"/>
      </object_component>
      <object_component id="oc-333">
         <name>.debug_info</name>
         <load_address>0x57fe</load_address>
         <run_address>0x57fe</run_address>
         <size>0x18d</size>
         <input_file_ref idref="fl-7"/>
      </object_component>
      <object_component id="oc-1dc">
         <name>.debug_info</name>
         <load_address>0x598b</load_address>
         <run_address>0x598b</run_address>
         <size>0x16c</size>
         <input_file_ref idref="fl-7"/>
      </object_component>
      <object_component id="oc-154">
         <name>.debug_info</name>
         <load_address>0x5af7</load_address>
         <run_address>0x5af7</run_address>
         <size>0x9db</size>
         <input_file_ref idref="fl-8"/>
      </object_component>
      <object_component id="oc-1d1">
         <name>.debug_info</name>
         <load_address>0x64d2</load_address>
         <run_address>0x64d2</run_address>
         <size>0x12a</size>
         <input_file_ref idref="fl-8"/>
      </object_component>
      <object_component id="oc-314">
         <name>.debug_info</name>
         <load_address>0x65fc</load_address>
         <run_address>0x65fc</run_address>
         <size>0xd3</size>
         <input_file_ref idref="fl-8"/>
      </object_component>
      <object_component id="oc-2f0">
         <name>.debug_info</name>
         <load_address>0x66cf</load_address>
         <run_address>0x66cf</run_address>
         <size>0xd7</size>
         <input_file_ref idref="fl-8"/>
      </object_component>
      <object_component id="oc-323">
         <name>.debug_info</name>
         <load_address>0x67a6</load_address>
         <run_address>0x67a6</run_address>
         <size>0xc9</size>
         <input_file_ref idref="fl-8"/>
      </object_component>
      <object_component id="oc-330">
         <name>.debug_info</name>
         <load_address>0x686f</load_address>
         <run_address>0x686f</run_address>
         <size>0xcf</size>
         <input_file_ref idref="fl-8"/>
      </object_component>
      <object_component id="oc-1d5">
         <name>.debug_info</name>
         <load_address>0x693e</load_address>
         <run_address>0x693e</run_address>
         <size>0xd3</size>
         <input_file_ref idref="fl-8"/>
      </object_component>
      <object_component id="oc-1cb">
         <name>.debug_info</name>
         <load_address>0x6a11</load_address>
         <run_address>0x6a11</run_address>
         <size>0xd1</size>
         <input_file_ref idref="fl-8"/>
      </object_component>
      <object_component id="oc-1ce">
         <name>.debug_info</name>
         <load_address>0x6ae2</load_address>
         <run_address>0x6ae2</run_address>
         <size>0xd1</size>
         <input_file_ref idref="fl-8"/>
      </object_component>
      <object_component id="oc-20d">
         <name>.debug_info</name>
         <load_address>0x6bb3</load_address>
         <run_address>0x6bb3</run_address>
         <size>0x1bf</size>
         <input_file_ref idref="fl-8"/>
      </object_component>
      <object_component id="oc-250">
         <name>.debug_info</name>
         <load_address>0x6d72</load_address>
         <run_address>0x6d72</run_address>
         <size>0x4c0</size>
         <input_file_ref idref="fl-8"/>
      </object_component>
      <object_component id="oc-16c">
         <name>.debug_info</name>
         <load_address>0x7232</load_address>
         <run_address>0x7232</run_address>
         <size>0x3db</size>
         <input_file_ref idref="fl-8"/>
      </object_component>
      <object_component id="oc-21f">
         <name>.debug_info</name>
         <load_address>0x760d</load_address>
         <run_address>0x760d</run_address>
         <size>0x206</size>
         <input_file_ref idref="fl-8"/>
      </object_component>
      <object_component id="oc-1b0">
         <name>.debug_info</name>
         <load_address>0x7813</load_address>
         <run_address>0x7813</run_address>
         <size>0x63</size>
         <input_file_ref idref="fl-8"/>
      </object_component>
      <object_component id="oc-327">
         <name>.debug_info</name>
         <load_address>0x7876</load_address>
         <run_address>0x7876</run_address>
         <size>0x120</size>
         <input_file_ref idref="fl-23"/>
      </object_component>
      <object_component id="oc-24b">
         <name>.debug_info</name>
         <load_address>0x7996</load_address>
         <run_address>0x7996</run_address>
         <size>0x135</size>
         <input_file_ref idref="fl-24"/>
      </object_component>
      <object_component id="oc-30e">
         <name>.debug_info</name>
         <load_address>0x7acb</load_address>
         <run_address>0x7acb</run_address>
         <size>0x121</size>
         <input_file_ref idref="fl-25"/>
      </object_component>
      <object_component id="oc-c3">
         <name>.debug_info</name>
         <load_address>0x7bec</load_address>
         <run_address>0x7bec</run_address>
         <size>0x12e</size>
         <input_file_ref idref="fl-26"/>
      </object_component>
      <object_component id="oc-23a">
         <name>.debug_info</name>
         <load_address>0x7d1a</load_address>
         <run_address>0x7d1a</run_address>
         <size>0x121</size>
         <input_file_ref idref="fl-27"/>
      </object_component>
      <object_component id="oc-241">
         <name>.debug_info</name>
         <load_address>0x7e3b</load_address>
         <run_address>0x7e3b</run_address>
         <size>0x121</size>
         <input_file_ref idref="fl-28"/>
      </object_component>
      <object_component id="oc-234">
         <name>.debug_info</name>
         <load_address>0x7f5c</load_address>
         <run_address>0x7f5c</run_address>
         <size>0x12a</size>
         <input_file_ref idref="fl-29"/>
      </object_component>
      <object_component id="oc-2d7">
         <name>.debug_info</name>
         <load_address>0x8086</load_address>
         <run_address>0x8086</run_address>
         <size>0x121</size>
         <input_file_ref idref="fl-2a"/>
      </object_component>
      <object_component id="oc-244">
         <name>.debug_info</name>
         <load_address>0x81a7</load_address>
         <run_address>0x81a7</run_address>
         <size>0x135</size>
         <input_file_ref idref="fl-2b"/>
      </object_component>
      <object_component id="oc-2cd">
         <name>.debug_info</name>
         <load_address>0x82dc</load_address>
         <run_address>0x82dc</run_address>
         <size>0x12f</size>
         <input_file_ref idref="fl-2c"/>
      </object_component>
      <object_component id="oc-2c9">
         <name>.debug_info</name>
         <load_address>0x840b</load_address>
         <run_address>0x840b</run_address>
         <size>0x127</size>
         <input_file_ref idref="fl-2d"/>
      </object_component>
      <object_component id="oc-2d2">
         <name>.debug_info</name>
         <load_address>0x8532</load_address>
         <run_address>0x8532</run_address>
         <size>0x124</size>
         <input_file_ref idref="fl-2e"/>
      </object_component>
      <object_component id="oc-de">
         <name>.debug_info</name>
         <load_address>0x8656</load_address>
         <run_address>0x8656</run_address>
         <size>0x10f</size>
         <input_file_ref idref="fl-39"/>
      </object_component>
      <object_component id="oc-b7">
         <name>.debug_info</name>
         <load_address>0x8765</load_address>
         <run_address>0x8765</run_address>
         <size>0x120</size>
         <input_file_ref idref="fl-3a"/>
      </object_component>
      <object_component id="oc-bd">
         <name>.debug_info</name>
         <load_address>0x8885</load_address>
         <run_address>0x8885</run_address>
         <size>0x120</size>
         <input_file_ref idref="fl-3b"/>
      </object_component>
      <object_component id="oc-32c">
         <name>.debug_info</name>
         <load_address>0x89a5</load_address>
         <run_address>0x89a5</run_address>
         <size>0x121</size>
         <input_file_ref idref="fl-3c"/>
      </object_component>
      <object_component id="oc-b3">
         <name>.debug_info</name>
         <load_address>0x8ac6</load_address>
         <run_address>0x8ac6</run_address>
         <size>0x100</size>
         <input_file_ref idref="fl-3d"/>
      </object_component>
      <object_component id="oc-107">
         <name>.debug_info</name>
         <load_address>0x8bc6</load_address>
         <run_address>0x8bc6</run_address>
         <size>0x17a</size>
         <input_file_ref idref="fl-3d"/>
      </object_component>
      <object_component id="oc-37e">
         <name>.debug_info</name>
         <load_address>0x8d40</load_address>
         <run_address>0x8d40</run_address>
         <size>0x3de</size>
         <input_file_ref idref="fl-3e"/>
      </object_component>
      <object_component id="oc-261">
         <name>.debug_info</name>
         <load_address>0x911e</load_address>
         <run_address>0x911e</run_address>
         <size>0x1e0</size>
         <input_file_ref idref="fl-3e"/>
      </object_component>
      <object_component id="oc-426">
         <name>.debug_info</name>
         <load_address>0x92fe</load_address>
         <run_address>0x92fe</run_address>
         <size>0x39</size>
         <input_file_ref idref="fl-3e"/>
      </object_component>
      <object_component id="oc-432">
         <name>.debug_info</name>
         <load_address>0x9337</load_address>
         <run_address>0x9337</run_address>
         <size>0x2c</size>
         <input_file_ref idref="fl-3e"/>
      </object_component>
      <object_component id="oc-389">
         <name>.debug_info</name>
         <load_address>0x9363</load_address>
         <run_address>0x9363</run_address>
         <size>0x2c</size>
         <input_file_ref idref="fl-3e"/>
      </object_component>
      <object_component id="oc-42b">
         <name>.debug_info</name>
         <load_address>0x938f</load_address>
         <run_address>0x938f</run_address>
         <size>0xcd</size>
         <input_file_ref idref="fl-3e"/>
      </object_component>
      <object_component id="oc-161">
         <name>.debug_info</name>
         <load_address>0x945c</load_address>
         <run_address>0x945c</run_address>
         <size>0x175</size>
         <input_file_ref idref="fl-3f"/>
      </object_component>
      <object_component id="oc-f6">
         <name>.debug_info</name>
         <load_address>0x95d1</load_address>
         <run_address>0x95d1</run_address>
         <size>0x1d2</size>
         <input_file_ref idref="fl-3f"/>
      </object_component>
      <object_component id="oc-15c">
         <name>.debug_info</name>
         <load_address>0x97a3</load_address>
         <run_address>0x97a3</run_address>
         <size>0x46</size>
         <input_file_ref idref="fl-3f"/>
      </object_component>
      <object_component id="oc-165">
         <name>.debug_info</name>
         <load_address>0x97e9</load_address>
         <run_address>0x97e9</run_address>
         <size>0x153</size>
         <input_file_ref idref="fl-42"/>
      </object_component>
      <object_component id="oc-379">
         <name>.debug_info</name>
         <load_address>0x993c</load_address>
         <run_address>0x993c</run_address>
         <size>0x150</size>
         <input_file_ref idref="fl-43"/>
      </object_component>
      <object_component id="oc-dc">
         <name>.debug_info</name>
         <load_address>0x9a8c</load_address>
         <run_address>0x9a8c</run_address>
         <size>0x180</size>
         <input_file_ref idref="fl-44"/>
      </object_component>
      <object_component id="oc-3e">
         <name>.debug_info</name>
         <load_address>0x9c0c</load_address>
         <run_address>0x9c0c</run_address>
         <size>0x1ea</size>
         <input_file_ref idref="fl-44"/>
      </object_component>
      <object_component id="oc-d7">
         <name>.debug_info</name>
         <load_address>0x9df6</load_address>
         <run_address>0x9df6</run_address>
         <size>0x46</size>
         <input_file_ref idref="fl-44"/>
      </object_component>
      <object_component id="oc-142">
         <name>.debug_info</name>
         <load_address>0x9e3c</load_address>
         <run_address>0x9e3c</run_address>
         <size>0x2c</size>
         <input_file_ref idref="fl-44"/>
      </object_component>
      <object_component id="oc-13a">
         <name>.debug_info</name>
         <load_address>0x9e68</load_address>
         <run_address>0x9e68</run_address>
         <size>0x176</size>
         <input_file_ref idref="fl-45"/>
      </object_component>
      <object_component id="oc-38">
         <name>.debug_info</name>
         <load_address>0x9fde</load_address>
         <run_address>0x9fde</run_address>
         <size>0x292</size>
         <input_file_ref idref="fl-45"/>
      </object_component>
      <object_component id="oc-c6">
         <name>.debug_info</name>
         <load_address>0xa270</load_address>
         <run_address>0xa270</run_address>
         <size>0x60</size>
         <input_file_ref idref="fl-45"/>
      </object_component>
      <object_component id="oc-185">
         <name>.debug_info</name>
         <load_address>0xa2d0</load_address>
         <run_address>0xa2d0</run_address>
         <size>0x46</size>
         <input_file_ref idref="fl-45"/>
      </object_component>
      <object_component id="oc-135">
         <name>.debug_info</name>
         <load_address>0xa316</load_address>
         <run_address>0xa316</run_address>
         <size>0x39</size>
         <input_file_ref idref="fl-45"/>
      </object_component>
      <object_component id="oc-405">
         <name>.debug_info</name>
         <load_address>0xa34f</load_address>
         <run_address>0xa34f</run_address>
         <size>0x165</size>
         <input_file_ref idref="fl-46"/>
      </object_component>
      <object_component id="oc-352">
         <name>.debug_info</name>
         <load_address>0xa4b4</load_address>
         <run_address>0xa4b4</run_address>
         <size>0x208</size>
         <input_file_ref idref="fl-46"/>
      </object_component>
      <object_component id="oc-3d8">
         <name>.debug_info</name>
         <load_address>0xa6bc</load_address>
         <run_address>0xa6bc</run_address>
         <size>0xdb</size>
         <input_file_ref idref="fl-46"/>
      </object_component>
      <object_component id="oc-3fe">
         <name>.debug_info</name>
         <load_address>0xa797</load_address>
         <run_address>0xa797</run_address>
         <size>0x164</size>
         <input_file_ref idref="fl-47"/>
      </object_component>
      <object_component id="oc-34b">
         <name>.debug_info</name>
         <load_address>0xa8fb</load_address>
         <run_address>0xa8fb</run_address>
         <size>0x35e</size>
         <input_file_ref idref="fl-47"/>
      </object_component>
      <object_component id="oc-3d7">
         <name>.debug_info</name>
         <load_address>0xac59</load_address>
         <run_address>0xac59</run_address>
         <size>0x165</size>
         <input_file_ref idref="fl-48"/>
      </object_component>
      <object_component id="oc-33a">
         <name>.debug_info</name>
         <load_address>0xadbe</load_address>
         <run_address>0xadbe</run_address>
         <size>0x1d4</size>
         <input_file_ref idref="fl-48"/>
      </object_component>
      <object_component id="oc-340">
         <name>.debug_info</name>
         <load_address>0xaf92</load_address>
         <run_address>0xaf92</run_address>
         <size>0x166</size>
         <input_file_ref idref="fl-49"/>
      </object_component>
      <object_component id="oc-449">
         <name>.debug_info</name>
         <load_address>0xb0f8</load_address>
         <run_address>0xb0f8</run_address>
         <size>0x16b</size>
         <input_file_ref idref="fl-4a"/>
      </object_component>
      <object_component id="oc-3de">
         <name>.debug_info</name>
         <load_address>0xb263</load_address>
         <run_address>0xb263</run_address>
         <size>0x21b</size>
         <input_file_ref idref="fl-4a"/>
      </object_component>
      <object_component id="oc-3ec">
         <name>.debug_info</name>
         <load_address>0xb47e</load_address>
         <run_address>0xb47e</run_address>
         <size>0x94</size>
         <input_file_ref idref="fl-4a"/>
      </object_component>
      <object_component id="oc-3eb">
         <name>.debug_info</name>
         <load_address>0xb512</load_address>
         <run_address>0xb512</run_address>
         <size>0x197</size>
         <input_file_ref idref="fl-4b"/>
      </object_component>
      <object_component id="oc-345">
         <name>.debug_info</name>
         <load_address>0xb6a9</load_address>
         <run_address>0xb6a9</run_address>
         <size>0x2d2</size>
         <input_file_ref idref="fl-4b"/>
      </object_component>
      <object_component id="oc-256">
         <name>.debug_info</name>
         <load_address>0xb97b</load_address>
         <run_address>0xb97b</run_address>
         <size>0x122</size>
         <input_file_ref idref="fl-4c"/>
      </object_component>
      <object_component id="oc-43d">
         <name>.debug_info</name>
         <load_address>0xba9d</load_address>
         <run_address>0xba9d</run_address>
         <size>0x172</size>
         <input_file_ref idref="fl-4f"/>
      </object_component>
      <object_component id="oc-3ba">
         <name>.debug_info</name>
         <load_address>0xbc0f</load_address>
         <run_address>0xbc0f</run_address>
         <size>0x28b</size>
         <input_file_ref idref="fl-4f"/>
      </object_component>
      <object_component id="oc-13c">
         <name>.debug_info</name>
         <load_address>0xbe9a</load_address>
         <run_address>0xbe9a</run_address>
         <size>0x181</size>
         <input_file_ref idref="fl-50"/>
      </object_component>
      <object_component id="oc-d1">
         <name>.debug_info</name>
         <load_address>0xc01b</load_address>
         <run_address>0xc01b</run_address>
         <size>0x17a</size>
         <input_file_ref idref="fl-50"/>
      </object_component>
      <object_component id="oc-43b">
         <name>.debug_info</name>
         <load_address>0xc195</load_address>
         <run_address>0xc195</run_address>
         <size>0x162</size>
         <input_file_ref idref="fl-51"/>
      </object_component>
      <object_component id="oc-3b6">
         <name>.debug_info</name>
         <load_address>0xc2f7</load_address>
         <run_address>0xc2f7</run_address>
         <size>0x230</size>
         <input_file_ref idref="fl-51"/>
      </object_component>
      <object_component id="oc-3c1">
[...]
      </symbol>
      <symbol id="sm-43b">
         <name>__mspabi_fltuf</name>
         <value>0xe942</value>
         <object_component_ref idref="oc-2d1"/>
      </symbol>
      <symbol id="sm-43e">
         <name>__TI_int00</name>
         <value>0xffe0</value>
         <object_component_ref idref="oc-41"/>
      </symbol>
      <symbol id="sm-441">
         <name>__TI_int02</name>
         <value>0xffe4</value>
         <object_component_ref idref="oc-42"/>
      </symbol>
      <symbol id="sm-444">
         <name>__TI_int03</name>
         <value>0xffe6</value>
         <object_component_ref idref="oc-43"/>
      </symbol>
      <symbol id="sm-447">
         <name>__TI_int06</name>
         <value>0xffec</value>
         <object_component_ref idref="oc-45"/>
      </symbol>
      <symbol id="sm-44a">
         <name>__TI_int08</name>
         <value>0xfff0</value>
         <object_component_ref idref="oc-47"/>
      </symbol>
      <symbol id="sm-44d">
         <name>__TI_int10</name>
         <value>0xfff4</value>
         <object_component_ref idref="oc-49"/>
      </symbol>
      <symbol id="sm-450">
         <name>__TI_int11</name>
         <value>0xfff6</value>
         <object_component_ref idref="oc-4a"/>
      </symbol>
      <symbol id="sm-453">
         <name>__TI_int12</name>
         <value>0xfff8</value>
         <object_component_ref idref="oc-4b"/>
      </symbol>
      <symbol id="sm-456">
         <name>__TI_int13</name>
         <value>0xfffa</value>
         <object_component_ref idref="oc-4c"/>
      </symbol>
      <symbol id="sm-459">
         <name>__TI_int14</name>
         <value>0xfffc</value>
         <object_component_ref idref="oc-4d"/>
      </symbol>
      <symbol id="sm-461">
         <name>__TI_ISR_TRAP</name>
         <value>0xeb1c</value>
         <object_component_ref idref="oc-dd"/>
      </symbol>
      <symbol id="sm-469">
         <name>__mspabi_slli</name>
         <value>0xe89e</value>
         <object_component_ref idref="oc-b6"/>
      </symbol>
      <symbol id="sm-46a">
         <name>__mspabi_slli_9</name>
         <value>0xe8b6</value>
         <object_component_ref idref="oc-b6"/>
      </symbol>
      <symbol id="sm-46b">
         <name>__mspabi_slli_8</name>
         <value>0xe8b8</value>
         <object_component_ref idref="oc-b6"/>
      </symbol>
      <symbol id="sm-46c">
         <name>__mspabi_slli_7</name>
         <value>0xe8ba</value>
         <object_component_ref idref="oc-b6"/>
      </symbol>
      <symbol id="sm-46d">
         <name>__mspabi_slli_6</name>
         <value>0xe8bc</value>
         <object_component_ref idref="oc-b6"/>
      </symbol>
      <symbol id="sm-46e">
         <name>__mspabi_slli_5</name>
         <value>0xe8be</value>
         <object_component_ref idref="oc-b6"/>
      </symbol>
      <symbol id="sm-46f">
         <name>__mspabi_slli_4</name>
         <value>0xe8c0</value>
         <object_component_ref idref="oc-b6"/>
      </symbol>
      <symbol id="sm-470">
         <name>__mspabi_slli_3</name>
         <value>0xe8c2</value>
         <object_component_ref idref="oc-b6"/>
      </symbol>
      <symbol id="sm-471">
         <name>__mspabi_slli_2</name>
         <value>0xe8c4</value>
         <object_component_ref idref="oc-b6"/>
      </symbol>
      <symbol id="sm-472">
         <name>__mspabi_slli_1</name>
         <value>0xe8c6</value>
         <object_component_ref idref="oc-b6"/>
      </symbol>
      <symbol id="sm-473">
         <name>__mspabi_slli_15</name>
         <value>0xe8aa</value>
         <object_component_ref idref="oc-b6"/>
      </symbol>
      <symbol id="sm-474">
         <name>__mspabi_slli_14</name>
         <value>0xe8ac</value>
         <object_component_ref idref="oc-b6"/>
      </symbol>
      <symbol id="sm-475">
         <name>__mspabi_slli_13</name>
         <value>0xe8ae</value>
         <object_component_ref idref="oc-b6"/>
      </symbol>
      <symbol id="sm-476">
         <name>__mspabi_slli_12</name>
         <value>0xe8b0</value>
         <object_component_ref idref="oc-b6"/>
      </symbol>
      <symbol id="sm-477">
         <name>__mspabi_slli_11</name>
         <value>0xe8b2</value>
         <object_component_ref idref="oc-b6"/>
      </symbol>
      <symbol id="sm-478">
         <name>__mspabi_slli_10</name>
         <value>0xe8b4</value>
         <object_component_ref idref="oc-b6"/>
      </symbol>
      <symbol id="sm-480">
         <name>__mspabi_srli_8</name>
         <value>0xe3f4</value>
         <object_component_ref idref="oc-bb"/>
      </symbol>
      <symbol id="sm-481">
         <name>__mspabi_srli_9</name>
         <value>0xe3f0</value>
         <object_component_ref idref="oc-bb"/>
      </symbol>
      <symbol id="sm-482">
         <name>__mspabi_srli_6</name>
         <value>0xe3fc</value>
         <object_component_ref idref="oc-bb"/>
      </symbol>
      <symbol id="sm-483">
         <name>__mspabi_srli_7</name>
         <value>0xe3f8</value>
         <object_component_ref idref="oc-bb"/>
      </symbol>
      <symbol id="sm-484">
         <name>__mspabi_srli_4</name>
         <value>0xe404</value>
         <object_component_ref idref="oc-bb"/>
      </symbol>
      <symbol id="sm-485">
         <name>__mspabi_srli_5</name>
         <value>0xe400</value>
         <object_component_ref idref="oc-bb"/>
      </symbol>
      <symbol id="sm-486">
         <name>__mspabi_srli_2</name>
         <value>0xe40c</value>
         <object_component_ref idref="oc-bb"/>
      </symbol>
      <symbol id="sm-487">
         <name>__mspabi_srli_3</name>
         <value>0xe408</value>
         <object_component_ref idref="oc-bb"/>
      </symbol>
      <symbol id="sm-488">
         <name>__mspabi_srli_1</name>
         <value>0xe410</value>
         <object_component_ref idref="oc-bb"/>
      </symbol>
      <symbol id="sm-489">
         <name>__mspabi_srli</name>
         <value>0xe3ca</value>
         <object_component_ref idref="oc-bb"/>
      </symbol>
      <symbol id="sm-48a">
         <name>__mspabi_srli_15</name>
         <value>0xe3d8</value>
         <object_component_ref idref="oc-bb"/>
      </symbol>
      <symbol id="sm-48b">
         <name>__mspabi_srli_14</name>
         <value>0xe3dc</value>
         <object_component_ref idref="oc-bb"/>
      </symbol>
      <symbol id="sm-48c">
         <name>__mspabi_srli_13</name>
         <value>0xe3e0</value>
         <object_component_ref idref="oc-bb"/>
      </symbol>
      <symbol id="sm-48d">
         <name>__mspabi_srli_12</name>
         <value>0xe3e4</value>
         <object_component_ref idref="oc-bb"/>
      </symbol>
      <symbol id="sm-48e">
         <name>__mspabi_srli_11</name>
         <value>0xe3e8</value>
         <object_component_ref idref="oc-bb"/>
      </symbol>
      <symbol id="sm-48f">
         <name>__mspabi_srli_10</name>
         <value>0xe3ec</value>
         <object_component_ref idref="oc-bb"/>
      </symbol>
      <symbol id="sm-499">
         <name>__mspabi_mpyi_sw</name>
         <value>0xeaba</value>
         <object_component_ref idref="oc-32a"/>
      </symbol>
      <symbol id="sm-49a">
         <name>__mspabi_mpyi</name>
         <value>0xeaba</value>
         <object_component_ref idref="oc-32a"/>
      </symbol>
      <symbol id="sm-4aa">
         <name>_stack</name>
         <value>0x3b0</value>
         <object_component_ref idref="oc-b2"/>
      </symbol>
      <symbol id="sm-4ab">
         <name>_c_int00_noargs</name>
         <value>0xea28</value>
         <object_component_ref idref="oc-106"/>
      </symbol>
      <symbol id="sm-4ac">
         <name>_reset_vector</name>
         <value>0xfffe</value>
         <object_component_ref idref="oc-b5"/>
      </symbol>
      <symbol id="sm-4ce">
         <name>__TI_auto_init_nobinit_nopinit</name>
         <value>0xe606</value>
         <object_component_ref idref="oc-260"/>
      </symbol>
      <symbol id="sm-4e1">
         <name>__TI_zero_init_nomemset</name>
         <value>0xeaa6</value>
         <object_component_ref idref="oc-f4"/>
      </symbol>
      <symbol id="sm-4ec">
         <name>_system_pre_init</name>
         <value>0xeb36</value>
         <object_component_ref idref="oc-163"/>
      </symbol>
      <symbol id="sm-4f5">
         <name>_system_post_cinit</name>
         <value>0xeb3a</value>
         <object_component_ref idref="oc-377"/>
      </symbol>
      <symbol id="sm-50b">
         <name>__TI_decompress_none</name>
         <value>0xeace</value>
         <object_component_ref idref="oc-3b"/>
      </symbol>
      <symbol id="sm-52e">
         <name>__TI_decompress_lzss</name>
         <value>0xe086</value>
         <object_component_ref idref="oc-35"/>
      </symbol>
      <symbol id="sm-548">
         <name>__mspabi_cvtdf</name>
         <value>0xdd60</value>
         <object_component_ref idref="oc-350"/>
      </symbol>
      <symbol id="sm-582">
         <name>__mspabi_addd</name>
         <value>0xc000</value>
         <object_component_ref idref="oc-34a"/>
      </symbol>
      <symbol id="sm-593">
         <name>__mspabi_cvtfd</name>
         <value>0xe102</value>
         <object_component_ref idref="oc-338"/>
      </symbol>
      <symbol id="sm-59c">
         <name>__mspabi_fltid</name>
         <value>0xeb10</value>
         <object_component_ref idref="oc-33e"/>
      </symbol>
      <symbol id="sm-5b8">
         <name>__mspabi_fltlid</name>
         <value>0xde14</value>
         <object_component_ref idref="oc-3dd"/>
      </symbol>
      <symbol id="sm-5de">
         <name>__mspabi_mpyd</name>
         <value>0xcaa8</value>
         <object_component_ref idref="oc-344"/>
      </symbol>
      <symbol id="sm-5e8">
         <name>C$$EXIT</name>
         <value>0xeb24</value>
         <object_component_ref idref="oc-254"/>
      </symbol>
      <symbol id="sm-5e9">
         <name>abort</name>
         <value>0xeb24</value>
         <object_component_ref idref="oc-254"/>
      </symbol>
      <symbol id="sm-5fa">
         <name>memcmp</name>
         <value>0xe988</value>
         <object_component_ref idref="oc-3b9"/>
      </symbol>
      <symbol id="sm-608">
         <name>memcpy</name>
         <value>0xeae0</value>
         <object_component_ref idref="oc-d0"/>
      </symbol>
      <symbol id="sm-615">
         <name>strlen</name>
         <value>0xeb02</value>
         <object_component_ref idref="oc-3b3"/>
      </symbol>
      <symbol id="sm-625">
         <name>strncpy</name>
         <value>0xe8ca</value>
         <object_component_ref idref="oc-2ff"/>
      </symbol>
      <symbol id="sm-638">
         <name>strstr</name>
         <value>0xe7aa</value>
         <object_component_ref idref="oc-2ae"/>
      </symbol>
      <symbol id="sm-640">
         <name>__mspabi_sral_15</name>
         <value>0xe68a</value>
         <object_component_ref idref="oc-3d1"/>
      </symbol>
      <symbol id="sm-641">
         <name>__mspabi_sral_14</name>
         <value>0xe68e</value>
         <object_component_ref idref="oc-3d1"/>
      </symbol>
      <symbol id="sm-642">
         <name>__mspabi_sral_13</name>
         <value>0xe692</value>
         <object_component_ref idref="oc-3d1"/>
      </symbol>
      <symbol id="sm-643">
         <name>__mspabi_sral_12</name>
         <value>0xe696</value>
         <object_component_ref idref="oc-3d1"/>
      </symbol>
      <symbol id="sm-644">
         <name>__mspabi_sral_11</name>
         <value>0xe69a</value>
         <object_component_ref idref="oc-3d1"/>
      </symbol>
      <symbol id="sm-645">
         <name>__mspabi_sral_10</name>
         <value>0xe69e</value>
         <object_component_ref idref="oc-3d1"/>
      </symbol>
      <symbol id="sm-646">
         <name>__mspabi_sral_8</name>
         <value>0xe6a6</value>
         <object_component_ref idref="oc-3d1"/>
      </symbol>
      <symbol id="sm-647">
         <name>__mspabi_sral_9</name>
         <value>0xe6a2</value>
         <object_component_ref idref="oc-3d1"/>
      </symbol>
      <symbol id="sm-648">
         <name>__mspabi_sral_6</name>
         <value>0xe6ae</value>
         <object_component_ref idref="oc-3d1"/>
      </symbol>
      <symbol id="sm-649">
         <name>__mspabi_sral_7</name>
         <value>0xe6aa</value>
         <object_component_ref idref="oc-3d1"/>
      </symbol>
      <symbol id="sm-64a">
         <name>__mspabi_sral_4</name>
         <value>0xe6b6</value>
         <object_component_ref idref="oc-3d1"/>
      </symbol>
      <symbol id="sm-64b">
         <name>__mspabi_sral_5</name>
         <value>0xe6b2</value>
         <object_component_ref idref="oc-3d1"/>
      </symbol>
      <symbol id="sm-64c">
         <name>__mspabi_sral_2</name>
         <value>0xe6be</value>
         <object_component_ref idref="oc-3d1"/>
      </symbol>
      <symbol id="sm-64d">
         <name>__mspabi_sral_3</name>
         <value>0xe6ba</value>
         <object_component_ref idref="oc-3d1"/>
      </symbol>
      <symbol id="sm-64e">
         <name>__mspabi_sral_1</name>
         <value>0xe6c2</value>
         <object_component_ref idref="oc-3d1"/>
      </symbol>
      <symbol id="sm-656">
         <name>__mspabi_slll_9</name>
         <value>0xe6e0</value>
         <object_component_ref idref="oc-3ff"/>
      </symbol>
      <symbol id="sm-657">
         <name>__mspabi_slll_8</name>
         <value>0xe6e4</value>
         <object_component_ref idref="oc-3ff"/>
      </symbol>
      <symbol id="sm-658">
         <name>__mspabi_slll_7</name>
         <value>0xe6e8</value>
         <object_component_ref idref="oc-3ff"/>
      </symbol>
      <symbol id="sm-659">
         <name>__mspabi_slll_6</name>
         <value>0xe6ec</value>
         <object_component_ref idref="oc-3ff"/>
      </symbol>
      <symbol id="sm-65a">
         <name>__mspabi_slll_5</name>
         <value>0xe6f0</value>
         <object_component_ref idref="oc-3ff"/>
      </symbol>
      <symbol id="sm-65b">
         <name>__mspabi_slll_4</name>
         <value>0xe6f4</value>
         <object_component_ref idref="oc-3ff"/>
      </symbol>
      <symbol id="sm-65c">
         <name>__mspabi_slll_3</name>
         <value>0xe6f8</value>
         <object_component_ref idref="oc-3ff"/>
      </symbol>
      <symbol id="sm-65d">
         <name>__mspabi_slll_2</name>
         <value>0xe6fc</value>
         <object_component_ref idref="oc-3ff"/>
      </symbol>
      <symbol id="sm-65e">
         <name>__mspabi_slll_1</name>
         <value>0xe700</value>
         <object_component_ref idref="oc-3ff"/>
      </symbol>
      <symbol id="sm-65f">
         <name>__mspabi_slll_15</name>
         <value>0xe6c8</value>
         <object_component_ref idref="oc-3ff"/>
      </symbol>
      <symbol id="sm-660">
         <name>__mspabi_slll_14</name>
         <value>0xe6cc</value>
         <object_component_ref idref="oc-3ff"/>
      </symbol>
      <symbol id="sm-661">
         <name>__mspabi_slll_13</name>
         <value>0xe6d0</value>
         <object_component_ref idref="oc-3ff"/>
      </symbol>
      <symbol id="sm-662">
         <name>__mspabi_slll_12</name>
         <value>0xe6d4</value>
         <object_component_ref idref="oc-3ff"/>
      </symbol>
      <symbol id="sm-663">
         <name>__mspabi_slll_11</name>
         <value>0xe6d8</value>
         <object_component_ref idref="oc-3ff"/>
      </symbol>
      <symbol id="sm-664">
         <name>__mspabi_slll_10</name>
         <value>0xe6dc</value>
         <object_component_ref idref="oc-3ff"/>
      </symbol>
      <symbol id="sm-66c">
         <name>__mspabi_srll_8</name>
         <value>0xe33c</value>
         <object_component_ref idref="oc-443"/>
      </symbol>
      <symbol id="sm-66d">
         <name>__mspabi_srll_9</name>
         <value>0xe336</value>
         <object_component_ref idref="oc-443"/>
      </symbol>
      <symbol id="sm-66e">
         <name>__mspabi_srll_6</name>
         <value>0xe348</value>
         <object_component_ref idref="oc-443"/>
      </symbol>
      <symbol id="sm-66f">
         <name>__mspabi_srll_7</name>
         <value>0xe342</value>
         <object_component_ref idref="oc-443"/>
      </symbol>
      <symbol id="sm-670">
         <name>__mspabi_srll_4</name>
         <value>0xe354</value>
         <object_component_ref idref="oc-443"/>
      </symbol>
      <symbol id="sm-671">
         <name>__mspabi_srll_5</name>
         <value>0xe34e</value>
         <object_component_ref idref="oc-443"/>
      </symbol>
      <symbol id="sm-672">
         <name>__mspabi_srll_2</name>
         <value>0xe360</value>
         <object_component_ref idref="oc-443"/>
      </symbol>
      <symbol id="sm-673">
         <name>__mspabi_srll_3</name>
         <value>0xe35a</value>
         <object_component_ref idref="oc-443"/>
      </symbol>
      <symbol id="sm-674">
         <name>__mspabi_srll_1</name>
         <value>0xe366</value>
         <object_component_ref idref="oc-443"/>
      </symbol>
      <symbol id="sm-675">
         <name>__mspabi_srll_15</name>
         <value>0xe312</value>
         <object_component_ref idref="oc-443"/>
      </symbol>
      <symbol id="sm-676">
         <name>__mspabi_srll_14</name>
         <value>0xe318</value>
         <object_component_ref idref="oc-443"/>
      </symbol>
      <symbol id="sm-677">
         <name>__mspabi_srll_13</name>
         <value>0xe31e</value>
         <object_component_ref idref="oc-443"/>
      </symbol>
      <symbol id="sm-678">
         <name>__mspabi_srll_12</name>
         <value>0xe324</value>
         <object_component_ref idref="oc-443"/>
      </symbol>
      <symbol id="sm-679">
         <name>__mspabi_srll_11</name>
         <value>0xe32a</value>
         <object_component_ref idref="oc-443"/>
      </symbol>
      <symbol id="sm-67a">
         <name>__mspabi_srll_10</name>
         <value>0xe330</value>
         <object_component_ref idref="oc-443"/>
      </symbol>
      <symbol id="sm-688">
         <name>__mspabi_srall</name>
         <value>0xe416</value>
         <object_component_ref idref="oc-3f1"/>
      </symbol>
      <symbol id="sm-695">
         <name>__mspabi_sllll</name>
         <value>0xe5c2</value>
         <object_component_ref idref="oc-3f7"/>
      </symbol>
      <symbol id="sm-6a2">
         <name>__mspabi_srlll</name>
         <value>0xe4f0</value>
         <object_component_ref idref="oc-454"/>
      </symbol>
      <symbol id="sm-6ad">
         <name>__TI_frcmpyd</name>
         <value>0xd45a</value>
         <object_component_ref idref="oc-3e4"/>
      </symbol>
      <symbol id="sm-6b5">
         <name>__mspabi_mpyull_sw</name>
         <value>0xea0a</value>
         <object_component_ref idref="oc-44f"/>
      </symbol>
      <symbol id="sm-6b6">
         <name>__mspabi_mpyull</name>
         <value>0xea0a</value>
         <object_component_ref idref="oc-44f"/>
      </symbol>
      <symbol id="sm-6be">
         <name>__mspabi_mpyll</name>
         <value>0xd81c</value>
         <object_component_ref idref="oc-44a"/>
      </symbol>
      <symbol id="sm-6bf">
         <name>__mspabi_mpyll_sw</name>
         <value>0xd81c</value>
         <object_component_ref idref="oc-44a"/>
      </symbol>
      <symbol id="sm-6ca">
         <name>__mspabi_mpyul_sw</name>
         <value>0xe966</value>
         <object_component_ref idref="oc-481"/>
      </symbol>
      <symbol id="sm-6cb">
         <name>__mspabi_mpyul</name>
         <value>0xe966</value>
         <object_component_ref idref="oc-481"/>
      </symbol>
      <symbol id="sm-6d5">
         <name>__mspabi_mpyl_sw</name>
         <value>0xe91c</value>
         <object_component_ref idref="oc-47c"/>
      </symbol>
      <symbol id="sm-6d6">
         <name>__mspabi_mpyl</name>
         <value>0xe91c</value>
         <object_component_ref idref="oc-47c"/>
      </symbol>
   </symbol_table>
   <title>Link successful</title>
</link_info>
